<html>
<body>
<pre>
<h1>µVision Build Log</h1>
<h2>Tool Versions:</h2>
IDE-Version: µVision V5.36.0.0
Copyright (C) 2021 ARM Ltd and ARM Germany GmbH. All rights reserved.
License Information: Faisal Tariq Maxim / Analog devices Flex license: MDK Professional 5.36 (Flex) (mdk_pro) Operation stops: 19 Oct 2023
 
Tool Versions:
Toolchain:       MDK Professional 5.36 (Flex)  Version: 5.36.0.0
Toolchain Path:  C:\Keil_v5_536\ARM\ARMCC\Bin
C Compiler:      Armcc.exe V5.06 update 7 (build 960)
Assembler:       Armasm.exe V5.06 update 7 (build 960)
Linker/Locator:  ArmLink.exe V5.06 update 7 (build 960)
Library Manager: ArmAr.exe V5.06 update 7 (build 960)
Hex Converter:   FromElf.exe V5.06 update 7 (build 960)
CPU DLL:         SARMCM3.DLL V5.36.0.0
Dialog DLL:      DCM.DLL V1.17.3.0
Target DLL:      CMSIS_AGDI.dll V1.33.0.0
Dialog DLL:      TCM.DLL V1.53.0.0
 
<h2>Project:</h2>
C:\Users\faisal.tariq\Desktop\me17_MAX32655_\MAX32655_PACK\Examples\MAX32655\BLE_datc\ARM\BTLE_datc.uvprojx
Project File Date:  01/10/2022

<h2>Output:</h2>
*** Using Compiler 'V5.06 update 7 (build 960)', folder: 'C:\Keil_v5_536\ARM\ARMCC\Bin'
Rebuild target 'Flash Debug'
compiling stack_datc.c...
compiling datc_main.c...
..\datc_main.c(469): warning:  #177-D: variable "pReportName"  was declared but never referenced
    uint8_t *pReportName;
..\datc_main.c(470): warning:  #177-D: variable "lenPrintName"  was declared but never referenced
    unsigned int lenPrintName;
..\datc_main.c(471): warning:  #177-D: variable "lenReportName"  was declared but never referenced
    unsigned int lenReportName;
..\datc_main.c(472): warning:  #177-D: variable "iPrintName"  was declared but never referenced
    unsigned int iPrintName;
..\datc_main.c(473): warning:  #177-D: variable "iReportName"  was declared but never referenced
    unsigned int iReportName;
..\datc_main.c(474): warning:  #177-D: variable "strPrintName"  was declared but never referenced
    char strPrintName[32];
..\datc_main.c: 6 warnings, 0 errors
compiling main.c...
compiling led.c...
compiling board.c...
compiling hidapp_main.c...
compiling pb.c...
compiling stdio.c...
compiling hci_tr.c...
compiling hci_core.c...
compiling hci_cmd.c...
compiling hci_cmd_ae.c...
compiling hci_cmd_bis.c...
compiling hci_cmd_cis.c...
compiling hci_cmd_enc.c...
compiling hci_cmd_cte.c...
compiling hci_cmd_master_ae.c...
compiling hci_cmd_master.c...
compiling hci_cmd_past.c...
compiling hci_cmd_phy.c...
compiling hci_core_ps.c...
compiling hci_evt.c...
compiling sec_aes.c...
compiling hci_vs_ae.c...
compiling hci_vs.c...
compiling sec_cmac_hci.c...
compiling sec_aes_rev.c...
compiling sec_ccm_hci.c...
compiling sec_main.c...
compiling sec_ecc_hci.c...
compiling att_uuid.c...
compiling att_eatt.c...
C:\Users\faisal.tariq\AppData\Local\Arm\Packs_536\Maxim\MAX32655\1.0.0\Libraries\Cordio\ble-host\include\eatt_api.h(171): warning:  #1295-D: Deprecated declaration EattsInit - give arg types
  void EattsInit();
C:\Users\faisal.tariq\AppData\Local\Arm\Packs_536\Maxim\MAX32655\1.0.0\Libraries\Cordio\ble-host\include\eatt_api.h(403): warning:  #1295-D: Deprecated declaration EattcInit - give arg types
  void EattcInit();
C:\Users\faisal.tariq\AppData\Local\Arm\Packs_536\Maxim\MAX32655\1.0.0\Libraries\Cordio\ble-host\sources\stack\att\att_eatt.c: 2 warnings, 0 errors
compiling att_main.c...
C:\Users\faisal.tariq\AppData\Local\Arm\Packs_536\Maxim\MAX32655\1.0.0\Libraries\Cordio\ble-host\include\eatt_api.h(171): warning:  #1295-D: Deprecated declaration EattsInit - give arg types
  void EattsInit();
C:\Users\faisal.tariq\AppData\Local\Arm\Packs_536\Maxim\MAX32655\1.0.0\Libraries\Cordio\ble-host\include\eatt_api.h(403): warning:  #1295-D: Deprecated declaration EattcInit - give arg types
  void EattcInit();
C:\Users\faisal.tariq\AppData\Local\Arm\Packs_536\Maxim\MAX32655\1.0.0\Libraries\Cordio\ble-host\sources\stack\att\att_main.c: 2 warnings, 0 errors
compiling attc_disc.c...
compiling attc_eatt.c...
C:\Users\faisal.tariq\AppData\Local\Arm\Packs_536\Maxim\MAX32655\1.0.0\Libraries\Cordio\ble-host\include\eatt_api.h(171): warning:  #1295-D: Deprecated declaration EattsInit - give arg types
  void EattsInit();
C:\Users\faisal.tariq\AppData\Local\Arm\Packs_536\Maxim\MAX32655\1.0.0\Libraries\Cordio\ble-host\include\eatt_api.h(403): warning:  #1295-D: Deprecated declaration EattcInit - give arg types
  void EattcInit();
C:\Users\faisal.tariq\AppData\Local\Arm\Packs_536\Maxim\MAX32655\1.0.0\Libraries\Cordio\ble-host\sources\stack\att\attc_eatt.c(87): warning:  #1293-D: assignment in condition
        if ((pCcb = attcCcbByConnId(connId, slot)))
C:\Users\faisal.tariq\AppData\Local\Arm\Packs_536\Maxim\MAX32655\1.0.0\Libraries\Cordio\ble-host\sources\stack\att\attc_eatt.c: 3 warnings, 0 errors
compiling attc_main.c...
compiling attc_read.c...
compiling attc_proc.c...
compiling attc_write.c...
compiling attc_sign.c...
compiling atts_ccc.c...
compiling atts_csf.c...
compiling atts_dyn.c...
compiling atts_eatt.c...
C:\Users\faisal.tariq\AppData\Local\Arm\Packs_536\Maxim\MAX32655\1.0.0\Libraries\Cordio\ble-host\include\eatt_api.h(171): warning:  #1295-D: Deprecated declaration EattsInit - give arg types
  void EattsInit();
C:\Users\faisal.tariq\AppData\Local\Arm\Packs_536\Maxim\MAX32655\1.0.0\Libraries\Cordio\ble-host\include\eatt_api.h(403): warning:  #1295-D: Deprecated declaration EattcInit - give arg types
  void EattcInit();
C:\Users\faisal.tariq\AppData\Local\Arm\Packs_536\Maxim\MAX32655\1.0.0\Libraries\Cordio\ble-host\sources\stack\att\atts_eatt.c: 2 warnings, 0 errors
compiling atts_main.c...
compiling atts_ind.c...
compiling atts_proc.c...
compiling atts_sign.c...
compiling atts_read.c...
compiling atts_write.c...
compiling cfg_stack.c...
compiling dm_adv.c...
compiling dm_adv_ae.c...
compiling dm_adv_leg.c...
compiling dm_bis_master.c...
compiling dm_cis.c...
compiling dm_bis_slave.c...
compiling dm_cis_master.c...
compiling dm_cis_sm.c...
compiling dm_cis_slave.c...
compiling dm_conn.c...
compiling dm_conn_master.c...
compiling dm_conn_cte.c...
compiling dm_conn_master_ae.c...
compiling dm_conn_master_leg.c...
compiling dm_conn_slave.c...
compiling dm_conn_slave_ae.c...
compiling dm_conn_slave_leg.c...
compiling dm_conn_sm.c...
compiling dm_dev.c...
compiling dm_dev_priv.c...
compiling dm_past.c...
compiling dm_main.c...
compiling dm_phy.c...
compiling dm_priv.c...
compiling dm_scan.c...
compiling dm_scan_ae.c...
compiling dm_scan_leg.c...
compiling dm_sec.c...
compiling dm_sec_master.c...
compiling dm_sec_lesc.c...
compiling dm_sec_slave.c...
compiling hci_main.c...
compiling dm_sync_ae.c...
compiling l2c_main.c...
compiling l2c_master.c...
compiling l2c_coc.c...
C:\Users\faisal.tariq\AppData\Local\Arm\Packs_536\Maxim\MAX32655\1.0.0\Libraries\Cordio\ble-host\sources\stack\l2c\l2c_coc.c(1899): warning:  #550-D: variable "connId"  was set but never used
    dmConnId_t            connId;
C:\Users\faisal.tariq\AppData\Local\Arm\Packs_536\Maxim\MAX32655\1.0.0\Libraries\Cordio\ble-host\sources\stack\l2c\l2c_coc.c: 1 warning, 0 errors
compiling l2c_slave.c...
compiling smp_db.c...
compiling smp_act.c...
compiling smp_non.c...
compiling smp_main.c...
compiling smp_sc_act.c...
compiling smp_sc_main.c...
compiling smpi_act.c...
compiling smpi_sc_act.c...
compiling smpi_sc_sm.c...
compiling smpi_sm.c...
compiling smpr_act.c...
compiling smpr_sc_sm.c...
compiling smpr_sm.c...
compiling smpr_sc_act.c...
compiling app_main.c...
compiling app_disc.c...
compiling app_master.c...
compiling app_master_ae.c...
compiling app_master_leg.c...
compiling app_server.c...
compiling app_slave.c...
compiling app_slave_ae.c...
compiling app_slave_leg.c...
compiling app_hw.c...
compiling app_terminal.c...
compiling app_db.c...
compiling app_ui.c...
compiling ui_console.c...
compiling ui_lcd.c...
compiling ui_main.c...
compiling ui_platform.c...
compiling anpc_main.c...
compiling ui_timer.c...
compiling atps_main.c...
compiling bas_main.c...
compiling atpc_main.c...
compiling cpps_main.c...
compiling blpc_main.c...
compiling blps_main.c...
compiling fmpl_main.c...
compiling cscps_main.c...
compiling dis_main.c...
compiling gap_main.c...
compiling glpc_main.c...
compiling gatt_main.c...
compiling glps_db.c...
compiling hid_main.c...
compiling glps_main.c...
compiling hrpc_main.c...
compiling hrps_main.c...
compiling htpc_main.c...
compiling htps_main.c...
compiling paspc_main.c...
compiling plxps_db.c...
compiling plxpc_main.c...
compiling rscps_main.c...
compiling scpps_main.c...
compiling plxps_main.c...
compiling gyro_main.c...
compiling tipc_main.c...
compiling temp_main.c...
compiling wdxc_ft.c...
Warning: C9529W: Failed to move or copy license cache file from C:\Users\FAISAL~1.TAR\AppData\Local\Temp\Cache.mdkpro5.0202006V227b0ce0a367ef9234e93064a.liccache.19804 to C:\Users\FAISAL~1.TAR\AppData\Local\Temp\Cache.mdkpro5.0202006V227b0ce0a367ef9234e93064a.liccache. Error 5: 
compiling udsc_main.c...
Warning: C9529W: Failed to move or copy license cache file from C:\Users\FAISAL~1.TAR\AppData\Local\Temp\Cache.mdkpro5.0202006V227b0ce0a367ef9234e93064a.liccache.3964 to C:\Users\FAISAL~1.TAR\AppData\Local\Temp\Cache.mdkpro5.0202006V227b0ce0a367ef9234e93064a.liccache. Error 5: 
compiling uricfg_main.c...
Warning: C9529W: Failed to move or copy license cache file from C:\Users\FAISAL~1.TAR\AppData\Local\Temp\Cache.mdkpro5.0202006V227b0ce0a367ef9234e93064a.liccache.17472 to C:\Users\FAISAL~1.TAR\AppData\Local\Temp\Cache.mdkpro5.0202006V227b0ce0a367ef9234e93064a.liccache. Error 5: 
compiling wdxs_au.c...
compiling wdxc_stream.c...
compiling wdxc_main.c...
compiling wdxs_dc.c...
compiling wdxs_main.c...
compiling wdxs_ft.c...
compiling wdxs_phy.c...
compiling wdxs_stream.c...
compiling wpc_main.c...
compiling wspc_main.c...
compiling svc_alert.c...
compiling wsps_main.c...
compiling svc_batt.c...
compiling svc_core.c...
compiling svc_cps.c...
compiling svc_bps.c...
compiling svc_cte.c...
compiling svc_cscs.c...
compiling svc_dis.c...
compiling svc_gls.c...
compiling svc_gyro.c...
compiling svc_hid.c...
compiling svc_hrs.c...
compiling svc_hts.c...
compiling svc_ipss.c...
compiling svc_plxs.c...
compiling svc_px.c...
compiling svc_rscs.c...
compiling svc_scpss.c...
compiling svc_temp.c...
compiling svc_time.c...
compiling svc_wp.c...
compiling svc_wdxs.c...
compiling svc_uricfg.c...
compiling bb_ble_adv_master.c...
C:\Users\faisal.tariq\AppData\Local\Arm\Packs_536\Maxim\MAX32655\1.0.0\Libraries\Cordio\controller\sources\ble\bb\bb_ble_int.h(138): warning:  #188-D: enumerated type mixed with another type
    PalBbBleOpParam_t opParams = { 0 };
C:\Users\faisal.tariq\AppData\Local\Arm\Packs_536\Maxim\MAX32655\1.0.0\Libraries\Cordio\controller\sources\ble\bb\bb_ble_adv_master.c: 1 warning, 0 errors
compiling svc_wss.c...
compiling bb_ble_adv_master_ae.c...
C:\Users\faisal.tariq\AppData\Local\Arm\Packs_536\Maxim\MAX32655\1.0.0\Libraries\Cordio\controller\sources\ble\bb\bb_ble_int.h(138): warning:  #188-D: enumerated type mixed with another type
    PalBbBleOpParam_t opParams = { 0 };
C:\Users\faisal.tariq\AppData\Local\Arm\Packs_536\Maxim\MAX32655\1.0.0\Libraries\Cordio\controller\sources\ble\bb\bb_ble_adv_master_ae.c: 1 warning, 0 errors
compiling bb_ble_adv_slave_ae.c...
C:\Users\faisal.tariq\AppData\Local\Arm\Packs_536\Maxim\MAX32655\1.0.0\Libraries\Cordio\controller\sources\ble\bb\bb_ble_int.h(138): warning:  #188-D: enumerated type mixed with another type
    PalBbBleOpParam_t opParams = { 0 };
C:\Users\faisal.tariq\AppData\Local\Arm\Packs_536\Maxim\MAX32655\1.0.0\Libraries\Cordio\controller\sources\ble\bb\bb_ble_adv_slave_ae.c: 1 warning, 0 errors
compiling bb_ble_bis_master.c...
C:\Users\faisal.tariq\AppData\Local\Arm\Packs_536\Maxim\MAX32655\1.0.0\Libraries\Cordio\controller\sources\ble\bb\bb_ble_int.h(138): warning:  #188-D: enumerated type mixed with another type
    PalBbBleOpParam_t opParams = { 0 };
C:\Users\faisal.tariq\AppData\Local\Arm\Packs_536\Maxim\MAX32655\1.0.0\Libraries\Cordio\controller\sources\ble\bb\bb_ble_bis_master.c: 1 warning, 0 errors
compiling bb_ble_adv_slave.c...
C:\Users\faisal.tariq\AppData\Local\Arm\Packs_536\Maxim\MAX32655\1.0.0\Libraries\Cordio\controller\sources\ble\bb\bb_ble_int.h(138): warning:  #188-D: enumerated type mixed with another type
    PalBbBleOpParam_t opParams = { 0 };
C:\Users\faisal.tariq\AppData\Local\Arm\Packs_536\Maxim\MAX32655\1.0.0\Libraries\Cordio\controller\sources\ble\bb\bb_ble_adv_slave.c: 1 warning, 0 errors
compiling bb_ble_bis_slave.c...
C:\Users\faisal.tariq\AppData\Local\Arm\Packs_536\Maxim\MAX32655\1.0.0\Libraries\Cordio\controller\sources\ble\bb\bb_ble_int.h(138): warning:  #188-D: enumerated type mixed with another type
    PalBbBleOpParam_t opParams = { 0 };
C:\Users\faisal.tariq\AppData\Local\Arm\Packs_536\Maxim\MAX32655\1.0.0\Libraries\Cordio\controller\sources\ble\bb\bb_ble_bis_slave.c: 1 warning, 0 errors
compiling bb_ble_cis.c...
C:\Users\faisal.tariq\AppData\Local\Arm\Packs_536\Maxim\MAX32655\1.0.0\Libraries\Cordio\controller\sources\ble\bb\bb_ble_int.h(138): warning:  #188-D: enumerated type mixed with another type
    PalBbBleOpParam_t opParams = { 0 };
C:\Users\faisal.tariq\AppData\Local\Arm\Packs_536\Maxim\MAX32655\1.0.0\Libraries\Cordio\controller\sources\ble\bb\bb_ble_cis.c: 1 warning, 0 errors
compiling bb_ble_cis_master.c...
C:\Users\faisal.tariq\AppData\Local\Arm\Packs_536\Maxim\MAX32655\1.0.0\Libraries\Cordio\controller\sources\ble\bb\bb_ble_int.h(138): warning:  #188-D: enumerated type mixed with another type
    PalBbBleOpParam_t opParams = { 0 };
C:\Users\faisal.tariq\AppData\Local\Arm\Packs_536\Maxim\MAX32655\1.0.0\Libraries\Cordio\controller\sources\ble\bb\bb_ble_cis_master.c: 1 warning, 0 errors
compiling bb_ble_conn.c...
C:\Users\faisal.tariq\AppData\Local\Arm\Packs_536\Maxim\MAX32655\1.0.0\Libraries\Cordio\controller\sources\ble\bb\bb_ble_int.h(138): warning:  #188-D: enumerated type mixed with another type
    PalBbBleOpParam_t opParams = { 0 };
C:\Users\faisal.tariq\AppData\Local\Arm\Packs_536\Maxim\MAX32655\1.0.0\Libraries\Cordio\controller\sources\ble\bb\bb_ble_conn.c: 1 warning, 0 errors
compiling bb_ble_cis_slave.c...
C:\Users\faisal.tariq\AppData\Local\Arm\Packs_536\Maxim\MAX32655\1.0.0\Libraries\Cordio\controller\sources\ble\bb\bb_ble_int.h(138): warning:  #188-D: enumerated type mixed with another type
    PalBbBleOpParam_t opParams = { 0 };
C:\Users\faisal.tariq\AppData\Local\Arm\Packs_536\Maxim\MAX32655\1.0.0\Libraries\Cordio\controller\sources\ble\bb\bb_ble_cis_slave.c: 1 warning, 0 errors
compiling bb_ble_conn_master.c...
C:\Users\faisal.tariq\AppData\Local\Arm\Packs_536\Maxim\MAX32655\1.0.0\Libraries\Cordio\controller\sources\ble\bb\bb_ble_int.h(138): warning:  #188-D: enumerated type mixed with another type
    PalBbBleOpParam_t opParams = { 0 };
C:\Users\faisal.tariq\AppData\Local\Arm\Packs_536\Maxim\MAX32655\1.0.0\Libraries\Cordio\controller\sources\ble\bb\bb_ble_conn_master.c: 1 warning, 0 errors
compiling bb_ble_dtm.c...
C:\Users\faisal.tariq\AppData\Local\Arm\Packs_536\Maxim\MAX32655\1.0.0\Libraries\Cordio\controller\sources\ble\bb\bb_ble_int.h(138): warning:  #188-D: enumerated type mixed with another type
    PalBbBleOpParam_t opParams = { 0 };
C:\Users\faisal.tariq\AppData\Local\Arm\Packs_536\Maxim\MAX32655\1.0.0\Libraries\Cordio\controller\sources\ble\bb\bb_ble_dtm.c: 1 warning, 0 errors
compiling bb_ble_conn_slave.c...
C:\Users\faisal.tariq\AppData\Local\Arm\Packs_536\Maxim\MAX32655\1.0.0\Libraries\Cordio\controller\sources\ble\bb\bb_ble_int.h(138): warning:  #188-D: enumerated type mixed with another type
    PalBbBleOpParam_t opParams = { 0 };
C:\Users\faisal.tariq\AppData\Local\Arm\Packs_536\Maxim\MAX32655\1.0.0\Libraries\Cordio\controller\sources\ble\bb\bb_ble_conn_slave.c: 1 warning, 0 errors
compiling bb_ble_main.c...
C:\Users\faisal.tariq\AppData\Local\Arm\Packs_536\Maxim\MAX32655\1.0.0\Libraries\Cordio\controller\sources\ble\bb\bb_ble_int.h(138): warning:  #188-D: enumerated type mixed with another type
    PalBbBleOpParam_t opParams = { 0 };
C:\Users\faisal.tariq\AppData\Local\Arm\Packs_536\Maxim\MAX32655\1.0.0\Libraries\Cordio\controller\sources\ble\bb\bb_ble_main.c: 1 warning, 0 errors
compiling bb_ble_periodiclist.c...
compiling bb_ble_pdufilt.c...
compiling bb_ble_reslist.c...
compiling bb_ble_whitelist.c...
compiling bb_ble_sniffer.c...
C:\Users\faisal.tariq\AppData\Local\Arm\Packs_536\Maxim\MAX32655\1.0.0\Libraries\Cordio\controller\sources\ble\bb\bb_ble_int.h(138): warning:  #188-D: enumerated type mixed with another type
    PalBbBleOpParam_t opParams = { 0 };
C:\Users\faisal.tariq\AppData\Local\Arm\Packs_536\Maxim\MAX32655\1.0.0\Libraries\Cordio\controller\sources\ble\bb\bb_ble_sniffer.c(51): warning:  #1295-D: Deprecated declaration bbSnifferGetPktVendorSpec - give arg types
  static BbBleSnifferPkt_t * bbSnifferGetPktVendorSpec();
C:\Users\faisal.tariq\AppData\Local\Arm\Packs_536\Maxim\MAX32655\1.0.0\Libraries\Cordio\controller\sources\ble\bb\bb_ble_sniffer.c: 2 warnings, 0 errors
compiling init_ctr.c...
compiling init.c...
compiling lctr_act_adv_master.c...
compiling lctr_act_adv_slave.c...
compiling lctr_act_adv_master_ae.c...
compiling lctr_act_adv_slave_ae.c...
compiling lctr_act_bis_master.c...
C:\Users\faisal.tariq\AppData\Local\Arm\Packs_536\Maxim\MAX32655\1.0.0\Libraries\Cordio\controller\sources\ble\lctr\lctr_act_bis_master.c(160): warning:  #188-D: enumerated type mixed with another type
      lctrSetupBisContext(pBisCtx, pBigInfo->seedAccAddr, pBigInfo->baseCrcInit, pBigInfo->chanMap, pBigInfo->phy);
C:\Users\faisal.tariq\AppData\Local\Arm\Packs_536\Maxim\MAX32655\1.0.0\Libraries\Cordio\controller\sources\ble\lctr\lctr_act_bis_master.c(185): warning:  #188-D: enumerated type mixed with another type
    lctrNotifyHostSyncLost(pBigCtx->handle, pBigCtx->bcp.term.reason);
C:\Users\faisal.tariq\AppData\Local\Arm\Packs_536\Maxim\MAX32655\1.0.0\Libraries\Cordio\controller\sources\ble\lctr\lctr_act_bis_master.c(265): warning:  #188-D: enumerated type mixed with another type
      lctrNotifyHostSyncLost(pBigCtx->handle, pBigCtx->roleData.mst.syncLostReason);
C:\Users\faisal.tariq\AppData\Local\Arm\Packs_536\Maxim\MAX32655\1.0.0\Libraries\Cordio\controller\sources\ble\lctr\lctr_act_bis_master.c: 3 warnings, 0 errors
compiling lctr_act_bis_slave.c...
compiling lctr_act_cis.c...
C:\Users\faisal.tariq\AppData\Local\Arm\Packs_536\Maxim\MAX32655\1.0.0\Libraries\Cordio\controller\sources\ble\include\lctr_api_cis.h(92): warning:  #1295-D: Deprecated declaration LctrCisSlvInit - give arg types
  void LctrCisSlvInit();
C:\Users\faisal.tariq\AppData\Local\Arm\Packs_536\Maxim\MAX32655\1.0.0\Libraries\Cordio\controller\sources\ble\lctr\lctr_int_cis.h(395): warning:  #1295-D: Deprecated declaration lctrGetNumAvailCisCtx - give arg types
  uint8_t lctrGetNumAvailCisCtx();
C:\Users\faisal.tariq\AppData\Local\Arm\Packs_536\Maxim\MAX32655\1.0.0\Libraries\Cordio\controller\sources\ble\lctr\lctr_int_cis.h(432): warning:  #1295-D: Deprecated declaration lctrGetNumAvailCigCtx - give arg types
  uint8_t lctrGetNumAvailCigCtx();
C:\Users\faisal.tariq\AppData\Local\Arm\Packs_536\Maxim\MAX32655\1.0.0\Libraries\Cordio\controller\sources\ble\lctr\lctr_int_cis.h(453): warning:  #1295-D: Deprecated declaration lctrCleanupCigCtx - give arg types
  void lctrCleanupCigCtx();
C:\Users\faisal.tariq\AppData\Local\Arm\Packs_536\Maxim\MAX32655\1.0.0\Libraries\Cordio\controller\sources\ble\lctr\lctr_act_cis.c: 4 warnings, 0 errors
compiling lctr_act_cis_slave.c...
C:\Users\faisal.tariq\AppData\Local\Arm\Packs_536\Maxim\MAX32655\1.0.0\Libraries\Cordio\controller\sources\ble\include\lctr_api_cis.h(92): warning:  #1295-D: Deprecated declaration LctrCisSlvInit - give arg types
  void LctrCisSlvInit();
C:\Users\faisal.tariq\AppData\Local\Arm\Packs_536\Maxim\MAX32655\1.0.0\Libraries\Cordio\controller\sources\ble\lctr\lctr_int_cis.h(395): warning:  #1295-D: Deprecated declaration lctrGetNumAvailCisCtx - give arg types
  uint8_t lctrGetNumAvailCisCtx();
C:\Users\faisal.tariq\AppData\Local\Arm\Packs_536\Maxim\MAX32655\1.0.0\Libraries\Cordio\controller\sources\ble\lctr\lctr_int_cis.h(432): warning:  #1295-D: Deprecated declaration lctrGetNumAvailCigCtx - give arg types
  uint8_t lctrGetNumAvailCigCtx();
C:\Users\faisal.tariq\AppData\Local\Arm\Packs_536\Maxim\MAX32655\1.0.0\Libraries\Cordio\controller\sources\ble\lctr\lctr_int_cis.h(453): warning:  #1295-D: Deprecated declaration lctrCleanupCigCtx - give arg types
  void lctrCleanupCigCtx();
C:\Users\faisal.tariq\AppData\Local\Arm\Packs_536\Maxim\MAX32655\1.0.0\Libraries\Cordio\controller\sources\ble\lctr\lctr_act_cis_slave.c(495): warning:  #550-D: variable "pCigCtx"  was set but never used
    lctrCigCtx_t *pCigCtx;
C:\Users\faisal.tariq\AppData\Local\Arm\Packs_536\Maxim\MAX32655\1.0.0\Libraries\Cordio\controller\sources\ble\lctr\lctr_act_cis_slave.c: 5 warnings, 0 errors
compiling lctr_act_cis_master.c...
C:\Users\faisal.tariq\AppData\Local\Arm\Packs_536\Maxim\MAX32655\1.0.0\Libraries\Cordio\controller\sources\ble\include\lctr_api_cis.h(92): warning:  #1295-D: Deprecated declaration LctrCisSlvInit - give arg types
  void LctrCisSlvInit();
C:\Users\faisal.tariq\AppData\Local\Arm\Packs_536\Maxim\MAX32655\1.0.0\Libraries\Cordio\controller\sources\ble\lctr\lctr_int_cis.h(395): warning:  #1295-D: Deprecated declaration lctrGetNumAvailCisCtx - give arg types
  uint8_t lctrGetNumAvailCisCtx();
C:\Users\faisal.tariq\AppData\Local\Arm\Packs_536\Maxim\MAX32655\1.0.0\Libraries\Cordio\controller\sources\ble\lctr\lctr_int_cis.h(432): warning:  #1295-D: Deprecated declaration lctrGetNumAvailCigCtx - give arg types
  uint8_t lctrGetNumAvailCigCtx();
C:\Users\faisal.tariq\AppData\Local\Arm\Packs_536\Maxim\MAX32655\1.0.0\Libraries\Cordio\controller\sources\ble\lctr\lctr_int_cis.h(453): warning:  #1295-D: Deprecated declaration lctrCleanupCigCtx - give arg types
  void lctrCleanupCigCtx();
C:\Users\faisal.tariq\AppData\Local\Arm\Packs_536\Maxim\MAX32655\1.0.0\Libraries\Cordio\controller\sources\ble\include\lctr_api_cis_master.h(40): warning:  #1295-D: Deprecated declaration LctrMstCisInit - give arg types
  void LctrMstCisInit();
C:\Users\faisal.tariq\AppData\Local\Arm\Packs_536\Maxim\MAX32655\1.0.0\Libraries\Cordio\controller\sources\ble\lctr\lctr_act_cis_master.c: 5 warnings, 0 errors
compiling lctr_act_conn_master.c...
compiling lctr_act_conn.c...
compiling lctr_act_conn_master_ae.c...
compiling lctr_act_conn_past.c...
compiling lctr_act_enc.c...
compiling lctr_act_enc_master.c...
compiling lctr_act_init_master_ae.c...
compiling lctr_act_init_master.c...
compiling lctr_act_pc.c...
compiling lctr_act_phy.c...
compiling lctr_isr_adv_master.c...
compiling lctr_isr_adv_slave.c...
compiling lctr_isr_adv_slave_ae.c...
compiling lctr_isr_adv_master_ae.c...
C:\Users\faisal.tariq\AppData\Local\Arm\Packs_536\Maxim\MAX32655\1.0.0\Libraries\Cordio\controller\sources\ble\lctr\lctr_isr_adv_master_ae.c(119): warning:  #188-D: enumerated type mixed with another type
    evt.phy        = pBigInfo->phy;
C:\Users\faisal.tariq\AppData\Local\Arm\Packs_536\Maxim\MAX32655\1.0.0\Libraries\Cordio\controller\sources\ble\lctr\lctr_isr_adv_master_ae.c(120): warning:  #188-D: enumerated type mixed with another type
    evt.framing    = pBigInfo->framing;
C:\Users\faisal.tariq\AppData\Local\Arm\Packs_536\Maxim\MAX32655\1.0.0\Libraries\Cordio\controller\sources\ble\lctr\lctr_isr_adv_master_ae.c: 2 warnings, 0 errors
compiling lctr_isr_bis_master.c...
C:\Users\faisal.tariq\AppData\Local\Arm\Packs_536\Maxim\MAX32655\1.0.0\Libraries\Cordio\controller\sources\ble\lctr\lctr_isr_bis_master.c(887): warning:  #546-D: transfer of control bypasses initialization of:
            variable "unsyncTimeUsec"  (declared at line 900)
        goto RxPostProcess;
        ^
C:\Users\faisal.tariq\AppData\Local\Arm\Packs_536\Maxim\MAX32655\1.0.0\Libraries\Cordio\controller\sources\ble\lctr\lctr_isr_bis_master.c: 1 warning, 0 errors
compiling lctr_isr_bis_slave.c...
compiling lctr_isr_cis.c...
C:\Users\faisal.tariq\AppData\Local\Arm\Packs_536\Maxim\MAX32655\1.0.0\Libraries\Cordio\controller\sources\ble\include\lctr_api_cis.h(92): warning:  #1295-D: Deprecated declaration LctrCisSlvInit - give arg types
  void LctrCisSlvInit();
C:\Users\faisal.tariq\AppData\Local\Arm\Packs_536\Maxim\MAX32655\1.0.0\Libraries\Cordio\controller\sources\ble\lctr\lctr_int_cis.h(395): warning:  #1295-D: Deprecated declaration lctrGetNumAvailCisCtx - give arg types
  uint8_t lctrGetNumAvailCisCtx();
C:\Users\faisal.tariq\AppData\Local\Arm\Packs_536\Maxim\MAX32655\1.0.0\Libraries\Cordio\controller\sources\ble\lctr\lctr_int_cis.h(432): warning:  #1295-D: Deprecated declaration lctrGetNumAvailCigCtx - give arg types
  uint8_t lctrGetNumAvailCigCtx();
C:\Users\faisal.tariq\AppData\Local\Arm\Packs_536\Maxim\MAX32655\1.0.0\Libraries\Cordio\controller\sources\ble\lctr\lctr_int_cis.h(453): warning:  #1295-D: Deprecated declaration lctrCleanupCigCtx - give arg types
  void lctrCleanupCigCtx();
C:\Users\faisal.tariq\AppData\Local\Arm\Packs_536\Maxim\MAX32655\1.0.0\Libraries\Cordio\controller\sources\ble\lctr\lctr_isr_cis.c: 4 warnings, 0 errors
compiling lctr_isr_cis_master.c...
C:\Users\faisal.tariq\AppData\Local\Arm\Packs_536\Maxim\MAX32655\1.0.0\Libraries\Cordio\controller\sources\ble\include\lctr_api_cis.h(92): warning:  #1295-D: Deprecated declaration LctrCisSlvInit - give arg types
  void LctrCisSlvInit();
C:\Users\faisal.tariq\AppData\Local\Arm\Packs_536\Maxim\MAX32655\1.0.0\Libraries\Cordio\controller\sources\ble\lctr\lctr_int_cis.h(395): warning:  #1295-D: Deprecated declaration lctrGetNumAvailCisCtx - give arg types
  uint8_t lctrGetNumAvailCisCtx();
C:\Users\faisal.tariq\AppData\Local\Arm\Packs_536\Maxim\MAX32655\1.0.0\Libraries\Cordio\controller\sources\ble\lctr\lctr_int_cis.h(432): warning:  #1295-D: Deprecated declaration lctrGetNumAvailCigCtx - give arg types
  uint8_t lctrGetNumAvailCigCtx();
C:\Users\faisal.tariq\AppData\Local\Arm\Packs_536\Maxim\MAX32655\1.0.0\Libraries\Cordio\controller\sources\ble\lctr\lctr_int_cis.h(453): warning:  #1295-D: Deprecated declaration lctrCleanupCigCtx - give arg types
  void lctrCleanupCigCtx();
C:\Users\faisal.tariq\AppData\Local\Arm\Packs_536\Maxim\MAX32655\1.0.0\Libraries\Cordio\controller\sources\ble\include\lctr_api_cis_master.h(40): warning:  #1295-D: Deprecated declaration LctrMstCisInit - give arg types
  void LctrMstCisInit();
C:\Users\faisal.tariq\AppData\Local\Arm\Packs_536\Maxim\MAX32655\1.0.0\Libraries\Cordio\controller\sources\ble\lctr\lctr_isr_cis_master.c: 5 warnings, 0 errors
compiling lctr_isr_conn.c...
compiling lctr_isr_cis_slave.c...
C:\Users\faisal.tariq\AppData\Local\Arm\Packs_536\Maxim\MAX32655\1.0.0\Libraries\Cordio\controller\sources\ble\include\lctr_api_cis.h(92): warning:  #1295-D: Deprecated declaration LctrCisSlvInit - give arg types
  void LctrCisSlvInit();
C:\Users\faisal.tariq\AppData\Local\Arm\Packs_536\Maxim\MAX32655\1.0.0\Libraries\Cordio\controller\sources\ble\lctr\lctr_int_cis.h(395): warning:  #1295-D: Deprecated declaration lctrGetNumAvailCisCtx - give arg types
  uint8_t lctrGetNumAvailCisCtx();
C:\Users\faisal.tariq\AppData\Local\Arm\Packs_536\Maxim\MAX32655\1.0.0\Libraries\Cordio\controller\sources\ble\lctr\lctr_int_cis.h(432): warning:  #1295-D: Deprecated declaration lctrGetNumAvailCigCtx - give arg types
  uint8_t lctrGetNumAvailCigCtx();
C:\Users\faisal.tariq\AppData\Local\Arm\Packs_536\Maxim\MAX32655\1.0.0\Libraries\Cordio\controller\sources\ble\lctr\lctr_int_cis.h(453): warning:  #1295-D: Deprecated declaration lctrCleanupCigCtx - give arg types
  void lctrCleanupCigCtx();
C:\Users\faisal.tariq\AppData\Local\Arm\Packs_536\Maxim\MAX32655\1.0.0\Libraries\Cordio\controller\sources\ble\lctr\lctr_isr_cis_slave.c: 4 warnings, 0 errors
compiling lctr_isr_conn_master.c...
compiling lctr_isr_init_master.c...
compiling lctr_isr_conn_slave.c...
compiling lctr_main.c...
compiling lctr_main_adv_master.c...
compiling lctr_isr_init_master_ae.c...
compiling lctr_main_adv_slave.c...
compiling lctr_main_adv_master_ae.c...
compiling lctr_main_adv_slave_ae.c...
compiling lctr_main_bis_master.c...
C:\Users\faisal.tariq\AppData\Local\Arm\Packs_536\Maxim\MAX32655\1.0.0\Libraries\Cordio\controller\sources\ble\lctr\lctr_main_bis_master.c(59): warning:  #188-D: enumerated type mixed with another type
        lctrMstBigExecuteSm(pBigCtx, pMsg->event);
C:\Users\faisal.tariq\AppData\Local\Arm\Packs_536\Maxim\MAX32655\1.0.0\Libraries\Cordio\controller\sources\ble\lctr\lctr_main_bis_master.c(69): warning:  #188-D: enumerated type mixed with another type
          lctrMstBigExecuteSm(&pLctrBigTbl[i], pMsg->event);
C:\Users\faisal.tariq\AppData\Local\Arm\Packs_536\Maxim\MAX32655\1.0.0\Libraries\Cordio\controller\sources\ble\lctr\lctr_main_bis_master.c(399): warning:  #188-D: enumerated type mixed with another type
    pBigCtx->framing = pBigInfo->framing;
C:\Users\faisal.tariq\AppData\Local\Arm\Packs_536\Maxim\MAX32655\1.0.0\Libraries\Cordio\controller\sources\ble\lctr\lctr_main_bis_master.c(414): warning:  #188-D: enumerated type mixed with another type
    pBigCtx->phy = pBigInfo->phy;
C:\Users\faisal.tariq\AppData\Local\Arm\Packs_536\Maxim\MAX32655\1.0.0\Libraries\Cordio\controller\sources\ble\lctr\lctr_main_bis_master.c: 4 warnings, 0 errors
compiling lctr_main_bis.c...
C:\Users\faisal.tariq\AppData\Local\Arm\Packs_536\Maxim\MAX32655\1.0.0\Libraries\Cordio\controller\sources\ble\lctr\lctr_main_bis.c(1064): warning:  #188-D: enumerated type mixed with another type
    pBisCtx->test.pldType = pldType;
C:\Users\faisal.tariq\AppData\Local\Arm\Packs_536\Maxim\MAX32655\1.0.0\Libraries\Cordio\controller\sources\ble\lctr\lctr_main_bis.c(1092): warning:  #188-D: enumerated type mixed with another type
    pBisCtx->test.pldType = pldType;
C:\Users\faisal.tariq\AppData\Local\Arm\Packs_536\Maxim\MAX32655\1.0.0\Libraries\Cordio\controller\sources\ble\lctr\lctr_main_bis.c: 2 warnings, 0 errors
compiling lctr_main_bis_slave.c...
C:\Users\faisal.tariq\AppData\Local\Arm\Packs_536\Maxim\MAX32655\1.0.0\Libraries\Cordio\controller\sources\ble\lctr\lctr_main_bis_slave.c(91): warning:  #188-D: enumerated type mixed with another type
    pBigCtx->packing      = pCreateBig->packing;
C:\Users\faisal.tariq\AppData\Local\Arm\Packs_536\Maxim\MAX32655\1.0.0\Libraries\Cordio\controller\sources\ble\lctr\lctr_main_bis_slave.c(169): warning:  #188-D: enumerated type mixed with another type
    pBigCtx->packing      = pCreateBigTest->packing;
C:\Users\faisal.tariq\AppData\Local\Arm\Packs_536\Maxim\MAX32655\1.0.0\Libraries\Cordio\controller\sources\ble\lctr\lctr_main_bis_slave.c(577): warning:  #188-D: enumerated type mixed with another type
        lctrSetupBisContext(pBisCtx, pBigCtx->seedAccAddr, pBigCtx->baseCrcInit, lmgrCb.chanClass, pBigCtx->phy);
C:\Users\faisal.tariq\AppData\Local\Arm\Packs_536\Maxim\MAX32655\1.0.0\Libraries\Cordio\controller\sources\ble\lctr\lctr_main_bis_slave.c(666): warning:  #188-D: enumerated type mixed with another type
        lctrSetupBisContext(pBisCtx, pBigCtx->seedAccAddr, pBigCtx->baseCrcInit, lmgrCb.chanClass, pBigCtx->phy);
C:\Users\faisal.tariq\AppData\Local\Arm\Packs_536\Maxim\MAX32655\1.0.0\Libraries\Cordio\controller\sources\ble\lctr\lctr_main_bis_slave.c: 4 warnings, 0 errors
compiling lctr_main_cis_slave.c...
C:\Users\faisal.tariq\AppData\Local\Arm\Packs_536\Maxim\MAX32655\1.0.0\Libraries\Cordio\controller\sources\ble\include\lctr_api_cis.h(92): warning:  #1295-D: Deprecated declaration LctrCisSlvInit - give arg types
  void LctrCisSlvInit();
C:\Users\faisal.tariq\AppData\Local\Arm\Packs_536\Maxim\MAX32655\1.0.0\Libraries\Cordio\controller\sources\ble\lctr\lctr_int_cis.h(395): warning:  #1295-D: Deprecated declaration lctrGetNumAvailCisCtx - give arg types
  uint8_t lctrGetNumAvailCisCtx();
C:\Users\faisal.tariq\AppData\Local\Arm\Packs_536\Maxim\MAX32655\1.0.0\Libraries\Cordio\controller\sources\ble\lctr\lctr_int_cis.h(432): warning:  #1295-D: Deprecated declaration lctrGetNumAvailCigCtx - give arg types
  uint8_t lctrGetNumAvailCigCtx();
C:\Users\faisal.tariq\AppData\Local\Arm\Packs_536\Maxim\MAX32655\1.0.0\Libraries\Cordio\controller\sources\ble\lctr\lctr_int_cis.h(453): warning:  #1295-D: Deprecated declaration lctrCleanupCigCtx - give arg types
  void lctrCleanupCigCtx();
C:\Users\faisal.tariq\AppData\Local\Arm\Packs_536\Maxim\MAX32655\1.0.0\Libraries\Cordio\controller\sources\ble\lctr\lctr_main_cis_slave.c: 4 warnings, 0 errors
compiling lctr_main_cis_master.c...
C:\Users\faisal.tariq\AppData\Local\Arm\Packs_536\Maxim\MAX32655\1.0.0\Libraries\Cordio\controller\sources\ble\include\lctr_api_cis.h(92): warning:  #1295-D: Deprecated declaration LctrCisSlvInit - give arg types
  void LctrCisSlvInit();
C:\Users\faisal.tariq\AppData\Local\Arm\Packs_536\Maxim\MAX32655\1.0.0\Libraries\Cordio\controller\sources\ble\lctr\lctr_int_cis.h(395): warning:  #1295-D: Deprecated declaration lctrGetNumAvailCisCtx - give arg types
  uint8_t lctrGetNumAvailCisCtx();
C:\Users\faisal.tariq\AppData\Local\Arm\Packs_536\Maxim\MAX32655\1.0.0\Libraries\Cordio\controller\sources\ble\lctr\lctr_int_cis.h(432): warning:  #1295-D: Deprecated declaration lctrGetNumAvailCigCtx - give arg types
  uint8_t lctrGetNumAvailCigCtx();
C:\Users\faisal.tariq\AppData\Local\Arm\Packs_536\Maxim\MAX32655\1.0.0\Libraries\Cordio\controller\sources\ble\lctr\lctr_int_cis.h(453): warning:  #1295-D: Deprecated declaration lctrCleanupCigCtx - give arg types
  void lctrCleanupCigCtx();
C:\Users\faisal.tariq\AppData\Local\Arm\Packs_536\Maxim\MAX32655\1.0.0\Libraries\Cordio\controller\sources\ble\include\lctr_api_cis_master.h(40): warning:  #1295-D: Deprecated declaration LctrMstCisInit - give arg types
  void LctrMstCisInit();
C:\Users\faisal.tariq\AppData\Local\Arm\Packs_536\Maxim\MAX32655\1.0.0\Libraries\Cordio\controller\sources\ble\lctr\lctr_main_cis_master.c: 5 warnings, 0 errors
compiling lctr_main_cis.c...
C:\Users\faisal.tariq\AppData\Local\Arm\Packs_536\Maxim\MAX32655\1.0.0\Libraries\Cordio\controller\sources\ble\include\lctr_api_cis.h(92): warning:  #1295-D: Deprecated declaration LctrCisSlvInit - give arg types
  void LctrCisSlvInit();
C:\Users\faisal.tariq\AppData\Local\Arm\Packs_536\Maxim\MAX32655\1.0.0\Libraries\Cordio\controller\sources\ble\lctr\lctr_int_cis.h(395): warning:  #1295-D: Deprecated declaration lctrGetNumAvailCisCtx - give arg types
  uint8_t lctrGetNumAvailCisCtx();
C:\Users\faisal.tariq\AppData\Local\Arm\Packs_536\Maxim\MAX32655\1.0.0\Libraries\Cordio\controller\sources\ble\lctr\lctr_int_cis.h(432): warning:  #1295-D: Deprecated declaration lctrGetNumAvailCigCtx - give arg types
  uint8_t lctrGetNumAvailCigCtx();
C:\Users\faisal.tariq\AppData\Local\Arm\Packs_536\Maxim\MAX32655\1.0.0\Libraries\Cordio\controller\sources\ble\lctr\lctr_int_cis.h(453): warning:  #1295-D: Deprecated declaration lctrCleanupCigCtx - give arg types
  void lctrCleanupCigCtx();
C:\Users\faisal.tariq\AppData\Local\Arm\Packs_536\Maxim\MAX32655\1.0.0\Libraries\Cordio\controller\sources\ble\lctr\lctr_main_cis.c(621): warning:  #1293-D: assignment in condition
      if ((pCisCtx = lctrFindCisById(pSetCigParam->cigId, pSetCigParam->pCisParam[i].cisId)))
C:\Users\faisal.tariq\AppData\Local\Arm\Packs_536\Maxim\MAX32655\1.0.0\Libraries\Cordio\controller\sources\ble\lctr\lctr_main_cis.c(650): warning:  #1293-D: assignment in condition
      if ((pCisCtx = lctrFindCisById(pSetCigParam->cigId, pSetCigParam->pCisParam[i].cisId)))
C:\Users\faisal.tariq\AppData\Local\Arm\Packs_536\Maxim\MAX32655\1.0.0\Libraries\Cordio\controller\sources\ble\lctr\lctr_main_cis.c: 6 warnings, 0 errors
compiling lctr_main_conn.c...
compiling lctr_main_conn_cs2.c...
compiling lctr_main_conn_data.c...
compiling lctr_main_conn_master.c...
compiling lctr_main_conn_slave.c...
compiling lctr_main_enc_master.c...
compiling lctr_main_enc_slave.c...
compiling lctr_main_init_master.c...
compiling lctr_main_init_master_ae.c...
compiling lctr_main_iso.c...
C:\Users\faisal.tariq\AppData\Local\Arm\Packs_536\Maxim\MAX32655\1.0.0\Libraries\Cordio\controller\sources\ble\include\lctr_api_cis.h(92): warning:  #1295-D: Deprecated declaration LctrCisSlvInit - give arg types
  void LctrCisSlvInit();
C:\Users\faisal.tariq\AppData\Local\Arm\Packs_536\Maxim\MAX32655\1.0.0\Libraries\Cordio\controller\sources\ble\lctr\lctr_int_cis.h(395): warning:  #1295-D: Deprecated declaration lctrGetNumAvailCisCtx - give arg types
  uint8_t lctrGetNumAvailCisCtx();
C:\Users\faisal.tariq\AppData\Local\Arm\Packs_536\Maxim\MAX32655\1.0.0\Libraries\Cordio\controller\sources\ble\lctr\lctr_int_cis.h(432): warning:  #1295-D: Deprecated declaration lctrGetNumAvailCigCtx - give arg types
  uint8_t lctrGetNumAvailCigCtx();
C:\Users\faisal.tariq\AppData\Local\Arm\Packs_536\Maxim\MAX32655\1.0.0\Libraries\Cordio\controller\sources\ble\lctr\lctr_int_cis.h(453): warning:  #1295-D: Deprecated declaration lctrCleanupCigCtx - give arg types
  void lctrCleanupCigCtx();
C:\Users\faisal.tariq\AppData\Local\Arm\Packs_536\Maxim\MAX32655\1.0.0\Libraries\Cordio\controller\sources\ble\lctr\lctr_main_iso.c(168): warning:  #188-D: enumerated type mixed with another type
    pCisCtx->testPldType = pldType;
C:\Users\faisal.tariq\AppData\Local\Arm\Packs_536\Maxim\MAX32655\1.0.0\Libraries\Cordio\controller\sources\ble\lctr\lctr_main_iso.c(783): warning:  #188-D: enumerated type mixed with another type
          status = lctrBisSetDataPath(pBisCtx, pSetupDataPath->dpDir, pSetupDataPath->dpId);
C:\Users\faisal.tariq\AppData\Local\Arm\Packs_536\Maxim\MAX32655\1.0.0\Libraries\Cordio\controller\sources\ble\lctr\lctr_main_iso.c(794): warning:  #188-D: enumerated type mixed with another type
          status = lctrBisSetDataPath(pBisCtx, pSetupDataPath->dpDir, pSetupDataPath->dpId);
C:\Users\faisal.tariq\AppData\Local\Arm\Packs_536\Maxim\MAX32655\1.0.0\Libraries\Cordio\controller\sources\ble\lctr\lctr_main_iso.c(1044): warning:  #550-D: variable "pBisCtx"  was set but never used
    lctrBisCtx_t *pBisCtx;
C:\Users\faisal.tariq\AppData\Local\Arm\Packs_536\Maxim\MAX32655\1.0.0\Libraries\Cordio\controller\sources\ble\lctr\lctr_main_iso.c(1172): warning:  #188-D: enumerated type mixed with another type
        pDataPathCtx->in.id = pSetupDataPath->dpId;
C:\Users\faisal.tariq\AppData\Local\Arm\Packs_536\Maxim\MAX32655\1.0.0\Libraries\Cordio\controller\sources\ble\lctr\lctr_main_iso.c(1185): warning:  #188-D: enumerated type mixed with another type
        pDataPathCtx->out.id = pSetupDataPath->dpId;
C:\Users\faisal.tariq\AppData\Local\Arm\Packs_536\Maxim\MAX32655\1.0.0\Libraries\Cordio\controller\sources\ble\lctr\lctr_main_iso.c: 10 warnings, 0 errors
compiling lctr_main_iso_data.c...
C:\Users\faisal.tariq\AppData\Local\Arm\Packs_536\Maxim\MAX32655\1.0.0\Libraries\Cordio\controller\sources\ble\include\lctr_api_cis.h(92): warning:  #1295-D: Deprecated declaration LctrCisSlvInit - give arg types
  void LctrCisSlvInit();
C:\Users\faisal.tariq\AppData\Local\Arm\Packs_536\Maxim\MAX32655\1.0.0\Libraries\Cordio\controller\sources\ble\lctr\lctr_int_cis.h(395): warning:  #1295-D: Deprecated declaration lctrGetNumAvailCisCtx - give arg types
  uint8_t lctrGetNumAvailCisCtx();
C:\Users\faisal.tariq\AppData\Local\Arm\Packs_536\Maxim\MAX32655\1.0.0\Libraries\Cordio\controller\sources\ble\lctr\lctr_int_cis.h(432): warning:  #1295-D: Deprecated declaration lctrGetNumAvailCigCtx - give arg types
  uint8_t lctrGetNumAvailCigCtx();
C:\Users\faisal.tariq\AppData\Local\Arm\Packs_536\Maxim\MAX32655\1.0.0\Libraries\Cordio\controller\sources\ble\lctr\lctr_int_cis.h(453): warning:  #1295-D: Deprecated declaration lctrCleanupCigCtx - give arg types
  void lctrCleanupCigCtx();
C:\Users\faisal.tariq\AppData\Local\Arm\Packs_536\Maxim\MAX32655\1.0.0\Libraries\Cordio\controller\sources\ble\lctr\lctr_main_iso_data.c(1004): warning:  #188-D: enumerated type mixed with another type
      isoHdr.ps = pRxCtx->data.unframed.ps;
C:\Users\faisal.tariq\AppData\Local\Arm\Packs_536\Maxim\MAX32655\1.0.0\Libraries\Cordio\controller\sources\ble\lctr\lctr_main_iso_data.c(50): warning:  #550-D: variable "lctrTxCompBufHandlerId"  was set but never used
  static wsfHandlerId_t lctrTxCompBufHandlerId;
C:\Users\faisal.tariq\AppData\Local\Arm\Packs_536\Maxim\MAX32655\1.0.0\Libraries\Cordio\controller\sources\ble\lctr\lctr_main_iso_data.c: 6 warnings, 0 errors
compiling lctr_main_master_phy.c...
compiling lctr_main_past.c...
compiling lctr_main_pc.c...
compiling lctr_main_priv.c...
compiling lctr_main_sc.c...
compiling lctr_main_slave_phy.c...
compiling lctr_pdu_adv_master_ae.c...
compiling lctr_pdu_adv_slave.c...
compiling lctr_pdu_adv_slave_ae.c...
compiling lctr_pdu_bis.c...
C:\Users\faisal.tariq\AppData\Local\Arm\Packs_536\Maxim\MAX32655\1.0.0\Libraries\Cordio\controller\sources\ble\lctr\lctr_pdu_bis.c(115): warning:  #188-D: enumerated type mixed with another type
    pHdr->llid = (hdr >> 0) & 0x03;
C:\Users\faisal.tariq\AppData\Local\Arm\Packs_536\Maxim\MAX32655\1.0.0\Libraries\Cordio\controller\sources\ble\lctr\lctr_pdu_bis.c: 1 warning, 0 errors
compiling lctr_pdu_enc.c...
compiling lctr_pdu_conn.c...
compiling lctr_pdu_iso.c...
C:\Users\faisal.tariq\AppData\Local\Arm\Packs_536\Maxim\MAX32655\1.0.0\Libraries\Cordio\controller\sources\ble\lctr\lctr_pdu_iso.c(48): warning:  #188-D: enumerated type mixed with another type
    pHdr->pb     = (field16 >> 12) & 0x03;
C:\Users\faisal.tariq\AppData\Local\Arm\Packs_536\Maxim\MAX32655\1.0.0\Libraries\Cordio\controller\sources\ble\lctr\lctr_pdu_iso.c(67): warning:  #188-D: enumerated type mixed with another type
    pHdr->ps     = (field16 >> 14) & 0x03;
C:\Users\faisal.tariq\AppData\Local\Arm\Packs_536\Maxim\MAX32655\1.0.0\Libraries\Cordio\controller\sources\ble\lctr\lctr_pdu_iso.c: 2 warnings, 0 errors
compiling lctr_sm_adv_master.c...
compiling lctr_sm_adv_master_ae.c...
compiling lctr_sm_adv_slave.c...
compiling lctr_sm_adv_slave_ae.c...
compiling lctr_sm_bis_master.c...
compiling lctr_sm_bis_slave.c...
compiling lctr_sm_cis.c...
C:\Users\faisal.tariq\AppData\Local\Arm\Packs_536\Maxim\MAX32655\1.0.0\Libraries\Cordio\controller\sources\ble\include\lctr_api_cis.h(92): warning:  #1295-D: Deprecated declaration LctrCisSlvInit - give arg types
  void LctrCisSlvInit();
C:\Users\faisal.tariq\AppData\Local\Arm\Packs_536\Maxim\MAX32655\1.0.0\Libraries\Cordio\controller\sources\ble\lctr\lctr_int_cis.h(395): warning:  #1295-D: Deprecated declaration lctrGetNumAvailCisCtx - give arg types
  uint8_t lctrGetNumAvailCisCtx();
C:\Users\faisal.tariq\AppData\Local\Arm\Packs_536\Maxim\MAX32655\1.0.0\Libraries\Cordio\controller\sources\ble\lctr\lctr_int_cis.h(432): warning:  #1295-D: Deprecated declaration lctrGetNumAvailCigCtx - give arg types
  uint8_t lctrGetNumAvailCigCtx();
C:\Users\faisal.tariq\AppData\Local\Arm\Packs_536\Maxim\MAX32655\1.0.0\Libraries\Cordio\controller\sources\ble\lctr\lctr_int_cis.h(453): warning:  #1295-D: Deprecated declaration lctrCleanupCigCtx - give arg types
  void lctrCleanupCigCtx();
C:\Users\faisal.tariq\AppData\Local\Arm\Packs_536\Maxim\MAX32655\1.0.0\Libraries\Cordio\controller\sources\ble\lctr\lctr_sm_cis.c: 4 warnings, 0 errors
compiling lctr_sm_conn_master.c...
compiling lctr_sm_conn_slave.c...
compiling lctr_sm_init_master.c...
compiling lctr_sm_init_master_ae.c...
compiling lctr_sm_llcp_cis_master.c...
C:\Users\faisal.tariq\AppData\Local\Arm\Packs_536\Maxim\MAX32655\1.0.0\Libraries\Cordio\controller\sources\ble\include\lctr_api_cis.h(92): warning:  #1295-D: Deprecated declaration LctrCisSlvInit - give arg types
  void LctrCisSlvInit();
C:\Users\faisal.tariq\AppData\Local\Arm\Packs_536\Maxim\MAX32655\1.0.0\Libraries\Cordio\controller\sources\ble\lctr\lctr_int_cis.h(395): warning:  #1295-D: Deprecated declaration lctrGetNumAvailCisCtx - give arg types
  uint8_t lctrGetNumAvailCisCtx();
C:\Users\faisal.tariq\AppData\Local\Arm\Packs_536\Maxim\MAX32655\1.0.0\Libraries\Cordio\controller\sources\ble\lctr\lctr_int_cis.h(432): warning:  #1295-D: Deprecated declaration lctrGetNumAvailCigCtx - give arg types
  uint8_t lctrGetNumAvailCigCtx();
C:\Users\faisal.tariq\AppData\Local\Arm\Packs_536\Maxim\MAX32655\1.0.0\Libraries\Cordio\controller\sources\ble\lctr\lctr_int_cis.h(453): warning:  #1295-D: Deprecated declaration lctrCleanupCigCtx - give arg types
  void lctrCleanupCigCtx();
C:\Users\faisal.tariq\AppData\Local\Arm\Packs_536\Maxim\MAX32655\1.0.0\Libraries\Cordio\controller\sources\ble\include\lctr_api_cis_master.h(40): warning:  #1295-D: Deprecated declaration LctrMstCisInit - give arg types
  void LctrMstCisInit();
C:\Users\faisal.tariq\AppData\Local\Arm\Packs_536\Maxim\MAX32655\1.0.0\Libraries\Cordio\controller\sources\ble\lctr\lctr_sm_llcp_cis_master.c(173): warning:  #111-D: statement is unreachable
          break;
C:\Users\faisal.tariq\AppData\Local\Arm\Packs_536\Maxim\MAX32655\1.0.0\Libraries\Cordio\controller\sources\ble\lctr\lctr_sm_llcp_cis_master.c: 6 warnings, 0 errors
compiling lctr_sm_llcp_cis.c...
C:\Users\faisal.tariq\AppData\Local\Arm\Packs_536\Maxim\MAX32655\1.0.0\Libraries\Cordio\controller\sources\ble\include\lctr_api_cis.h(92): warning:  #1295-D: Deprecated declaration LctrCisSlvInit - give arg types
  void LctrCisSlvInit();
C:\Users\faisal.tariq\AppData\Local\Arm\Packs_536\Maxim\MAX32655\1.0.0\Libraries\Cordio\controller\sources\ble\lctr\lctr_int_cis.h(395): warning:  #1295-D: Deprecated declaration lctrGetNumAvailCisCtx - give arg types
  uint8_t lctrGetNumAvailCisCtx();
C:\Users\faisal.tariq\AppData\Local\Arm\Packs_536\Maxim\MAX32655\1.0.0\Libraries\Cordio\controller\sources\ble\lctr\lctr_int_cis.h(432): warning:  #1295-D: Deprecated declaration lctrGetNumAvailCigCtx - give arg types
  uint8_t lctrGetNumAvailCigCtx();
C:\Users\faisal.tariq\AppData\Local\Arm\Packs_536\Maxim\MAX32655\1.0.0\Libraries\Cordio\controller\sources\ble\lctr\lctr_int_cis.h(453): warning:  #1295-D: Deprecated declaration lctrCleanupCigCtx - give arg types
  void lctrCleanupCigCtx();
C:\Users\faisal.tariq\AppData\Local\Arm\Packs_536\Maxim\MAX32655\1.0.0\Libraries\Cordio\controller\sources\ble\include\lctr_api_cis_master.h(40): warning:  #1295-D: Deprecated declaration LctrMstCisInit - give arg types
  void LctrMstCisInit();
C:\Users\faisal.tariq\AppData\Local\Arm\Packs_536\Maxim\MAX32655\1.0.0\Libraries\Cordio\controller\sources\ble\lctr\lctr_sm_llcp_cis.c(136): warning:  #111-D: statement is unreachable
          break;
C:\Users\faisal.tariq\AppData\Local\Arm\Packs_536\Maxim\MAX32655\1.0.0\Libraries\Cordio\controller\sources\ble\lctr\lctr_sm_llcp_cis.c(147): warning:  #550-D: variable "pCisCtx"  was set but never used
        lctrCisCtx_t *pCisCtx;
C:\Users\faisal.tariq\AppData\Local\Arm\Packs_536\Maxim\MAX32655\1.0.0\Libraries\Cordio\controller\sources\ble\lctr\lctr_sm_llcp_cis.c: 7 warnings, 0 errors
compiling lctr_sm_llcp_conn.c...
compiling lctr_sm_llcp_conn_master.c...
compiling lctr_sm_llcp_cis_slave.c...
C:\Users\faisal.tariq\AppData\Local\Arm\Packs_536\Maxim\MAX32655\1.0.0\Libraries\Cordio\controller\sources\ble\include\lctr_api_cis.h(92): warning:  #1295-D: Deprecated declaration LctrCisSlvInit - give arg types
  void LctrCisSlvInit();
C:\Users\faisal.tariq\AppData\Local\Arm\Packs_536\Maxim\MAX32655\1.0.0\Libraries\Cordio\controller\sources\ble\lctr\lctr_int_cis.h(395): warning:  #1295-D: Deprecated declaration lctrGetNumAvailCisCtx - give arg types
  uint8_t lctrGetNumAvailCisCtx();
C:\Users\faisal.tariq\AppData\Local\Arm\Packs_536\Maxim\MAX32655\1.0.0\Libraries\Cordio\controller\sources\ble\lctr\lctr_int_cis.h(432): warning:  #1295-D: Deprecated declaration lctrGetNumAvailCigCtx - give arg types
  uint8_t lctrGetNumAvailCigCtx();
C:\Users\faisal.tariq\AppData\Local\Arm\Packs_536\Maxim\MAX32655\1.0.0\Libraries\Cordio\controller\sources\ble\lctr\lctr_int_cis.h(453): warning:  #1295-D: Deprecated declaration lctrCleanupCigCtx - give arg types
  void lctrCleanupCigCtx();
C:\Users\faisal.tariq\AppData\Local\Arm\Packs_536\Maxim\MAX32655\1.0.0\Libraries\Cordio\controller\sources\ble\lctr\lctr_sm_llcp_cis_slave.c: 4 warnings, 0 errors
compiling lctr_sm_llcp_conn_slave.c...
compiling lctr_sm_llcp_enc_master.c...
compiling lctr_sm_llcp_enc_slave.c...
compiling lctr_sm_llcp_master_phy.c...
compiling lctr_sm_llcp_pc.c...
compiling lctr_sm_llcp_slave_phy.c...
compiling lhci_cmd.c...
compiling lhci_cmd_adv_master.c...
compiling lhci_cmd_adv_slave.c...
compiling lhci_cmd_adv_master_ae.c...
compiling lhci_cmd_adv_priv.c...
compiling lhci_cmd_adv_slave_ae.c...
compiling lhci_cmd_bis_master.c...
compiling lhci_cmd_bis_slave.c...
C:\Users\faisal.tariq\AppData\Local\Arm\Packs_536\Maxim\MAX32655\1.0.0\Libraries\Cordio\controller\sources\ble\lhci\lhci_cmd_bis_slave.c(65): warning:  #188-D: enumerated type mixed with another type
        BSTREAM_TO_UINT8 (param.framing, pBuf);
C:\Users\faisal.tariq\AppData\Local\Arm\Packs_536\Maxim\MAX32655\1.0.0\Libraries\Cordio\controller\sources\ble\lhci\lhci_cmd_bis_slave.c(87): warning:  #188-D: enumerated type mixed with another type
        BSTREAM_TO_UINT8 (param.framing, pBuf);
C:\Users\faisal.tariq\AppData\Local\Arm\Packs_536\Maxim\MAX32655\1.0.0\Libraries\Cordio\controller\sources\ble\lhci\lhci_cmd_bis_slave.c: 2 warnings, 0 errors
compiling lhci_cmd_cis_master.c...
C:\Users\faisal.tariq\AppData\Local\Arm\Packs_536\Maxim\MAX32655\1.0.0\Libraries\Cordio\controller\sources\ble\lhci\lhci_cmd_cis_master.c(199): warning:  #188-D: enumerated type mixed with another type
        cigParam.framing = framing;
C:\Users\faisal.tariq\AppData\Local\Arm\Packs_536\Maxim\MAX32655\1.0.0\Libraries\Cordio\controller\sources\ble\lhci\lhci_cmd_cis_master.c(258): warning:  #188-D: enumerated type mixed with another type
        cigParam.framing = framing;
C:\Users\faisal.tariq\AppData\Local\Arm\Packs_536\Maxim\MAX32655\1.0.0\Libraries\Cordio\controller\sources\ble\lhci\lhci_cmd_cis_master.c: 2 warnings, 0 errors
compiling lhci_cmd_cis_slave.c...
compiling lhci_cmd_conn.c...
compiling lhci_cmd_conn_master.c...
compiling lhci_cmd_conn_master_ae.c...
compiling lhci_cmd_conn_priv.c...
compiling lhci_cmd_enc_master.c...
compiling lhci_cmd_past.c...
compiling lhci_cmd_enc_slave.c...
compiling lhci_cmd_iso.c...
C:\Users\faisal.tariq\AppData\Local\Arm\Packs_536\Maxim\MAX32655\1.0.0\Libraries\Cordio\controller\sources\ble\lhci\lhci_cmd_iso.c(478): warning:  #188-D: enumerated type mixed with another type
        BSTREAM_TO_UINT8 (param.dpDir, pBuf);
C:\Users\faisal.tariq\AppData\Local\Arm\Packs_536\Maxim\MAX32655\1.0.0\Libraries\Cordio\controller\sources\ble\lhci\lhci_cmd_iso.c(506): warning:  #188-D: enumerated type mixed with another type
        if (!PalCodecConfigureDataPath(dir, dataPathId))
C:\Users\faisal.tariq\AppData\Local\Arm\Packs_536\Maxim\MAX32655\1.0.0\Libraries\Cordio\controller\sources\ble\lhci\lhci_cmd_iso.c(534): warning:  #188-D: enumerated type mixed with another type
        if (PalCodecReadLocalSupportedCodecCapabilities(codingFmt, compId, vsCodecId, dir))
C:\Users\faisal.tariq\AppData\Local\Arm\Packs_536\Maxim\MAX32655\1.0.0\Libraries\Cordio\controller\sources\ble\lhci\lhci_cmd_iso.c(562): warning:  #188-D: enumerated type mixed with another type
        if (PalCodecReadLocalSupportedControllerDelay(codingFmt, compId, vsCodecId, dir,
C:\Users\faisal.tariq\AppData\Local\Arm\Packs_536\Maxim\MAX32655\1.0.0\Libraries\Cordio\controller\sources\ble\lhci\lhci_cmd_iso.c: 4 warnings, 0 errors
compiling lhci_cmd_sc.c...
compiling lhci_cmd_phy.c...
compiling lhci_cmd_pc.c...
compiling lhci_cmd_vs_adv_master_ae.c...
compiling lhci_cmd_vs_adv_master.c...
compiling lhci_cmd_vs.c...
compiling lhci_cmd_vs_adv_slave.c...
compiling lhci_cmd_vs_adv_slave_ae.c...
compiling lhci_cmd_vs_conn.c...
compiling lhci_cmd_vs_conn_master.c...
compiling lhci_cmd_vs_iso.c...
compiling lhci_cmd_vs_enc_slave.c...
compiling lhci_cmd_vs_sc.c...
compiling lhci_evt.c...
compiling lhci_evt_adv_master.c...
compiling lhci_evt_adv_master_ae.c...
compiling lhci_evt_adv_slave.c...
compiling lhci_evt_adv_slave_ae.c...
compiling lhci_evt_bis_slave.c...
compiling lhci_evt_cis_master.c...
compiling lhci_evt_bis_master.c...
compiling lhci_evt_conn_cs2.c...
compiling lhci_evt_cis_slave.c...
compiling lhci_evt_conn.c...
compiling lhci_evt_conn_master.c...
compiling lhci_evt_enc_master.c...
compiling lhci_evt_conn_priv.c...
compiling lhci_evt_enc_slave.c...
compiling lhci_evt_pc.c...
compiling lhci_evt_iso.c...
compiling lhci_evt_phy.c...
compiling lhci_evt_vs.c...
compiling lhci_evt_sc.c...
compiling lhci_init.c...
compiling lhci_init_adv_master_ae.c...
compiling lhci_init_adv_master.c...
compiling lhci_init_adv_priv.c...
compiling lhci_init_adv_slave.c...
compiling lhci_init_adv_slave_ae.c...
compiling lhci_init_bis_master.c...
compiling lhci_init_bis_slave.c...
compiling lhci_init_cis_master.c...
compiling lhci_init_cis_slave.c...
compiling lhci_init_conn.c...
compiling lhci_init_conn_cs2.c...
compiling lhci_init_conn_master.c...
compiling lhci_init_conn_master_ae.c...
compiling lhci_init_conn_priv.c...
compiling lhci_init_enc_master.c...
compiling lhci_init_iso.c...
compiling lhci_init_enc_slave.c...
compiling lhci_init_past.c...
compiling lhci_init_phy.c...
compiling lhci_init_pc.c...
compiling lhci_init_sc.c...
compiling lhci_main.c...
compiling lhci_main_iso.c...
compiling ll_init_adv_master.c...
compiling ll_init.c...
compiling ll_init_adv_master_ae.c...
compiling ll_init_bis_master.c...
compiling ll_init_adv_slave.c...
compiling ll_init_adv_slave_ae.c...
compiling ll_init_bis_slave.c...
compiling ll_init_cis_slave.c...
C:\Users\faisal.tariq\AppData\Local\Arm\Packs_536\Maxim\MAX32655\1.0.0\Libraries\Cordio\controller\sources\ble\include\lctr_api_cis.h(92): warning:  #1295-D: Deprecated declaration LctrCisSlvInit - give arg types
  void LctrCisSlvInit();
C:\Users\faisal.tariq\AppData\Local\Arm\Packs_536\Maxim\MAX32655\1.0.0\Libraries\Cordio\controller\sources\ble\ll\ll_init_cis_slave.c: 1 warning, 0 errors
compiling ll_init_cis_master.c...
C:\Users\faisal.tariq\AppData\Local\Arm\Packs_536\Maxim\MAX32655\1.0.0\Libraries\Cordio\controller\sources\ble\include\lctr_api_cis_master.h(40): warning:  #1295-D: Deprecated declaration LctrMstCisInit - give arg types
  void LctrMstCisInit();
C:\Users\faisal.tariq\AppData\Local\Arm\Packs_536\Maxim\MAX32655\1.0.0\Libraries\Cordio\controller\sources\ble\ll\ll_init_cis_master.c: 1 warning, 0 errors
compiling ll_init_conn_cs2.c...
compiling ll_init_conn_master.c...
compiling ll_init_conn_slave.c...
compiling ll_init_enc_master.c...
compiling ll_init_init_master.c...
compiling ll_init_init_master_ae.c...
compiling ll_init_enc_slave.c...
compiling ll_init_past.c...
compiling ll_init_master_phy.c...
compiling ll_init_iso.c...
compiling ll_init_pc.c...
compiling ll_init_priv.c...
compiling ll_init_sc.c...
compiling ll_init_slave_phy.c...
compiling ll_main.c...
compiling ll_main_adv_master_ae.c...
compiling ll_main_adv_master.c...
compiling ll_main_bis_master.c...
compiling ll_main_adv_slave.c...
compiling ll_main_adv_slave_ae.c...
compiling ll_main_bis_slave.c...
compiling ll_main_cis_slave.c...
compiling ll_main_cis_master.c...
C:\Users\faisal.tariq\AppData\Local\Arm\Packs_536\Maxim\MAX32655\1.0.0\Libraries\Cordio\controller\sources\ble\include\lctr_api_cis_master.h(40): warning:  #1295-D: Deprecated declaration LctrMstCisInit - give arg types
  void LctrMstCisInit();
C:\Users\faisal.tariq\AppData\Local\Arm\Packs_536\Maxim\MAX32655\1.0.0\Libraries\Cordio\controller\sources\ble\ll\ll_main_cis_master.c: 1 warning, 0 errors
compiling ll_main_conn_master.c...
compiling ll_main_conn_master_ae.c...
compiling ll_main_conn.c...
compiling ll_main_diag.c...
compiling ll_main_conn_slave.c...
compiling ll_main_dtm.c...
compiling ll_main_enc_slave.c...
compiling ll_main_iso.c...
compiling ll_main_enc_master.c...
compiling ll_main_past.c...
compiling ll_main_pc.c...
compiling ll_main_phy.c...
compiling ll_math.c...
compiling ll_main_priv.c...
compiling ll_main_sc.c...
compiling lmgr_events.c...
compiling lmgr_main.c...
compiling lmgr_main_adv_master_ae.c...
compiling lmgr_main_adv_slave_ae.c...
compiling lmgr_main_cis_master.c...
compiling lmgr_main_iso.c...
compiling lmgr_main_conn.c...
compiling lmgr_main_master.c...
compiling lmgr_main_sc.c...
compiling lmgr_main_priv.c...
compiling sch_ble.c...
compiling lmgr_main_slave.c...
compiling sch_rm.c...
compiling sch_tm.c...
compiling bb_main.c...
C:\Users\faisal.tariq\AppData\Local\Arm\Packs_536\Maxim\MAX32655\1.0.0\Libraries\Cordio\controller\sources\common\bb\bb_main.c(219): warning:  #188-D: enumerated type mixed with another type
      bbProtStop(bbCb.protIdStarted);   /* sets bbCb.protStarted = FALSE */
C:\Users\faisal.tariq\AppData\Local\Arm\Packs_536\Maxim\MAX32655\1.0.0\Libraries\Cordio\controller\sources\common\bb\bb_main.c: 1 warning, 0 errors
compiling chci_tr.c...
compiling pal_btn.c...
C:\Users\faisal.tariq\AppData\Local\Arm\Packs_536\Maxim\MAX32655\1.0.0\Libraries\Cordio\platform\targets\maxim\max32655\sources\pal_btn.c(52): warning:  #188-D: enumerated type mixed with another type
    PalBtnState_t btnState = PAL_BTN_POS_UP;
C:\Users\faisal.tariq\AppData\Local\Arm\Packs_536\Maxim\MAX32655\1.0.0\Libraries\Cordio\platform\targets\maxim\max32655\sources\pal_btn.c(61): warning:  #188-D: enumerated type mixed with another type
          btnState = PAL_BTN_POS_DOWN;
C:\Users\faisal.tariq\AppData\Local\Arm\Packs_536\Maxim\MAX32655\1.0.0\Libraries\Cordio\platform\targets\maxim\max32655\sources\pal_btn.c(63): warning:  #188-D: enumerated type mixed with another type
          btnState = PAL_BTN_POS_UP;
C:\Users\faisal.tariq\AppData\Local\Arm\Packs_536\Maxim\MAX32655\1.0.0\Libraries\Cordio\platform\targets\maxim\max32655\sources\pal_btn.c(76): warning:  #188-D: enumerated type mixed with another type
      palBtnCb.actionCback((uint8_t)button, btnState);
C:\Users\faisal.tariq\AppData\Local\Arm\Packs_536\Maxim\MAX32655\1.0.0\Libraries\Cordio\platform\targets\maxim\max32655\sources\pal_btn.c(163): warning:  #188-D: enumerated type mixed with another type
    return PB_Get(btnId);
C:\Users\faisal.tariq\AppData\Local\Arm\Packs_536\Maxim\MAX32655\1.0.0\Libraries\Cordio\platform\targets\maxim\max32655\sources\pal_btn.c: 5 warnings, 0 errors
compiling sch_main.c...
compiling sch_list.c...
compiling pal_codec.c...
compiling pal_cfg.c...
compiling pal_crypto.c...
compiling pal_led.c...
compiling pal_flash.c...
..\..\BLE_datc\sct_config.h(19): warning:  #1-D: last line of file ends without a newline
  #endif
C:\Users\faisal.tariq\AppData\Local\Arm\Packs_536\Maxim\MAX32655\1.0.0\Libraries\Cordio\platform\targets\maxim\max32655\sources\pal_flash.c: 1 warning, 0 errors
compiling pal_i2s.c...
compiling pal_rtc.c...
compiling pal_sys.c...
C:\Users\faisal.tariq\AppData\Local\Arm\Packs_536\Maxim\MAX32655\1.0.0\Libraries\Cordio\platform\targets\maxim\max32655\sources\pal_sys.c(396): warning:  #111-D: statement is unreachable
    if(PalUartGetState(PAL_UART_ID_TERMINAL) == PAL_UART_STATE_BUSY) {
C:\Users\faisal.tariq\AppData\Local\Arm\Packs_536\Maxim\MAX32655\1.0.0\Libraries\Cordio\platform\targets\maxim\max32655\sources\pal_sys.c: 1 warning, 0 errors
compiling pal_timer.c...
compiling pal_twi.c...
compiling uECC.c...
compiling pal_uart.c...
compiling wsf_assert.c...
compiling uECC_ll.c...
compiling wsf_bufio.c...
compiling wsf_buf.c...
compiling wsf_cs.c...
compiling wsf_detoken.c...
compiling wsf_heap.c...
compiling wsf_efs.c...
compiling wsf_msg.c...
compiling wsf_nvm.c...
compiling wsf_os.c...
compiling wsf_queue.c...
compiling wsf_timer.c...
compiling wsf_trace.c...
compiling bda.c...
compiling bstream.c...
compiling calc128.c...
compiling crc32.c...
compiling fcs.c...
compiling prand.c...
compiling terminal.c...
compiling wstr.c...
compiling print.c...
compiling aes_me17.c...
compiling dma_me17.c...
compiling aes_revb.c...
compiling dma_reva.c...
compiling flc_me17.c...
compiling flc_common.c...
compiling gpio_common.c...
compiling flc_reva.c...
compiling flc_revb.c...
compiling gpio_me17.c...
compiling gpio_reva.c...
compiling i2c_me17.c...
C:\Users\faisal.tariq\AppData\Local\Arm\Packs_536\Maxim\MAX32655\1.0.0\Libraries\PeriphDrivers\Source\I2C\i2c_reva.h(157): warning:  #1-D: last line of file ends without a newline
  #endif /* _I2C_REVA_H_ */
C:\Users\faisal.tariq\AppData\Local\Arm\Packs_536\Maxim\MAX32655\1.0.0\Libraries\PeriphDrivers\Source\I2C\i2c_me17.c: 1 warning, 0 errors
compiling i2c_reva.c...
C:\Users\faisal.tariq\AppData\Local\Arm\Packs_536\Maxim\MAX32655\1.0.0\Libraries\PeriphDrivers\Source\I2C\i2c_reva.h(157): warning:  #1-D: last line of file ends without a newline
  #endif /* _I2C_REVA_H_ */
C:\Users\faisal.tariq\AppData\Local\Arm\Packs_536\Maxim\MAX32655\1.0.0\Libraries\PeriphDrivers\Source\I2C\i2c_reva.c: 1 warning, 0 errors
compiling icc_me17.c...
compiling icc_reva.c...
compiling lp_me17.c...
compiling mxc_assert.c...
compiling mxc_delay.c...
compiling nvic_table.c...
compiling mxc_lock.c...
compiling pins_me17.c...
compiling sys_me17.c...
..\..\BLE_datc\sct_config.h(19): warning:  #1-D: last line of file ends without a newline
  #endif
C:\Users\faisal.tariq\AppData\Local\Arm\Packs_536\Maxim\MAX32655\1.0.0\Libraries\PeriphDrivers\Source\SYS\sys_me17.c: 1 warning, 0 errors
compiling tmr_common.c...
compiling tmr_me17.c...
compiling tmr_revb.c...
compiling trng_me17.c...
compiling trng_revb.c...
compiling uart_me17.c...
compiling uart_common.c...
compiling uart_revb.c...
assembling startup_max32655.s...
compiling wut_me17.c...
compiling wut_reva.c...
compiling system_max32655.c...
linking...
.\..\sct_config.h(19): warning:  #1-D: last line of file ends without a newline
  #endif
C:\Users\FAISAL~1.TAR\AppData\Local\Temp\p4844-2(48): warning:  #1-D: last line of file ends without a newline
  }
C:\Users\FAISAL~1.TAR\AppData\Local\Temp\p4844-2: 2 warnings, 0 errors
Program Size: Code=166300 RO-data=7760 RW-data=1772 ZI-data=75052  
".\Objects\BLE_datc.axf" - 0 Error(s), 157 Warning(s).

<h2>Software Packages used:</h2>

Package Vendor: ARM
                http://www.keil.com/pack/ARM.CMSIS.5.8.0.pack
                ARM.CMSIS.5.8.0
                CMSIS (Common Microcontroller Software Interface Standard)
   * Component: CORE Version: 5.5.0

Package Vendor: Maxim
                http://www.mxim.net/microcontroller/pack/Maxim.MAX32655.1.0.0.pack
                Maxim.MAX32655.1.0.0
                Maxim Integrated MAX32655 Series Device Support, Board Support Package and Examples
   * Component: EvKit V1 Version: 1.0.0
   * Component: AES Version: 1.0.0
   * Component: DMA Version: 1.0.0
   * Component: FLC Version: 1.0.0
   * Component: GPIO Version: 1.0.0
   * Component: I2C Version: 1.0.0
   * Component: ICC Version: 1.0.0
   * Component: Low Power Version: 1.0.0
   * Component: Startup Version: 1.0.0
   * Component: TRNG Version: 1.0.0
   * Component: Timers Version: 1.0.0
   * Component: UART Version: 1.0.0
   * Component: WUT Version: 1.0.0
   * Component: Bluetooth LE Version: 1.0.0

<h2>Collection of Component include folders:</h2>
  .\RTE\Device\MAX32655_Cortex-M4
  .\RTE\_Flash_Debug
  C:\Users\faisal.tariq\AppData\Local\Arm\Packs_536\ARM\CMSIS\5.8.0\CMSIS\Core\Include
  C:\Users\faisal.tariq\AppData\Local\Arm\Packs_536\Maxim\MAX32655\1.0.0\Libraries\Boards\MAX32655\EvKit_V1\Include
  C:\Users\faisal.tariq\AppData\Local\Arm\Packs_536\Maxim\MAX32655\1.0.0\Libraries\Boards\MAX32655\Include
  C:\Users\faisal.tariq\AppData\Local\Arm\Packs_536\Maxim\MAX32655\1.0.0\Libraries\CMSIS\Device\Maxim\MAX32655\Include
  C:\Users\faisal.tariq\AppData\Local\Arm\Packs_536\Maxim\MAX32655\1.0.0\Libraries\Cordio\ble-apps\sources
  C:\Users\faisal.tariq\AppData\Local\Arm\Packs_536\Maxim\MAX32655\1.0.0\Libraries\Cordio\ble-apps\sources\assettag
  C:\Users\faisal.tariq\AppData\Local\Arm\Packs_536\Maxim\MAX32655\1.0.0\Libraries\Cordio\ble-apps\sources\cycling
  C:\Users\faisal.tariq\AppData\Local\Arm\Packs_536\Maxim\MAX32655\1.0.0\Libraries\Cordio\ble-apps\sources\datc
  C:\Users\faisal.tariq\AppData\Local\Arm\Packs_536\Maxim\MAX32655\1.0.0\Libraries\Cordio\ble-apps\sources\dats
  C:\Users\faisal.tariq\AppData\Local\Arm\Packs_536\Maxim\MAX32655\1.0.0\Libraries\Cordio\ble-apps\sources\fit
  C:\Users\faisal.tariq\AppData\Local\Arm\Packs_536\Maxim\MAX32655\1.0.0\Libraries\Cordio\ble-apps\sources\hidapp
  C:\Users\faisal.tariq\AppData\Local\Arm\Packs_536\Maxim\MAX32655\1.0.0\Libraries\Cordio\ble-apps\sources\locator
  C:\Users\faisal.tariq\AppData\Local\Arm\Packs_536\Maxim\MAX32655\1.0.0\Libraries\Cordio\ble-apps\sources\medc
  C:\Users\faisal.tariq\AppData\Local\Arm\Packs_536\Maxim\MAX32655\1.0.0\Libraries\Cordio\ble-apps\sources\meds
  C:\Users\faisal.tariq\AppData\Local\Arm\Packs_536\Maxim\MAX32655\1.0.0\Libraries\Cordio\ble-apps\sources\tag
  C:\Users\faisal.tariq\AppData\Local\Arm\Packs_536\Maxim\MAX32655\1.0.0\Libraries\Cordio\ble-apps\sources\uribeacon
  C:\Users\faisal.tariq\AppData\Local\Arm\Packs_536\Maxim\MAX32655\1.0.0\Libraries\Cordio\ble-apps\sources\watch
  C:\Users\faisal.tariq\AppData\Local\Arm\Packs_536\Maxim\MAX32655\1.0.0\Libraries\Cordio\ble-host\include
  C:\Users\faisal.tariq\AppData\Local\Arm\Packs_536\Maxim\MAX32655\1.0.0\Libraries\Cordio\ble-host\sources\hci\common
  C:\Users\faisal.tariq\AppData\Local\Arm\Packs_536\Maxim\MAX32655\1.0.0\Libraries\Cordio\ble-host\sources\hci\exactle
  C:\Users\faisal.tariq\AppData\Local\Arm\Packs_536\Maxim\MAX32655\1.0.0\Libraries\Cordio\ble-host\sources\sec\common
  C:\Users\faisal.tariq\AppData\Local\Arm\Packs_536\Maxim\MAX32655\1.0.0\Libraries\Cordio\ble-host\sources\stack\att
  C:\Users\faisal.tariq\AppData\Local\Arm\Packs_536\Maxim\MAX32655\1.0.0\Libraries\Cordio\ble-host\sources\stack\cfg
  C:\Users\faisal.tariq\AppData\Local\Arm\Packs_536\Maxim\MAX32655\1.0.0\Libraries\Cordio\ble-host\sources\stack\dm
  C:\Users\faisal.tariq\AppData\Local\Arm\Packs_536\Maxim\MAX32655\1.0.0\Libraries\Cordio\ble-host\sources\stack\hci
  C:\Users\faisal.tariq\AppData\Local\Arm\Packs_536\Maxim\MAX32655\1.0.0\Libraries\Cordio\ble-host\sources\stack\l2c
  C:\Users\faisal.tariq\AppData\Local\Arm\Packs_536\Maxim\MAX32655\1.0.0\Libraries\Cordio\ble-host\sources\stack\smp
  C:\Users\faisal.tariq\AppData\Local\Arm\Packs_536\Maxim\MAX32655\1.0.0\Libraries\Cordio\ble-profiles\include
  C:\Users\faisal.tariq\AppData\Local\Arm\Packs_536\Maxim\MAX32655\1.0.0\Libraries\Cordio\ble-profiles\sources\af
  C:\Users\faisal.tariq\AppData\Local\Arm\Packs_536\Maxim\MAX32655\1.0.0\Libraries\Cordio\ble-profiles\sources\profiles
  C:\Users\faisal.tariq\AppData\Local\Arm\Packs_536\Maxim\MAX32655\1.0.0\Libraries\Cordio\ble-profiles\sources\profiles\gatt
  C:\Users\faisal.tariq\AppData\Local\Arm\Packs_536\Maxim\MAX32655\1.0.0\Libraries\Cordio\ble-profiles\sources\profiles\include
  C:\Users\faisal.tariq\AppData\Local\Arm\Packs_536\Maxim\MAX32655\1.0.0\Libraries\Cordio\ble-profiles\sources\services
  C:\Users\faisal.tariq\AppData\Local\Arm\Packs_536\Maxim\MAX32655\1.0.0\Libraries\Cordio\controller\include
  C:\Users\faisal.tariq\AppData\Local\Arm\Packs_536\Maxim\MAX32655\1.0.0\Libraries\Cordio\controller\include\ble
  C:\Users\faisal.tariq\AppData\Local\Arm\Packs_536\Maxim\MAX32655\1.0.0\Libraries\Cordio\controller\include\common
  C:\Users\faisal.tariq\AppData\Local\Arm\Packs_536\Maxim\MAX32655\1.0.0\Libraries\Cordio\controller\sources\ble\bb
  C:\Users\faisal.tariq\AppData\Local\Arm\Packs_536\Maxim\MAX32655\1.0.0\Libraries\Cordio\controller\sources\ble\include
  C:\Users\faisal.tariq\AppData\Local\Arm\Packs_536\Maxim\MAX32655\1.0.0\Libraries\Cordio\controller\sources\ble\init
  C:\Users\faisal.tariq\AppData\Local\Arm\Packs_536\Maxim\MAX32655\1.0.0\Libraries\Cordio\controller\sources\ble\lctr
  C:\Users\faisal.tariq\AppData\Local\Arm\Packs_536\Maxim\MAX32655\1.0.0\Libraries\Cordio\controller\sources\ble\ll
  C:\Users\faisal.tariq\AppData\Local\Arm\Packs_536\Maxim\MAX32655\1.0.0\Libraries\Cordio\controller\sources\ble\lmgr
  C:\Users\faisal.tariq\AppData\Local\Arm\Packs_536\Maxim\MAX32655\1.0.0\Libraries\Cordio\controller\sources\ble\sch
  C:\Users\faisal.tariq\AppData\Local\Arm\Packs_536\Maxim\MAX32655\1.0.0\Libraries\Cordio\controller\sources\common\bb
  C:\Users\faisal.tariq\AppData\Local\Arm\Packs_536\Maxim\MAX32655\1.0.0\Libraries\Cordio\controller\sources\common\sch
  C:\Users\faisal.tariq\AppData\Local\Arm\Packs_536\Maxim\MAX32655\1.0.0\Libraries\Cordio\platform\include
  C:\Users\faisal.tariq\AppData\Local\Arm\Packs_536\Maxim\MAX32655\1.0.0\Libraries\Cordio\platform\targets\maxim\max32655\sources
  C:\Users\faisal.tariq\AppData\Local\Arm\Packs_536\Maxim\MAX32655\1.0.0\Libraries\Cordio\thirdparty\uecc
  C:\Users\faisal.tariq\AppData\Local\Arm\Packs_536\Maxim\MAX32655\1.0.0\Libraries\Cordio\wsf\include
  C:\Users\faisal.tariq\AppData\Local\Arm\Packs_536\Maxim\MAX32655\1.0.0\Libraries\Cordio\wsf\sources\targets\baremetal
  C:\Users\faisal.tariq\AppData\Local\Arm\Packs_536\Maxim\MAX32655\1.0.0\Libraries\Cordio\wsf\sources\util
  C:\Users\faisal.tariq\AppData\Local\Arm\Packs_536\Maxim\MAX32655\1.0.0\Libraries\PeriphDrivers\Include\MAX32655
  C:\Users\faisal.tariq\AppData\Local\Arm\Packs_536\Maxim\MAX32655\1.0.0\Libraries\PeriphDrivers\Source\ADC
  C:\Users\faisal.tariq\AppData\Local\Arm\Packs_536\Maxim\MAX32655\1.0.0\Libraries\PeriphDrivers\Source\AES
  C:\Users\faisal.tariq\AppData\Local\Arm\Packs_536\Maxim\MAX32655\1.0.0\Libraries\PeriphDrivers\Source\CRC
  C:\Users\faisal.tariq\AppData\Local\Arm\Packs_536\Maxim\MAX32655\1.0.0\Libraries\PeriphDrivers\Source\DMA
  C:\Users\faisal.tariq\AppData\Local\Arm\Packs_536\Maxim\MAX32655\1.0.0\Libraries\PeriphDrivers\Source\FLC
  C:\Users\faisal.tariq\AppData\Local\Arm\Packs_536\Maxim\MAX32655\1.0.0\Libraries\PeriphDrivers\Source\GPIO
  C:\Users\faisal.tariq\AppData\Local\Arm\Packs_536\Maxim\MAX32655\1.0.0\Libraries\PeriphDrivers\Source\I2C
  C:\Users\faisal.tariq\AppData\Local\Arm\Packs_536\Maxim\MAX32655\1.0.0\Libraries\PeriphDrivers\Source\I2S
  C:\Users\faisal.tariq\AppData\Local\Arm\Packs_536\Maxim\MAX32655\1.0.0\Libraries\PeriphDrivers\Source\ICC
  C:\Users\faisal.tariq\AppData\Local\Arm\Packs_536\Maxim\MAX32655\1.0.0\Libraries\PeriphDrivers\Source\LP
  C:\Users\faisal.tariq\AppData\Local\Arm\Packs_536\Maxim\MAX32655\1.0.0\Libraries\PeriphDrivers\Source\PT
  C:\Users\faisal.tariq\AppData\Local\Arm\Packs_536\Maxim\MAX32655\1.0.0\Libraries\PeriphDrivers\Source\RTC
  C:\Users\faisal.tariq\AppData\Local\Arm\Packs_536\Maxim\MAX32655\1.0.0\Libraries\PeriphDrivers\Source\SPI
  C:\Users\faisal.tariq\AppData\Local\Arm\Packs_536\Maxim\MAX32655\1.0.0\Libraries\PeriphDrivers\Source\SYS
  C:\Users\faisal.tariq\AppData\Local\Arm\Packs_536\Maxim\MAX32655\1.0.0\Libraries\PeriphDrivers\Source\TMR
  C:\Users\faisal.tariq\AppData\Local\Arm\Packs_536\Maxim\MAX32655\1.0.0\Libraries\PeriphDrivers\Source\TRNG
  C:\Users\faisal.tariq\AppData\Local\Arm\Packs_536\Maxim\MAX32655\1.0.0\Libraries\PeriphDrivers\Source\UART
  C:\Users\faisal.tariq\AppData\Local\Arm\Packs_536\Maxim\MAX32655\1.0.0\Libraries\PeriphDrivers\Source\WDT
  C:\Users\faisal.tariq\AppData\Local\Arm\Packs_536\Maxim\MAX32655\1.0.0\Libraries\PeriphDrivers\Source\WUT

<h2>Collection of Component Files used:</h2>

   * Component: ARM::CMSIS:CORE:5.5.0

   * Component: Maxim.MAX32655 BSP::BSP:EvKit V1:1.0.0
      Source file:   Libraries\Boards\MAX32655\Source\led.c
      Source file:   Libraries\Boards\MAX32655\EvKit_V1\Source\board.c
      Source file:   Libraries\Boards\MAX32655\Source\pb.c
      Source file:   Libraries\Boards\MAX32655\Source\stdio.c

   * Component: Maxim.Maxim API::Device:AES:1.0.0
      Source file:   Libraries\PeriphDrivers\Source\AES\aes_me17.c
      Source file:   Libraries\PeriphDrivers\Source\AES\aes_revb.c

   * Component: Maxim.Maxim API::Device:DMA:1.0.0
      Source file:   Libraries\PeriphDrivers\Source\DMA\dma_reva.c
      Source file:   Libraries\PeriphDrivers\Source\DMA\dma_me17.c

   * Component: Maxim.Maxim API::Device:FLC:1.0.0
      Source file:   Libraries\PeriphDrivers\Source\FLC\flc_reva.c
      Source file:   Libraries\PeriphDrivers\Source\FLC\flc_revb.c
      Source file:   Libraries\PeriphDrivers\Source\FLC\flc_me17.c
      Source file:   Libraries\PeriphDrivers\Source\FLC\flc_common.c

   * Component: Maxim.Maxim API::Device:GPIO:1.0.0
      Source file:   Libraries\PeriphDrivers\Source\GPIO\gpio_me17.c
      Source file:   Libraries\PeriphDrivers\Source\GPIO\gpio_common.c
      Source file:   Libraries\PeriphDrivers\Source\GPIO\gpio_reva.c

   * Component: Maxim.Maxim API::Device:I2C:1.0.0
      Source file:   Libraries\PeriphDrivers\Source\I2C\i2c_me17.c
      Source file:   Libraries\PeriphDrivers\Source\I2C\i2c_reva.c

   * Component: Maxim.Maxim API::Device:ICC:1.0.0
      Source file:   Libraries\PeriphDrivers\Source\ICC\icc_me17.c
      Source file:   Libraries\PeriphDrivers\Source\ICC\icc_reva.c

   * Component: Maxim.Maxim API::Device:Low Power:1.0.0
      Source file:   Libraries\PeriphDrivers\Source\LP\lp_me17.c

   * Component: Maxim.Maxim API::Device:Startup:1.0.0
      Source file:   Libraries\CMSIS\Device\Maxim\MAX32655\Source\ARM\startup_max32655.s
      Source file:   Libraries\PeriphDrivers\Source\SYS\mxc_delay.c
      Source file:   Libraries\PeriphDrivers\Source\SYS\mxc_lock.c
      Source file:   Libraries\CMSIS\Device\Maxim\MAX32655\Source\system_max32655.c
      Source file:   Libraries\PeriphDrivers\Source\SYS\nvic_table.c
      Include file:  Libraries\CMSIS\Device\Maxim\MAX32655\Include\max32655.h
      Source file:   Libraries\PeriphDrivers\Source\SYS\pins_me17.c
      Source file:   Libraries\PeriphDrivers\Source\SYS\mxc_assert.c
      Source file:   Libraries\PeriphDrivers\Source\SYS\nvic_table.c
      Source file:   Libraries\PeriphDrivers\Source\SYS\sys_me17.c

   * Component: Maxim.Maxim API::Device:TRNG:1.0.0
      Source file:   Libraries\PeriphDrivers\Source\TRNG\trng_me17.c
      Source file:   Libraries\PeriphDrivers\Source\TRNG\trng_revb.c

   * Component: Maxim.Maxim API::Device:Timers:1.0.0
      Source file:   Libraries\PeriphDrivers\Source\TMR\tmr_revb.c
      Source file:   Libraries\PeriphDrivers\Source\TMR\tmr_common.c
      Source file:   Libraries\PeriphDrivers\Source\TMR\tmr_me17.c

   * Component: Maxim.Maxim API::Device:UART:1.0.0
      Source file:   Libraries\PeriphDrivers\Source\UART\uart_common.c
      Source file:   Libraries\PeriphDrivers\Source\UART\uart_me17.c
      Source file:   Libraries\PeriphDrivers\Source\UART\uart_revb.c

   * Component: Maxim.Maxim API::Device:WUT:1.0.0
      Source file:   Libraries\PeriphDrivers\Source\WUT\wut_reva.c
      Source file:   Libraries\PeriphDrivers\Source\WUT\wut_me17.c

   * Component: Maxim.Maxim BTLE::Bluetooth:Bluetooth LE:1.0.0
      Source file:   Libraries\Cordio\controller\sources\ble\bb\bb_ble_dtm.c
      Source file:   Libraries\Cordio\controller\sources\ble\bb\bb_ble_pdufilt.c
      Source file:   Libraries\Cordio\ble-profiles\sources\services\svc_wss.c
      Source file:   Libraries\Cordio\controller\sources\ble\bb\bb_ble_bis_master.c
      Source file:   Libraries\Cordio\controller\sources\ble\bb\bb_ble_reslist.c
      Source file:   Libraries\Cordio\controller\sources\ble\lctr\lctr_act_bis_master.c
      Source file:   Libraries\Cordio\controller\sources\ble\lctr\lctr_act_cis_master.c
      Source file:   Libraries\Cordio\controller\sources\ble\bb\bb_ble_cis_master.c
      Source file:   Libraries\Cordio\controller\sources\ble\bb\bb_ble_conn_master.c
      Source file:   Libraries\Cordio\ble-profiles\sources\services\svc_wp.c
      Source file:   Libraries\Cordio\controller\sources\ble\bb\bb_ble_cis_slave.c
      Source file:   Libraries\Cordio\controller\sources\ble\bb\bb_ble_main.c
      Source file:   Libraries\Cordio\controller\sources\ble\bb\bb_ble_adv_master.c
      Source file:   Libraries\Cordio\controller\sources\ble\bb\bb_ble_periodiclist.c
      Source file:   Libraries\Cordio\controller\sources\ble\bb\bb_ble_whitelist.c
      Source file:   Libraries\Cordio\controller\sources\ble\bb\bb_ble_cis.c
      Source file:   Libraries\Cordio\controller\sources\ble\bb\bb_ble_sniffer.c
      Source file:   Libraries\Cordio\controller\sources\ble\lctr\lctr_act_adv_master.c
      Source file:   Libraries\Cordio\controller\sources\ble\bb\bb_ble_adv_slave_ae.c
      Source file:   Libraries\Cordio\controller\sources\ble\lctr\lctr_act_adv_master_ae.c
      Source file:   Libraries\Cordio\controller\sources\ble\lctr\lctr_act_adv_slave.c
      Source file:   Libraries\Cordio\controller\sources\ble\lctr\lctr_act_bis_slave.c
      Source file:   Libraries\Cordio\controller\sources\ble\lctr\lctr_act_cis.c
      Source file:   Libraries\Cordio\controller\sources\ble\lctr\lctr_act_cis_slave.c
      Source file:   Libraries\Cordio\controller\sources\ble\bb\bb_ble_adv_slave.c
      Source file:   Libraries\Cordio\controller\sources\ble\bb\bb_ble_conn.c
      Source file:   Libraries\Cordio\controller\sources\ble\lctr\lctr_act_adv_slave_ae.c
      Source file:   Libraries\Cordio\controller\sources\ble\bb\bb_ble_conn_slave.c
      Source file:   Libraries\Cordio\controller\sources\ble\bb\bb_ble_adv_master_ae.c
      Source file:   Libraries\Cordio\controller\sources\ble\bb\bb_ble_bis_slave.c
      Source file:   Libraries\Cordio\controller\sources\ble\init\init.c
      Source file:   Libraries\Cordio\controller\sources\ble\init\init_ctr.c
      Source file:   Libraries\Cordio\controller\sources\ble\lctr\lctr_isr_conn_slave.c
      Source file:   Libraries\Cordio\controller\sources\ble\lctr\lctr_isr_conn_master.c
      Source file:   Libraries\Cordio\controller\sources\ble\lctr\lctr_act_pc.c
      Source file:   Libraries\Cordio\controller\sources\ble\lctr\lctr_isr_bis_slave.c
      Source file:   Libraries\Cordio\controller\sources\ble\lctr\lctr_main_adv_slave.c
      Source file:   Libraries\Cordio\controller\sources\ble\lctr\lctr_main_adv_slave_ae.c
      Source file:   Libraries\Cordio\controller\sources\ble\lctr\lctr_isr_cis.c
      Source file:   Libraries\Cordio\controller\sources\ble\lctr\lctr_act_phy.c
      Source file:   Libraries\Cordio\controller\sources\ble\lctr\lctr_isr_adv_master.c
      Source file:   Libraries\Cordio\controller\sources\ble\lctr\lctr_main_bis.c
      Source file:   Libraries\Cordio\controller\sources\ble\lctr\lctr_act_init_master_ae.c
      Source file:   Libraries\Cordio\controller\sources\ble\lctr\lctr_isr_cis_master.c
      Source file:   Libraries\Cordio\controller\sources\ble\lctr\lctr_main_adv_master.c
      Source file:   Libraries\Cordio\controller\sources\ble\lctr\lctr_main_bis_master.c
      Source file:   Libraries\Cordio\controller\sources\ble\lctr\lctr_main_bis_slave.c
      Source file:   Libraries\Cordio\controller\sources\ble\lctr\lctr_act_conn_master.c
      Source file:   Libraries\Cordio\controller\sources\ble\lctr\lctr_isr_cis_slave.c
      Source file:   Libraries\Cordio\controller\sources\ble\lctr\lctr_act_conn_past.c
      Source file:   Libraries\Cordio\controller\sources\ble\lctr\lctr_act_conn_master_ae.c
      Source file:   Libraries\Cordio\controller\sources\ble\lctr\lctr_isr_adv_master_ae.c
      Source file:   Libraries\Cordio\controller\sources\ble\lctr\lctr_act_init_master.c
      Source file:   Libraries\Cordio\controller\sources\ble\lctr\lctr_isr_adv_slave_ae.c
      Source file:   Libraries\Cordio\controller\sources\ble\lctr\lctr_isr_bis_master.c
      Source file:   Libraries\Cordio\controller\sources\ble\lctr\lctr_isr_conn.c
      Source file:   Libraries\Cordio\controller\sources\ble\lctr\lctr_act_conn.c
      Source file:   Libraries\Cordio\controller\sources\ble\lctr\lctr_act_enc.c
      Source file:   Libraries\Cordio\controller\sources\ble\lctr\lctr_isr_adv_slave.c
      Source file:   Libraries\Cordio\controller\sources\ble\lctr\lctr_isr_init_master_ae.c
      Source file:   Libraries\Cordio\controller\sources\ble\lctr\lctr_act_enc_master.c
      Source file:   Libraries\Cordio\controller\sources\ble\lctr\lctr_isr_init_master.c
      Source file:   Libraries\Cordio\controller\sources\ble\lctr\lctr_main.c
[...]
      Source file:   Libraries\Cordio\controller\sources\ble\ll\ll_main_adv_master.c
      Source file:   Libraries\Cordio\controller\sources\ble\ll\ll_init_iso.c
      Source file:   Libraries\Cordio\controller\sources\ble\ll\ll_main_cis_master.c
      Source file:   Libraries\Cordio\controller\sources\ble\ll\ll_main_conn_master.c
      Source file:   Libraries\Cordio\controller\sources\ble\ll\ll_main_conn_master_ae.c
      Source file:   Libraries\Cordio\controller\sources\ble\ll\ll_main.c
      Source file:   Libraries\Cordio\controller\sources\ble\ll\ll_init_sc.c
      Source file:   Libraries\Cordio\controller\sources\ble\ll\ll_main_past.c
      Source file:   Libraries\Cordio\controller\sources\ble\ll\ll_main_pc.c
      Source file:   Libraries\Cordio\controller\sources\ble\ll\ll_main_enc_slave.c
      Source file:   Libraries\Cordio\controller\sources\ble\lmgr\lmgr_main_adv_master_ae.c
      Source file:   Libraries\Cordio\controller\sources\ble\ll\ll_main_priv.c
      Source file:   Libraries\Cordio\controller\sources\ble\lmgr\lmgr_main_iso.c
      Source file:   Libraries\Cordio\controller\sources\ble\lmgr\lmgr_main_conn.c
      Source file:   Libraries\Cordio\controller\sources\ble\lmgr\lmgr_main_sc.c
      Source file:   Libraries\Cordio\controller\sources\ble\sch\sch_ble.c
      Source file:   Libraries\Cordio\controller\sources\ble\lmgr\lmgr_main_master.c
      Source file:   Libraries\Cordio\controller\sources\ble\ll\ll_main_enc_master.c
      Source file:   Libraries\Cordio\controller\sources\ble\lmgr\lmgr_main.c
      Source file:   Libraries\Cordio\controller\sources\ble\lmgr\lmgr_main_priv.c
      Source file:   Libraries\Cordio\controller\sources\ble\sch\sch_rm.c
      Source file:   Libraries\Cordio\controller\sources\common\bb\bb_main.c
      Source file:   Libraries\Cordio\controller\sources\common\chci\chci_tr.c
      Source file:   Libraries\Cordio\controller\sources\ble\ll\ll_main_diag.c
      Source file:   Libraries\Cordio\controller\sources\common\sch\sch_list.c
      Source file:   Libraries\Cordio\controller\sources\ble\lmgr\lmgr_main_slave.c
      Source file:   Libraries\Cordio\controller\sources\ble\lmgr\lmgr_events.c
      Source file:   Libraries\Cordio\platform\targets\maxim\max32655\sources\pal_btn.c
      Source file:   Libraries\Cordio\platform\targets\maxim\max32655\sources\pal_codec.c
      Source file:   Libraries\Cordio\controller\sources\ble\ll\ll_main_sc.c
      Source file:   Libraries\Cordio\controller\sources\ble\ll\ll_main_dtm.c
      Source file:   Libraries\Cordio\controller\sources\ble\ll\ll_main_iso.c
      Source file:   Libraries\Cordio\controller\sources\common\sch\sch_main.c
      Source file:   Libraries\Cordio\platform\targets\maxim\max32655\sources\pal_cfg.c
      Source file:   Libraries\Cordio\controller\sources\ble\ll\ll_math.c
      Source file:   Libraries\Cordio\controller\sources\ble\ll\ll_main_phy.c
      Source file:   Libraries\Cordio\controller\sources\ble\lmgr\lmgr_main_cis_master.c
      Source file:   Libraries\Cordio\controller\sources\ble\sch\sch_tm.c
      Source file:   Libraries\Cordio\controller\sources\ble\lmgr\lmgr_main_adv_slave_ae.c
      Source file:   Libraries\Cordio\platform\targets\maxim\max32655\sources\pal_sys.c
      Source file:   Libraries\Cordio\wsf\sources\targets\baremetal\wsf_bufio.c
      Source file:   Libraries\Cordio\wsf\sources\targets\baremetal\wsf_os.c
      Source file:   Libraries\Cordio\wsf\sources\targets\baremetal\wsf_heap.c
      Source file:   Libraries\Cordio\wsf\sources\targets\baremetal\wsf_queue.c
      Source file:   Libraries\Cordio\platform\targets\maxim\max32655\sources\pal_uart.c
      Source file:   Libraries\Cordio\wsf\sources\targets\baremetal\wsf_detoken.c
      Source file:   Libraries\Cordio\wsf\sources\targets\baremetal\wsf_cs.c
      Source file:   Libraries\Cordio\wsf\sources\targets\baremetal\wsf_trace.c
      Source file:   Libraries\Cordio\wsf\sources\util\fcs.c
      Source file:   Libraries\Cordio\platform\targets\maxim\max32655\sources\pal_crypto.c
      Source file:   Libraries\Cordio\platform\targets\maxim\max32655\sources\pal_i2s.c
      Source file:   Libraries\Cordio\wsf\sources\util\bda.c
      Source file:   Libraries\Cordio\wsf\sources\util\print.c
      Source file:   Libraries\Cordio\platform\targets\maxim\max32655\sources\pal_rtc.c
      Source file:   Libraries\Cordio\wsf\sources\util\calc128.c
      Source file:   Libraries\Cordio\wsf\sources\util\terminal.c
      Source file:   Libraries\Cordio\wsf\sources\targets\baremetal\wsf_timer.c
      Source file:   Libraries\Cordio\wsf\sources\util\prand.c
      Source file:   Libraries\Cordio\platform\targets\maxim\max32655\sources\pal_led.c
      Source file:   Libraries\Cordio\thirdparty\uecc\uECC_ll.c
      Source file:   Libraries\Cordio\wsf\sources\targets\baremetal\wsf_efs.c
      Source file:   Libraries\Cordio\platform\targets\maxim\max32655\sources\pal_flash.c
      Source file:   Libraries\Cordio\wsf\sources\targets\baremetal\wsf_buf.c
      Source file:   Libraries\Cordio\wsf\sources\targets\baremetal\wsf_assert.c
      Source file:   Libraries\Cordio\wsf\sources\targets\baremetal\wsf_msg.c
      Source file:   Libraries\Cordio\wsf\sources\targets\baremetal\wsf_nvm.c
      Source file:   Libraries\Cordio\thirdparty\uecc\uECC.c
      Source file:   Libraries\Cordio\platform\targets\maxim\max32655\sources\pal_twi.c
      Source file:   Libraries\Cordio\wsf\sources\util\bstream.c
      Source file:   Libraries\Cordio\wsf\sources\util\crc32.c
      Source file:   Libraries\Cordio\platform\targets\maxim\max32655\sources\pal_timer.c
      Library file:  Libraries\BlePhy\MAX32655\ARM\libphy_keil.lib
      Source file:   Libraries\Cordio\wsf\sources\util\wstr.c
      Source file:   Libraries\Cordio\ble-host\sources\hci\exactle\hci_cmd.c
      Source file:   Libraries\Cordio\ble-host\sources\hci\exactle\hci_cmd_ae.c
      Source file:   Libraries\Cordio\ble-host\sources\hci\exactle\hci_cmd_enc.c
      Source file:   Libraries\Cordio\ble-host\sources\hci\exactle\hci_cmd_master_ae.c
      Source file:   Libraries\Cordio\ble-host\sources\hci\exactle\hci_cmd_past.c
      Source file:   Libraries\Cordio\ble-host\sources\hci\exactle\hci_cmd_master.c
      Source file:   Libraries\Cordio\ble-apps\sources\hidapp\hidapp_main.c
      Source file:   Libraries\Cordio\ble-host\sources\hci\exactle\hci_core_ps.c
      Source file:   Libraries\Cordio\ble-host\sources\hci\common\hci_core.c
      Source file:   Libraries\Cordio\ble-host\sources\hci\exactle\hci_cmd_phy.c
      Source file:   Libraries\Cordio\ble-host\sources\hci\exactle\hci_cmd_bis.c
      Source file:   Libraries\Cordio\ble-host\sources\hci\exactle\hci_evt.c
      Source file:   Libraries\Cordio\ble-host\sources\hci\exactle\hci_vs.c
      Source file:   Libraries\Cordio\ble-host\sources\hci\common\hci_tr.c
      Source file:   Libraries\Cordio\ble-host\sources\hci\exactle\hci_cmd_cte.c
      Source file:   Libraries\Cordio\ble-host\sources\hci\exactle\hci_cmd_cis.c
      Source file:   Libraries\Cordio\ble-host\sources\sec\common\sec_ecc_hci.c
      Source file:   Libraries\Cordio\ble-host\sources\stack\att\atts_dyn.c
      Source file:   Libraries\Cordio\ble-host\sources\stack\att\attc_main.c
      Source file:   Libraries\Cordio\ble-host\sources\sec\common\sec_aes.c
      Source file:   Libraries\Cordio\ble-host\sources\stack\att\attc_eatt.c
      Source file:   Libraries\Cordio\ble-host\sources\stack\att\attc_sign.c
      Source file:   Libraries\Cordio\ble-host\sources\sec\common\sec_aes_rev.c
      Source file:   Libraries\Cordio\ble-host\sources\stack\att\atts_write.c
      Source file:   Libraries\Cordio\ble-host\sources\stack\att\atts_ind.c
      Source file:   Libraries\Cordio\ble-host\sources\stack\att\att_eatt.c
      Source file:   Libraries\Cordio\ble-host\sources\sec\common\sec_ccm_hci.c
      Source file:   Libraries\Cordio\ble-host\sources\stack\att\att_uuid.c
      Source file:   Libraries\Cordio\ble-host\sources\stack\cfg\cfg_stack.c
      Source file:   Libraries\Cordio\ble-host\sources\stack\dm\dm_adv.c
      Source file:   Libraries\Cordio\ble-host\sources\stack\dm\dm_adv_ae.c
      Source file:   Libraries\Cordio\ble-host\sources\stack\att\atts_csf.c
      Source file:   Libraries\Cordio\ble-host\sources\sec\common\sec_main.c
      Source file:   Libraries\Cordio\ble-host\sources\stack\att\atts_eatt.c
      Source file:   Libraries\Cordio\ble-host\sources\sec\common\sec_cmac_hci.c
      Source file:   Libraries\Cordio\ble-host\sources\stack\att\atts_main.c
      Source file:   Libraries\Cordio\ble-host\sources\stack\att\atts_read.c
      Source file:   Libraries\Cordio\ble-host\sources\hci\exactle\hci_vs_ae.c
      Source file:   Libraries\Cordio\ble-host\sources\stack\att\atts_sign.c
      Source file:   Libraries\Cordio\ble-host\sources\stack\dm\dm_adv_leg.c
      Source file:   Libraries\Cordio\ble-host\sources\stack\att\attc_disc.c
      Source file:   Libraries\Cordio\ble-host\sources\stack\att\attc_read.c
      Source file:   Libraries\Cordio\ble-host\sources\stack\att\atts_ccc.c
      Source file:   Libraries\Cordio\ble-host\sources\stack\att\attc_proc.c
      Source file:   Libraries\Cordio\ble-host\sources\stack\att\atts_proc.c
      Source file:   Libraries\Cordio\ble-host\sources\stack\att\att_main.c
      Source file:   Libraries\Cordio\ble-host\sources\stack\att\attc_write.c
      Source file:   Libraries\Cordio\ble-host\sources\stack\dm\dm_bis_master.c
      Source file:   Libraries\Cordio\ble-host\sources\stack\dm\dm_priv.c
      Source file:   Libraries\Cordio\ble-host\sources\stack\dm\dm_cis_slave.c
      Source file:   Libraries\Cordio\ble-host\sources\stack\dm\dm_conn_sm.c
      Source file:   Libraries\Cordio\ble-host\sources\stack\dm\dm_sec_lesc.c
      Source file:   Libraries\Cordio\ble-host\sources\stack\dm\dm_sec_master.c
      Source file:   Libraries\Cordio\ble-host\sources\stack\dm\dm_scan_leg.c
      Source file:   Libraries\Cordio\ble-host\sources\stack\dm\dm_conn_slave.c
      Source file:   Libraries\Cordio\ble-host\sources\stack\dm\dm_sec_slave.c
      Source file:   Libraries\Cordio\ble-host\sources\stack\l2c\l2c_main.c
      Source file:   Libraries\Cordio\ble-host\sources\stack\l2c\l2c_master.c
      Source file:   Libraries\Cordio\ble-host\sources\stack\dm\dm_conn_slave_ae.c
      Source file:   Libraries\Cordio\ble-host\sources\stack\dm\dm_cis.c
      Source file:   Libraries\Cordio\ble-host\sources\stack\dm\dm_cis_master.c
      Source file:   Libraries\Cordio\ble-host\sources\stack\dm\dm_conn_master_leg.c
      Source file:   Libraries\Cordio\ble-host\sources\stack\dm\dm_dev.c
      Source file:   Libraries\Cordio\ble-host\sources\stack\dm\dm_conn_master.c
      Source file:   Libraries\Cordio\ble-host\sources\stack\dm\dm_main.c
      Source file:   Libraries\Cordio\ble-host\sources\stack\dm\dm_cis_sm.c
      Source file:   Libraries\Cordio\ble-host\sources\stack\dm\dm_conn_slave_leg.c
      Source file:   Libraries\Cordio\ble-host\sources\stack\dm\dm_conn_cte.c
      Source file:   Libraries\Cordio\ble-host\sources\stack\dm\dm_past.c
      Source file:   Libraries\Cordio\ble-host\sources\stack\dm\dm_phy.c
      Source file:   Libraries\Cordio\ble-host\sources\stack\dm\dm_conn_master_ae.c
      Source file:   Libraries\Cordio\ble-host\sources\stack\dm\dm_dev_priv.c
      Source file:   Libraries\Cordio\ble-host\sources\stack\dm\dm_conn.c
      Source file:   Libraries\Cordio\ble-host\sources\stack\dm\dm_sec.c
      Source file:   Libraries\Cordio\ble-host\sources\stack\hci\hci_main.c
      Source file:   Libraries\Cordio\ble-host\sources\stack\l2c\l2c_coc.c
      Source file:   Libraries\Cordio\ble-host\sources\stack\dm\dm_bis_slave.c
      Source file:   Libraries\Cordio\ble-host\sources\stack\dm\dm_scan_ae.c
      Source file:   Libraries\Cordio\ble-host\sources\stack\dm\dm_sync_ae.c
      Source file:   Libraries\Cordio\ble-host\sources\stack\dm\dm_scan.c
      Source file:   Libraries\Cordio\ble-profiles\sources\af\app_terminal.c
      Source file:   Libraries\Cordio\ble-host\sources\stack\smp\smp_db.c
      Source file:   Libraries\Cordio\ble-host\sources\stack\smp\smpi_sc_sm.c
      Source file:   Libraries\Cordio\ble-host\sources\stack\smp\smpi_sc_act.c
      Source file:   Libraries\Cordio\ble-profiles\sources\af\app_master.c
      Source file:   Libraries\Cordio\ble-host\sources\stack\smp\smpr_sc_act.c
      Source file:   Libraries\Cordio\ble-profiles\sources\af\app_master_ae.c
      Source file:   Libraries\Cordio\ble-profiles\sources\af\app_server.c
      Source file:   Libraries\Cordio\ble-host\sources\stack\smp\smp_non.c
      Source file:   Libraries\Cordio\ble-profiles\sources\af\app_slave.c
      Source file:   Libraries\Cordio\ble-profiles\sources\af\common\ui_lcd.c
      Source file:   Libraries\Cordio\ble-profiles\sources\af\app_slave_leg.c
      Source file:   Libraries\Cordio\ble-profiles\sources\af\app_slave_ae.c
      Source file:   Libraries\Cordio\ble-profiles\sources\af\common\app_hw.c
      Source file:   Libraries\Cordio\ble-profiles\sources\af\common\ui_main.c
      Source file:   Libraries\Cordio\ble-host\sources\stack\smp\smp_act.c
      Source file:   Libraries\Cordio\ble-host\sources\stack\l2c\l2c_slave.c
      Source file:   Libraries\Cordio\ble-host\sources\stack\smp\smp_main.c
      Source file:   Libraries\Cordio\ble-profiles\sources\af\common\ui_platform.c
      Source file:   Libraries\Cordio\ble-host\sources\stack\smp\smp_sc_act.c
      Source file:   Libraries\Cordio\ble-profiles\sources\af\app_disc.c
      Source file:   Libraries\Cordio\ble-profiles\sources\af\app_main.c
      Source file:   Libraries\Cordio\ble-profiles\sources\af\common\app_db.c
      Source file:   Libraries\Cordio\ble-profiles\sources\af\common\ui_console.c
      Source file:   Libraries\Cordio\ble-host\sources\stack\smp\smpi_act.c
      Source file:   Libraries\Cordio\ble-host\sources\stack\smp\smpr_act.c
      Source file:   Libraries\Cordio\ble-host\sources\stack\smp\smpr_sm.c
      Source file:   Libraries\Cordio\ble-host\sources\stack\smp\smpi_sm.c
      Source file:   Libraries\Cordio\ble-host\sources\stack\smp\smp_sc_main.c
      Source file:   Libraries\Cordio\ble-profiles\sources\af\app_master_leg.c
      Source file:   Libraries\Cordio\ble-host\sources\stack\smp\smpr_sc_sm.c
      Source file:   Libraries\Cordio\ble-profiles\sources\af\common\app_ui.c
      Source file:   Libraries\Cordio\ble-profiles\sources\profiles\uribeacon\uricfg_main.c
      Source file:   Libraries\Cordio\ble-profiles\sources\profiles\fmpl\fmpl_main.c
      Source file:   Libraries\Cordio\ble-profiles\sources\profiles\atps\atps_main.c
      Source file:   Libraries\Cordio\ble-profiles\sources\profiles\hrpc\hrpc_main.c
      Source file:   Libraries\Cordio\ble-profiles\sources\profiles\htpc\htpc_main.c
      Source file:   Libraries\Cordio\ble-profiles\sources\profiles\atpc\atpc_main.c
      Source file:   Libraries\Cordio\ble-profiles\sources\profiles\hid\hid_main.c
      Source file:   Libraries\Cordio\ble-profiles\sources\profiles\glps\glps_db.c
      Source file:   Libraries\Cordio\ble-profiles\sources\profiles\htps\htps_main.c
      Source file:   Libraries\Cordio\ble-profiles\sources\af\common\ui_timer.c
      Source file:   Libraries\Cordio\ble-profiles\sources\profiles\hrps\hrps_main.c
      Source file:   Libraries\Cordio\ble-profiles\sources\profiles\plxps\plxps_main.c
      Source file:   Libraries\Cordio\ble-profiles\sources\profiles\cscp\cscps_main.c
      Source file:   Libraries\Cordio\ble-profiles\sources\profiles\dis\dis_main.c
      Source file:   Libraries\Cordio\ble-profiles\sources\profiles\plxpc\plxpc_main.c
      Source file:   Libraries\Cordio\ble-profiles\sources\profiles\anpc\anpc_main.c
      Source file:   Libraries\Cordio\ble-profiles\sources\profiles\gap\gap_main.c
      Source file:   Libraries\Cordio\ble-profiles\sources\profiles\plxps\plxps_db.c
      Source file:   Libraries\Cordio\ble-profiles\sources\profiles\sensor\gyro_main.c
      Source file:   Libraries\Cordio\ble-profiles\sources\profiles\tipc\tipc_main.c
      Source file:   Libraries\Cordio\ble-profiles\sources\profiles\bas\bas_main.c
      Source file:   Libraries\Cordio\ble-profiles\sources\profiles\glps\glps_main.c
      Source file:   Libraries\Cordio\ble-profiles\sources\profiles\scpps\scpps_main.c
      Source file:   Libraries\Cordio\ble-profiles\sources\profiles\udsc\udsc_main.c
      Source file:   Libraries\Cordio\ble-profiles\sources\profiles\blps\blps_main.c
      Source file:   Libraries\Cordio\ble-profiles\sources\profiles\glpc\glpc_main.c
      Source file:   Libraries\Cordio\ble-profiles\sources\profiles\gatt\gatt_main.c
      Source file:   Libraries\Cordio\ble-profiles\sources\profiles\paspc\paspc_main.c
      Source file:   Libraries\Cordio\ble-profiles\sources\profiles\cpp\cpps_main.c
      Source file:   Libraries\Cordio\ble-profiles\sources\profiles\rscp\rscps_main.c
      Source file:   Libraries\Cordio\ble-profiles\sources\profiles\sensor\temp_main.c
      Source file:   Libraries\Cordio\ble-profiles\sources\profiles\blpc\blpc_main.c
      Source file:   Libraries\Cordio\ble-profiles\sources\services\svc_alert.c
      Source file:   Libraries\Cordio\ble-profiles\sources\profiles\wspc\wspc_main.c
      Source file:   Libraries\Cordio\ble-profiles\sources\services\svc_hid.c
      Source file:   Libraries\Cordio\ble-profiles\sources\profiles\wpc\wpc_main.c
      Source file:   Libraries\Cordio\ble-profiles\sources\services\svc_hrs.c
      Source file:   Libraries\Cordio\ble-profiles\sources\profiles\wsps\wsps_main.c
      Source file:   Libraries\Cordio\ble-profiles\sources\services\svc_bps.c
      Source file:   Libraries\Cordio\ble-profiles\sources\services\svc_batt.c
      Source file:   Libraries\Cordio\ble-profiles\sources\services\svc_core.c
      Source file:   Libraries\Cordio\ble-profiles\sources\services\svc_gls.c
      Source file:   Libraries\Cordio\ble-profiles\sources\services\svc_cte.c
      Source file:   Libraries\Cordio\ble-profiles\sources\services\svc_ipss.c
      Source file:   Libraries\Cordio\ble-profiles\sources\profiles\wdxs\wdxs_ft.c
      Source file:   Libraries\Cordio\ble-profiles\sources\profiles\wdxs\wdxs_phy.c
      Source file:   Libraries\Cordio\ble-profiles\sources\services\svc_plxs.c
      Source file:   Libraries\Cordio\ble-profiles\sources\services\svc_cps.c
      Source file:   Libraries\Cordio\ble-profiles\sources\services\svc_hts.c
      Source file:   Libraries\Cordio\ble-profiles\sources\services\svc_dis.c
      Source file:   Libraries\Cordio\ble-profiles\sources\profiles\wdxc\wdxc_main.c
      Source file:   Libraries\Cordio\ble-profiles\sources\services\svc_px.c
      Source file:   Libraries\Cordio\ble-profiles\sources\services\svc_cscs.c
      Source file:   Libraries\Cordio\ble-profiles\sources\services\svc_rscs.c
      Source file:   Libraries\Cordio\ble-profiles\sources\profiles\wdxc\wdxc_ft.c
      Source file:   Libraries\Cordio\ble-profiles\sources\profiles\wdxs\wdxs_dc.c
      Source file:   Libraries\Cordio\ble-profiles\sources\services\svc_gyro.c
      Source file:   Libraries\Cordio\ble-profiles\sources\profiles\wdxc\wdxc_stream.c
      Source file:   Libraries\Cordio\ble-profiles\sources\profiles\wdxs\wdxs_au.c
      Source file:   Libraries\Cordio\ble-profiles\sources\services\svc_scpss.c
      Source file:   Libraries\Cordio\ble-profiles\sources\services\svc_temp.c
      Source file:   Libraries\Cordio\ble-profiles\sources\services\svc_time.c
      Source file:   Libraries\Cordio\ble-profiles\sources\profiles\wdxs\wdxs_main.c
      Source file:   Libraries\Cordio\ble-profiles\sources\profiles\wdxs\wdxs_stream.c
      Source file:   Libraries\Cordio\ble-profiles\sources\services\svc_uricfg.c
      Source file:   Libraries\Cordio\ble-profiles\sources\services\svc_wdxs.c
Build Time Elapsed:  00:10:55
</pre>
</body>
</html>
