Archive member included to satisfy reference by file (symbol)

/home/eric-busch/Workspace/msdk/Libraries/PeriphDrivers/bin/MAX32690/spi-v1_softfp/libPeriphDriver_spi-v1_softfp.a(sys_me18.o)
                              /home/eric-busch/Workspace/msdk/Examples/MAX32690/USB/MAXUSB/UART_Passthrough/build/main.o (MXC_SYS_ClockDisable)
/home/eric-busch/Workspace/msdk/Libraries/PeriphDrivers/bin/MAX32690/spi-v1_softfp/libPeriphDriver_spi-v1_softfp.a(ctb_me18.o)
                              /home/eric-busch/Workspace/msdk/Libraries/PeriphDrivers/bin/MAX32690/spi-v1_softfp/libPeriphDriver_spi-v1_softfp.a(sys_me18.o) (MXC_CTB_Init)
/home/eric-busch/Workspace/msdk/Libraries/PeriphDrivers/bin/MAX32690/spi-v1_softfp/libPeriphDriver_spi-v1_softfp.a(ctb_reva.o)
                              /home/eric-busch/Workspace/msdk/Libraries/PeriphDrivers/bin/MAX32690/spi-v1_softfp/libPeriphDriver_spi-v1_softfp.a(ctb_me18.o) (MXC_CTB_RevA_Init)
/home/eric-busch/Workspace/msdk/Libraries/PeriphDrivers/bin/MAX32690/spi-v1_softfp/libPeriphDriver_spi-v1_softfp.a(ctb_common.o)
                              /home/eric-busch/Workspace/msdk/Libraries/PeriphDrivers/bin/MAX32690/spi-v1_softfp/libPeriphDriver_spi-v1_softfp.a(ctb_me18.o) (MXC_CTB_Common_Hash_GetBlockSize)
/home/eric-busch/Workspace/msdk/Libraries/PeriphDrivers/bin/MAX32690/spi-v1_softfp/libPeriphDriver_spi-v1_softfp.a(flc_me18.o)
                              /home/eric-busch/Workspace/msdk/Libraries/PeriphDrivers/bin/MAX32690/spi-v1_softfp/libPeriphDriver_spi-v1_softfp.a(sys_me18.o) (MXC_FLC_UnlockInfoBlock)
/home/eric-busch/Workspace/msdk/Libraries/PeriphDrivers/bin/MAX32690/spi-v1_softfp/libPeriphDriver_spi-v1_softfp.a(flc_reva.o)
                              /home/eric-busch/Workspace/msdk/Libraries/PeriphDrivers/bin/MAX32690/spi-v1_softfp/libPeriphDriver_spi-v1_softfp.a(flc_me18.o) (MXC_FLC_RevA_Busy)
/home/eric-busch/Workspace/msdk/Libraries/PeriphDrivers/bin/MAX32690/spi-v1_softfp/libPeriphDriver_spi-v1_softfp.a(gpio_me18.o)
                              /home/eric-busch/Workspace/msdk/Examples/MAX32690/USB/MAXUSB/UART_Passthrough/build/pb.o (MXC_GPIO_InGet)
/home/eric-busch/Workspace/msdk/Libraries/PeriphDrivers/bin/MAX32690/spi-v1_softfp/libPeriphDriver_spi-v1_softfp.a(gpio_reva.o)
                              /home/eric-busch/Workspace/msdk/Libraries/PeriphDrivers/bin/MAX32690/spi-v1_softfp/libPeriphDriver_spi-v1_softfp.a(gpio_me18.o) (MXC_GPIO_RevA_InGet)
/home/eric-busch/Workspace/msdk/Libraries/PeriphDrivers/bin/MAX32690/spi-v1_softfp/libPeriphDriver_spi-v1_softfp.a(i2c_me18.o)
                              /home/eric-busch/Workspace/msdk/Examples/MAX32690/USB/MAXUSB/UART_Passthrough/build/max9867.o (MXC_I2C_MasterTransaction)
/home/eric-busch/Workspace/msdk/Libraries/PeriphDrivers/bin/MAX32690/spi-v1_softfp/libPeriphDriver_spi-v1_softfp.a(i2c_reva.o)
                              /home/eric-busch/Workspace/msdk/Libraries/PeriphDrivers/bin/MAX32690/spi-v1_softfp/libPeriphDriver_spi-v1_softfp.a(i2c_me18.o) (MXC_I2C_RevA_DMACallback)
/home/eric-busch/Workspace/msdk/Libraries/PeriphDrivers/bin/MAX32690/spi-v1_softfp/libPeriphDriver_spi-v1_softfp.a(icc_me18.o)
                              /home/eric-busch/Workspace/msdk/Examples/MAX32690/USB/MAXUSB/UART_Passthrough/build/system_max32690.o (MXC_ICC_Enable)
/home/eric-busch/Workspace/msdk/Libraries/PeriphDrivers/bin/MAX32690/spi-v1_softfp/libPeriphDriver_spi-v1_softfp.a(icc_reva.o)
                              /home/eric-busch/Workspace/msdk/Libraries/PeriphDrivers/bin/MAX32690/spi-v1_softfp/libPeriphDriver_spi-v1_softfp.a(icc_me18.o) (MXC_ICC_RevA_ID)
/home/eric-busch/Workspace/msdk/Libraries/PeriphDrivers/bin/MAX32690/spi-v1_softfp/libPeriphDriver_spi-v1_softfp.a(tmr_me18.o)
                              /home/eric-busch/Workspace/msdk/Examples/MAX32690/USB/MAXUSB/UART_Passthrough/build/main.o (MXC_TMR_Init)
/home/eric-busch/Workspace/msdk/Libraries/PeriphDrivers/bin/MAX32690/spi-v1_softfp/libPeriphDriver_spi-v1_softfp.a(tmr_revb.o)
                              /home/eric-busch/Workspace/msdk/Libraries/PeriphDrivers/bin/MAX32690/spi-v1_softfp/libPeriphDriver_spi-v1_softfp.a(tmr_me18.o) (MXC_TMR_RevB_LockClockSource)
/home/eric-busch/Workspace/msdk/Libraries/PeriphDrivers/bin/MAX32690/spi-v1_softfp/libPeriphDriver_spi-v1_softfp.a(uart_me18.o)
                              /home/eric-busch/Workspace/msdk/Examples/MAX32690/USB/MAXUSB/UART_Passthrough/build/board.o (MXC_UART_Shutdown)
/home/eric-busch/Workspace/msdk/Libraries/PeriphDrivers/bin/MAX32690/spi-v1_softfp/libPeriphDriver_spi-v1_softfp.a(uart_revb.o)
                              /home/eric-busch/Workspace/msdk/Libraries/PeriphDrivers/bin/MAX32690/spi-v1_softfp/libPeriphDriver_spi-v1_softfp.a(uart_me18.o) (MXC_UART_RevB_Init)
/home/eric-busch/Workspace/msdk/Libraries/PeriphDrivers/bin/MAX32690/spi-v1_softfp/libPeriphDriver_spi-v1_softfp.a(mxc_delay.o)
[...]
Memory Configuration

Name             Origin             Length             Attributes
ROM              0x0000000000000000 0x0000000000020000 xr
FLASH            0x0000000010000000 0x0000000000340000 xr
PAL_NVM_DB       0x0000000010340000 0x0000000000000000 r
RISCV_FLASH      0x0000000000000000 0x0000000000000000 xr
SRAM             0x0000000020000000 0x0000000000100000 xrw
MAILBOX_0        0x0000000000000000 0x0000000000000000 rw
MAILBOX_1        0x0000000000000000 0x0000000000000000 rw
HPB_CS0          0x0000000060000000 0x0000000010000000 xrw
HPB_CS1          0x0000000070000000 0x0000000010000000 xrw
*default*        0x0000000000000000 0xffffffffffffffff

Linker script and memory map

LOAD /home/eric-busch/Tools/GNUTools/bin/../lib/gcc/arm-none-eabi/10.3.1/thumb/v7e-m+fp/softfp/crti.o
LOAD /home/eric-busch/Tools/GNUTools/bin/../lib/gcc/arm-none-eabi/10.3.1/thumb/v7e-m+fp/softfp/crtbegin.o
LOAD /home/eric-busch/Tools/GNUTools/bin/../lib/gcc/arm-none-eabi/10.3.1/../../../../arm-none-eabi/lib/thumb/v7e-m+fp/softfp/crt0.o
LOAD /home/eric-busch/Workspace/msdk/Examples/MAX32690/USB/MAXUSB/UART_Passthrough/build/main.o
LOAD /home/eric-busch/Workspace/msdk/Examples/MAX32690/USB/MAXUSB/UART_Passthrough/build/ring_buffer.o
LOAD /home/eric-busch/Workspace/msdk/Examples/MAX32690/USB/MAXUSB/UART_Passthrough/build/board.o
LOAD /home/eric-busch/Workspace/msdk/Examples/MAX32690/USB/MAXUSB/UART_Passthrough/build/stdio.o
LOAD /home/eric-busch/Workspace/msdk/Examples/MAX32690/USB/MAXUSB/UART_Passthrough/build/led.o
LOAD /home/eric-busch/Workspace/msdk/Examples/MAX32690/USB/MAXUSB/UART_Passthrough/build/mx25.o
LOAD /home/eric-busch/Workspace/msdk/Examples/MAX32690/USB/MAXUSB/UART_Passthrough/build/pb.o
LOAD /home/eric-busch/Workspace/msdk/Examples/MAX32690/USB/MAXUSB/UART_Passthrough/build/tft_st7735.o
LOAD /home/eric-busch/Workspace/msdk/Examples/MAX32690/USB/MAXUSB/UART_Passthrough/build/max9867.o
LOAD /home/eric-busch/Workspace/msdk/Examples/MAX32690/USB/MAXUSB/UART_Passthrough/build/startup_max32690.o
LOAD /home/eric-busch/Workspace/msdk/Examples/MAX32690/USB/MAXUSB/UART_Passthrough/build/heap.o
LOAD /home/eric-busch/Workspace/msdk/Examples/MAX32690/USB/MAXUSB/UART_Passthrough/build/system_max32690.o
START GROUP
LOAD /home/eric-busch/Workspace/msdk/Libraries/PeriphDrivers/bin/MAX32690/spi-v1_softfp/libPeriphDriver_spi-v1_softfp.a
LOAD /home/eric-busch/Workspace/msdk/Examples/MAX32690/USB/MAXUSB/UART_Passthrough/build/MAXUSB/maxusb.a
LOAD /home/eric-busch/Tools/GNUTools/bin/../lib/gcc/arm-none-eabi/10.3.1/../../../../arm-none-eabi/lib/thumb/v7e-m+fp/softfp/libc.a
LOAD /home/eric-busch/Tools/GNUTools/bin/../lib/gcc/arm-none-eabi/10.3.1/../../../../arm-none-eabi/lib/thumb/v7e-m+fp/softfp/libm.a
LOAD /home/eric-busch/Tools/GNUTools/bin/../lib/gcc/arm-none-eabi/10.3.1/../../../../arm-none-eabi/lib/thumb/v7e-m+fp/softfp/libnosys.a
END GROUP
START GROUP
LOAD /home/eric-busch/Tools/GNUTools/bin/../lib/gcc/arm-none-eabi/10.3.1/thumb/v7e-m+fp/softfp/libgcc.a
LOAD /home/eric-busch/Tools/GNUTools/bin/../lib/gcc/arm-none-eabi/10.3.1/../../../../arm-none-eabi/lib/thumb/v7e-m+fp/softfp/libc.a
END GROUP
LOAD /home/eric-busch/Tools/GNUTools/bin/../lib/gcc/arm-none-eabi/10.3.1/thumb/v7e-m+fp/softfp/crtend.o
LOAD /home/eric-busch/Tools/GNUTools/bin/../lib/gcc/arm-none-eabi/10.3.1/thumb/v7e-m+fp/softfp/crtn.o
                0x0000000010000000                ARM_FLASH_ORIGIN = _FLASH_ORIGIN
                0x0000000000340000                ARM_FLASH_SIZE = ((_FLASH_SIZE - _RISCV_FLASH_SIZE) - _PAL_NVM_SIZE)
                0x0000000010340000                PAL_NVM_ORIGIN = ((_FLASH_SIZE - _PAL_NVM_SIZE) + _FLASH_ORIGIN)
                0x0000000000000000                RISCV_FLASH_ORIGIN = _RISCV_FLASH_ORIGIN
                0x0000000000000000                RISCV_FLASH_SIZE = _RISCV_FLASH_SIZE
                0x0000000020000000                ARM_SRAM_ORIGIN = _SRAM_ORIGIN
                0x0000000000100000                ARM_SRAM_SIZE = (_SRAM_SIZE - _RISCV_SRAM_SIZE)
                0x0000000000000000                MAILBOX_ORIGIN = _RISCV_SRAM_ORIGIN
                0x0000000000000000                RISCV_SRAM_ORIGIN = _RISCV_SRAM_ORIGIN
                0x0000000000000000                RISCV_SRAM_SIZE = _RISCV_SRAM_SIZE

.rom
 *(.rom_vector)
 *(.rom_handlers*)

.text           0x0000000010000000     0xc8a4
                0x0000000010000000                _text = .
 *(.isr_vector)
 .isr_vector    0x0000000010000000      0x200 /home/eric-busch/Workspace/msdk/Examples/MAX32690/USB/MAXUSB/UART_Passthrough/build/startup_max32690.o
                0x0000000010000000                __isr_vector
 EXCLUDE_FILE(*riscv.o) *(.text*)
 .text          0x0000000010000200       0x40 /home/eric-busch/Tools/GNUTools/bin/../lib/gcc/arm-none-eabi/10.3.1/thumb/v7e-m+fp/softfp/crtbegin.o
 .text.setfeatureCallback
                0x0000000010000240       0x1c /home/eric-busch/Workspace/msdk/Examples/MAX32690/USB/MAXUSB/UART_Passthrough/build/main.o
 .text.clrfeatureCallback
                0x000000001000025c       0x18 /home/eric-busch/Workspace/msdk/Examples/MAX32690/USB/MAXUSB/UART_Passthrough/build/main.o
 .text.usbAppSleep
                0x0000000010000274        0xc /home/eric-busch/Workspace/msdk/Examples/MAX32690/USB/MAXUSB/UART_Passthrough/build/main.o
 .text.usbAppWakeup
                0x0000000010000280        0xc /home/eric-busch/Workspace/msdk/Examples/MAX32690/USB/MAXUSB/UART_Passthrough/build/main.o
 .text.usb_read_callback
                0x000000001000028c       0x10 /home/eric-busch/Workspace/msdk/Examples/MAX32690/USB/MAXUSB/UART_Passthrough/build/main.o
 .text.delay_us
                0x000000001000029c        0x8 /home/eric-busch/Workspace/msdk/Examples/MAX32690/USB/MAXUSB/UART_Passthrough/build/main.o
                0x000000001000029c                delay_us
 .text.event_callback
                0x00000000100002a4      0x100 /home/eric-busch/Workspace/msdk/Examples/MAX32690/USB/MAXUSB/UART_Passthrough/build/main.o
 .text.setconfig_callback
                0x00000000100003a4       0x80 /home/eric-busch/Workspace/msdk/Examples/MAX32690/USB/MAXUSB/UART_Passthrough/build/main.o
 .text.echo_usb
                0x0000000010000424       0x58 /home/eric-busch/Workspace/msdk/Examples/MAX32690/USB/MAXUSB/UART_Passthrough/build/main.o
 .text.usbStartupCallback
                0x000000001000047c       0x28 /home/eric-busch/Workspace/msdk/Examples/MAX32690/USB/MAXUSB/UART_Passthrough/build/main.o
                0x000000001000047c                usbStartupCallback
 .text.usbShutdownCallback
                0x00000000100004a4        0xc /home/eric-busch/Workspace/msdk/Examples/MAX32690/USB/MAXUSB/UART_Passthrough/build/main.o
                0x00000000100004a4                usbShutdownCallback
 .text.restart_oneshot_timer
                0x00000000100004b0       0x10 /home/eric-busch/Workspace/msdk/Examples/MAX32690/USB/MAXUSB/UART_Passthrough/build/main.o
                0x00000000100004b0                restart_oneshot_timer
 .text.startTx  0x00000000100004c0       0x4c /home/eric-busch/Workspace/msdk/Examples/MAX32690/USB/MAXUSB/UART_Passthrough/build/main.o
                0x00000000100004c0                startTx
 .text.uartRxCallback
                0x000000001000050c       0x44 /home/eric-busch/Workspace/msdk/Examples/MAX32690/USB/MAXUSB/UART_Passthrough/build/main.o
                0x000000001000050c                uartRxCallback
 .text.oneshot_init
                0x0000000010000550       0x68 /home/eric-busch/Workspace/msdk/Examples/MAX32690/USB/MAXUSB/UART_Passthrough/build/main.o
                0x0000000010000550                oneshot_init
 .text.TMR4_IRQHandler
                0x00000000100005b8       0x14 /home/eric-busch/Workspace/msdk/Examples/MAX32690/USB/MAXUSB/UART_Passthrough/build/main.o
                0x00000000100005b8                TMR4_IRQHandler
 .text.main     0x00000000100005cc      0x2fc /home/eric-busch/Workspace/msdk/Examples/MAX32690/USB/MAXUSB/UART_Passthrough/build/main.o
                0x00000000100005cc                main
 .text.USB_IRQHandler
                0x00000000100008c8        0x8 /home/eric-busch/Workspace/msdk/Examples/MAX32690/USB/MAXUSB/UART_Passthrough/build/main.o
                0x00000000100008c8                USB_IRQHandler
 .text.SysTick_Handler
                0x00000000100008d0        0x8 /home/eric-busch/Workspace/msdk/Examples/MAX32690/USB/MAXUSB/UART_Passthrough/build/main.o
                0x00000000100008d0                SysTick_Handler
 .text.ring_buffer_init
                0x00000000100008d8        0xc /home/eric-busch/Workspace/msdk/Examples/MAX32690/USB/MAXUSB/UART_Passthrough/build/ring_buffer.o
                0x00000000100008d8                ring_buffer_init
 .text.ring_buffer_put
                0x00000000100008e4       0x32 /home/eric-busch/Workspace/msdk/Examples/MAX32690/USB/MAXUSB/UART_Passthrough/build/ring_buffer.o
                0x00000000100008e4                ring_buffer_put
 .text.ring_buffer_get
                0x0000000010000916       0x36 /home/eric-busch/Workspace/msdk/Examples/MAX32690/USB/MAXUSB/UART_Passthrough/build/ring_buffer.o
                0x0000000010000916                ring_buffer_get
 .text.ring_buffer_get_data_cnt
                0x000000001000094c        0x6 /home/eric-busch/Workspace/msdk/Examples/MAX32690/USB/MAXUSB/UART_Passthrough/build/ring_buffer.o
                0x000000001000094c                ring_buffer_get_data_cnt
 *fill*         0x0000000010000952        0x2 
 .text.mxc_assert
                0x0000000010000954       0x10 /home/eric-busch/Workspace/msdk/Examples/MAX32690/USB/MAXUSB/UART_Passthrough/build/board.o
                0x0000000010000954                mxc_assert
 .text.GPIOWAKE_IRQHandler
                0x0000000010000964        0xa /home/eric-busch/Workspace/msdk/Examples/MAX32690/USB/MAXUSB/UART_Passthrough/build/board.o
                0x0000000010000964                GPIOWAKE_IRQHandler
 .text.GPIO2_IRQHandler
                0x000000001000096e        0xa /home/eric-busch/Workspace/msdk/Examples/MAX32690/USB/MAXUSB/UART_Passthrough/build/board.o
                0x000000001000096e                GPIO2_IRQHandler
 .text.Console_Init
                0x0000000010000978       0x18 /home/eric-busch/Workspace/msdk/Examples/MAX32690/USB/MAXUSB/UART_Passthrough/build/board.o
                0x0000000010000978                Console_Init
 .text.Board_Init
                0x0000000010000990       0x58 /home/eric-busch/Workspace/msdk/Examples/MAX32690/USB/MAXUSB/UART_Passthrough/build/board.o
                0x0000000010000990                Board_Init
 .text.NMI_Handler
                0x00000000100009e8       0x10 /home/eric-busch/Workspace/msdk/Examples/MAX32690/USB/MAXUSB/UART_Passthrough/build/board.o
                0x00000000100009e8                NMI_Handler
 .text.HardFault_Handler
                0x00000000100009f8       0x10 /home/eric-busch/Workspace/msdk/Examples/MAX32690/USB/MAXUSB/UART_Passthrough/build/board.o
                0x00000000100009f8                HardFault_Handler
 .text._close   0x0000000010000a08        0x6 /home/eric-busch/Workspace/msdk/Examples/MAX32690/USB/MAXUSB/UART_Passthrough/build/stdio.o
                0x0000000010000a08                _close
 .text._isatty  0x0000000010000a0e        0x6 /home/eric-busch/Workspace/msdk/Examples/MAX32690/USB/MAXUSB/UART_Passthrough/build/stdio.o
                0x0000000010000a0e                _isatty
 .text._lseek   0x0000000010000a14        0x6 /home/eric-busch/Workspace/msdk/Examples/MAX32690/USB/MAXUSB/UART_Passthrough/build/stdio.o
                0x0000000010000a14                _lseek
 .text._fstat   0x0000000010000a1a        0x6 /home/eric-busch/Workspace/msdk/Examples/MAX32690/USB/MAXUSB/UART_Passthrough/build/stdio.o
                0x0000000010000a1a                _fstat
 .text._read    0x0000000010000a20       0x50 /home/eric-busch/Workspace/msdk/Examples/MAX32690/USB/MAXUSB/UART_Passthrough/build/stdio.o
                0x0000000010000a20                _read
 .text._write   0x0000000010000a70       0x44 /home/eric-busch/Workspace/msdk/Examples/MAX32690/USB/MAXUSB/UART_Passthrough/build/stdio.o
                0x0000000010000a70                _write
 .text.LED_On   0x0000000010000ab4       0x44 /home/eric-busch/Workspace/msdk/Examples/MAX32690/USB/MAXUSB/UART_Passthrough/build/led.o
                0x0000000010000ab4                LED_On
 .text.LED_Off  0x0000000010000af8       0x44 /home/eric-busch/Workspace/msdk/Examples/MAX32690/USB/MAXUSB/UART_Passthrough/build/led.o
                0x0000000010000af8                LED_Off
 .text.LED_Init
                0x0000000010000b3c       0x3c /home/eric-busch/Workspace/msdk/Examples/MAX32690/USB/MAXUSB/UART_Passthrough/build/led.o
                0x0000000010000b3c                LED_Init
 .text.PB_Init  0x0000000010000b78       0x60 /home/eric-busch/Workspace/msdk/Examples/MAX32690/USB/MAXUSB/UART_Passthrough/build/pb.o
                0x0000000010000b78                PB_Init
 .text          0x0000000010000bd8      0x158 /home/eric-busch/Workspace/msdk/Examples/MAX32690/USB/MAXUSB/UART_Passthrough/build/startup_max32690.o
                0x0000000010000bd8                Reset_Handler
                0x0000000010000c18                MemManage_Handler
                0x0000000010000c1a                BusFault_Handler
                0x0000000010000c1c                UsageFault_Handler
                0x0000000010000c1e                SVC_Handler
                0x0000000010000c20                DebugMon_Handler
                0x0000000010000c22                PendSV_Handler
                0x0000000010000c26                Default_Handler
                0x0000000010000c28                PF_IRQHandler
                0x0000000010000c2a                WDT0_IRQHandler
                0x0000000010000c2e                RTC_IRQHandler
                0x0000000010000c30                TRNG_IRQHandler
                0x0000000010000c32                TMR0_IRQHandler
                0x0000000010000c34                TMR1_IRQHandler
                0x0000000010000c36                TMR2_IRQHandler
                0x0000000010000c38                TMR3_IRQHandler
                0x0000000010000c3c                TMR5_IRQHandler
                0x0000000010000c3e                RSV11_IRQHandler
                0x0000000010000c40                RSV12_IRQHandler
                0x0000000010000c42                I2C0_IRQHandler
                0x0000000010000c44                UART0_IRQHandler
                0x0000000010000c46                UART1_IRQHandler
                0x0000000010000c48                SPI0_IRQHandler
                0x0000000010000c4a                SPI1_IRQHandler
                0x0000000010000c4c                SPI2_IRQHandler
                0x0000000010000c4e                RSV19_IRQHandler
                0x0000000010000c50                ADC_IRQHandler
                0x0000000010000c52                RSV21_IRQHandler
                0x0000000010000c54                RSV22_IRQHandler
                0x0000000010000c56                FLC0_IRQHandler
                0x0000000010000c58                GPIO0_IRQHandler
                0x0000000010000c5a                GPIO1_IRQHandler
                0x0000000010000c5e                CRYPTO_IRQHandler
                0x0000000010000c60                DMA0_IRQHandler
                0x0000000010000c62                DMA1_IRQHandler
                0x0000000010000c64                DMA2_IRQHandler
                0x0000000010000c66                DMA3_IRQHandler
                0x0000000010000c68                RSV32_IRQHandler
                0x0000000010000c6a                RSV33_IRQHandler
                0x0000000010000c6c                UART2_IRQHandler
                0x0000000010000c6e                RSV35_IRQHandler
                0x0000000010000c70                I2C1_IRQHandler
                0x0000000010000c72                RSV37_IRQHandler
                0x0000000010000c74                SPIXC_IRQHandler
                0x0000000010000c76                BTLE_TX_DONE_IRQHandler
                0x0000000010000c78                BTLE_RX_RCVD_IRQHandler
                0x0000000010000c7a                BTLE_RX_ENG_DET_IRQHandler
                0x0000000010000c7c                BTLE_SFD_DET_IRQHandler
                0x0000000010000c7e                BTLE_SFD_TO_IRQHandler
                0x0000000010000c80                BTLE_GP_EVENT_IRQHandler
                0x0000000010000c82                BTLE_CFO_IRQHandler
                0x0000000010000c84                BTLE_SIG_DET_IRQHandler
                0x0000000010000c86                BTLE_AGC_EVENT_IRQHandler
                0x0000000010000c88                BTLE_RFFE_SPIM_IRQHandler
                0x0000000010000c8a                BTLE_TX_AES_IRQHandler
                0x0000000010000c8c                BTLE_RX_AES_IRQHandler
                0x0000000010000c8e                BTLE_INV_APB_ADDR_IRQHandler
                0x0000000010000c90                BTLE_IQ_DATA_VALID_IRQHandler
                0x0000000010000c92                WUT0_IRQHandler
                0x0000000010000c96                RSV55_IRQHandler
                0x0000000010000c98                SPI3_IRQHandler
                0x0000000010000c9a                WDT1_IRQHandler
                0x0000000010000c9c                GPIO3_IRQHandler
                0x0000000010000c9e                PT_IRQHandler
                0x0000000010000ca0                RSV60_IRQHandler
                0x0000000010000ca2                HPB_IRQHandler
                0x0000000010000ca4                I2C2_IRQHandler
                0x0000000010000ca6                RISCV_IRQHandler
                0x0000000010000ca8                RSV64_IRQHandler
                0x0000000010000caa                RSV65_IRQHandler
                0x0000000010000cac                RSV66_IRQHandler
                0x0000000010000cae                OWM_IRQHandler
                0x0000000010000cb0                DMA4_IRQHandler
                0x0000000010000cb2                DMA5_IRQHandler
                0x0000000010000cb4                DMA6_IRQHandler
                0x0000000010000cb6                DMA7_IRQHandler
                0x0000000010000cb8                DMA8_IRQHandler
                0x0000000010000cba                DMA9_IRQHandler
                0x0000000010000cbc                DMA10_IRQHandler
                0x0000000010000cbe                DMA11_IRQHandler
                0x0000000010000cc0                DMA12_IRQHandler
                0x0000000010000cc2                DMA13_IRQHandler
                0x0000000010000cc4                DMA14_IRQHandler
                0x0000000010000cc6                DMA15_IRQHandler
                0x0000000010000cc8                USBDMA_IRQHandler
                0x0000000010000cca                RSV81_IRQHandler
                0x0000000010000ccc                ECC_IRQHandler
                0x0000000010000cce                RSV83_IRQHandler
                0x0000000010000cd0                RSV84_IRQHandler
                0x0000000010000cd2                SCA_IRQHandler
                0x0000000010000cd4                RSV86_IRQHandler
                0x0000000010000cd6                FLC1_IRQHandler
                0x0000000010000cd8                UART3_IRQHandler
                0x0000000010000cda                RSV89_IRQHandler
                0x0000000010000cdc                RSV90_IRQHandler
                0x0000000010000cde                RSV91_IRQHandler
                0x0000000010000ce0                RSV92_IRQHandler
                0x0000000010000ce2                RSV93_IRQHandler
                0x0000000010000ce4                RSV94_IRQHandler
                0x0000000010000ce6                RSV95_IRQHandler
                0x0000000010000ce8                RSV96_IRQHandler
                0x0000000010000cea                RSV97_IRQHandler
                0x0000000010000cec                RSV98_IRQHandler
                0x0000000010000cee                I2S_IRQHandler
                0x0000000010000cf0                RSV100_IRQHandler
                0x0000000010000cf2                RSV101_IRQHandler
                0x0000000010000cf4                RSV102_IRQHandler
                0x0000000010000cf6                LPCMP_IRQHandler
                0x0000000010000cf8                RSV104_IRQHandler
                0x0000000010000cfa                SPI4_IRQHandler
                0x0000000010000cfc                RSV106_IRQHandler
                0x0000000010000cfe                CAN0_IRQHandler
                0x0000000010000d00                CAN1_IRQHandler
                0x0000000010000d02                WUT1_IRQHandler
                0x0000000010000d04                RSV110_IRQHandler
                0x0000000010000d06                RSV111_IRQHandler
 .text._sbrk    0x0000000010000d30       0x40 /home/eric-busch/Workspace/msdk/Examples/MAX32690/USB/MAXUSB/UART_Passthrough/build/heap.o
                0x0000000010000d30                _sbrk
 .text._getpid  0x0000000010000d70        0x6 /home/eric-busch/Workspace/msdk/Examples/MAX32690/USB/MAXUSB/UART_Passthrough/build/system_max32690.o
                0x0000000010000d70                _getpid
 .text._kill    0x0000000010000d76        0x6 /home/eric-busch/Workspace/msdk/Examples/MAX32690/USB/MAXUSB/UART_Passthrough/build/system_max32690.o
                0x0000000010000d76                _kill
 .text.SystemCoreClockUpdate
                0x0000000010000d7c       0x80 /home/eric-busch/Workspace/msdk/Examples/MAX32690/USB/MAXUSB/UART_Passthrough/build/system_max32690.o
                0x0000000010000d7c                SystemCoreClockUpdate
 .text.PreInit  0x0000000010000dfc        0x4 /home/eric-busch/Workspace/msdk/Examples/MAX32690/USB/MAXUSB/UART_Passthrough/build/system_max32690.o
                0x0000000010000dfc                PreInit
 .text.PinInit  0x0000000010000e00        0x2 /home/eric-busch/Workspace/msdk/Examples/MAX32690/USB/MAXUSB/UART_Passthrough/build/system_max32690.o
                0x0000000010000e00                PinInit
 .text.ClockInit
                0x0000000010000e02        0x4 /home/eric-busch/Workspace/msdk/Examples/MAX32690/USB/MAXUSB/UART_Passthrough/build/system_max32690.o
                0x0000000010000e02                ClockInit
 .text.PalSysInit
                0x0000000010000e06        0x2 /home/eric-busch/Workspace/msdk/Examples/MAX32690/USB/MAXUSB/UART_Passthrough/build/system_max32690.o
                0x0000000010000e06                PalSysInit
 .text.SystemInit
                0x0000000010000e08       0x90 /home/eric-busch/Workspace/msdk/Examples/MAX32690/USB/MAXUSB/UART_Passthrough/build/system_max32690.o
                0x0000000010000e08                SystemInit
 .text.MXC_SYS_IsClockEnabled
                0x0000000010000e98       0x54 /home/eric-busch/Workspace/msdk/Libraries/PeriphDrivers/bin/MAX32690/spi-v1_softfp/libPeriphDriver_spi-v1_softfp.a(sys_me18.o)
                0x0000000010000e98                MXC_SYS_IsClockEnabled
 .text.MXC_SYS_ClockDisable
                0x0000000010000eec       0x48 /home/eric-busch/Workspace/msdk/Libraries/PeriphDrivers/bin/MAX32690/spi-v1_softfp/libPeriphDriver_spi-v1_softfp.a(sys_me18.o)
                0x0000000010000eec                MXC_SYS_ClockDisable
 .text.MXC_SYS_ClockEnable
                0x0000000010000f34       0x50 /home/eric-busch/Workspace/msdk/Libraries/PeriphDrivers/bin/MAX32690/spi-v1_softfp/libPeriphDriver_spi-v1_softfp.a(sys_me18.o)
                0x0000000010000f34                MXC_SYS_ClockEnable
 .text.MXC_SYS_Clock_Timeout
                0x0000000010000f84       0x1c /home/eric-busch/Workspace/msdk/Libraries/PeriphDrivers/bin/MAX32690/spi-v1_softfp/libPeriphDriver_spi-v1_softfp.a(sys_me18.o)
                0x0000000010000f84                MXC_SYS_Clock_Timeout
 .text.MXC_SYS_ClockSourceEnable
                0x0000000010000fa0       0xa4 /home/eric-busch/Workspace/msdk/Libraries/PeriphDrivers/bin/MAX32690/spi-v1_softfp/libPeriphDriver_spi-v1_softfp.a(sys_me18.o)
                0x0000000010000fa0                MXC_SYS_ClockSourceEnable
 .text.MXC_SYS_Clock_Select
                0x0000000010001044      0x12c /home/eric-busch/Workspace/msdk/Libraries/PeriphDrivers/bin/MAX32690/spi-v1_softfp/libPeriphDriver_spi-v1_softfp.a(sys_me18.o)
                0x0000000010001044                MXC_SYS_Clock_Select
 .text.MXC_SYS_Reset_Periph
                0x0000000010001170       0x58 /home/eric-busch/Workspace/msdk/Libraries/PeriphDrivers/bin/MAX32690/spi-v1_softfp/libPeriphDriver_spi-v1_softfp.a(sys_me18.o)
                0x0000000010001170                MXC_SYS_Reset_Periph
 .text.MXC_GPIO_Init
                0x00000000100011c8       0x44 /home/eric-busch/Workspace/msdk/Libraries/PeriphDrivers/bin/MAX32690/spi-v1_softfp/libPeriphDriver_spi-v1_softfp.a(gpio_me18.o)
                0x00000000100011c8                MXC_GPIO_Init
 .text.MXC_GPIO_OutSet
                0x000000001000120c       0x2c /home/eric-busch/Workspace/msdk/Libraries/PeriphDrivers/bin/MAX32690/spi-v1_softfp/libPeriphDriver_spi-v1_softfp.a(gpio_me18.o)
                0x000000001000120c                MXC_GPIO_OutSet
 .text.MXC_GPIO_OutClr
                0x0000000010001238       0x30 /home/eric-busch/Workspace/msdk/Libraries/PeriphDrivers/bin/MAX32690/spi-v1_softfp/libPeriphDriver_spi-v1_softfp.a(gpio_me18.o)
                0x0000000010001238                MXC_GPIO_OutClr
 .text.MXC_GPIO_Handler
                0x0000000010001268        0x8 /home/eric-busch/Workspace/msdk/Libraries/PeriphDrivers/bin/MAX32690/spi-v1_softfp/libPeriphDriver_spi-v1_softfp.a(gpio_me18.o)
                0x0000000010001268                MXC_GPIO_Handler
 .text.MXC_GPIO_ClearFlags
                0x0000000010001270       0x20 /home/eric-busch/Workspace/msdk/Libraries/PeriphDrivers/bin/MAX32690/spi-v1_softfp/libPeriphDriver_spi-v1_softfp.a(gpio_me18.o)
                0x0000000010001270                MXC_GPIO_ClearFlags
 .text.MXC_GPIO_GetFlags
                0x0000000010001290       0x20 /home/eric-busch/Workspace/msdk/Libraries/PeriphDrivers/bin/MAX32690/spi-v1_softfp/libPeriphDriver_spi-v1_softfp.a(gpio_me18.o)
                0x0000000010001290                MXC_GPIO_GetFlags
 .text.MXC_GPIO_SetVSSEL
                0x00000000100012b0       0x18 /home/eric-busch/Workspace/msdk/Libraries/PeriphDrivers/bin/MAX32690/spi-v1_softfp/libPeriphDriver_spi-v1_softfp.a(gpio_me18.o)
                0x00000000100012b0                MXC_GPIO_SetVSSEL
 .text.MXC_GPIO_SetDriveStrength
                0x00000000100012c8        0x8 /home/eric-busch/Workspace/msdk/Libraries/PeriphDrivers/bin/MAX32690/spi-v1_softfp/libPeriphDriver_spi-v1_softfp.a(gpio_me18.o)
                0x00000000100012c8                MXC_GPIO_SetDriveStrength
 .text.MXC_GPIO_GetConfigLock
                0x00000000100012d0        0x8 /home/eric-busch/Workspace/msdk/Libraries/PeriphDrivers/bin/MAX32690/spi-v1_softfp/libPeriphDriver_spi-v1_softfp.a(gpio_me18.o)
                0x00000000100012d0                MXC_GPIO_GetConfigLock
 .text.MXC_GPIO_Config
                0x00000000100012d8      0x2b0 /home/eric-busch/Workspace/msdk/Libraries/PeriphDrivers/bin/MAX32690/spi-v1_softfp/libPeriphDriver_spi-v1_softfp.a(gpio_me18.o)
                0x00000000100012d8                MXC_GPIO_Config
 .text.MXC_GPIO_RevA_OutSet
                0x0000000010001588        0x4 /home/eric-busch/Workspace/msdk/Libraries/PeriphDrivers/bin/MAX32690/spi-v1_softfp/libPeriphDriver_spi-v1_softfp.a(gpio_reva.o)
                0x0000000010001588                MXC_GPIO_RevA_OutSet
 .text.MXC_GPIO_RevA_OutClr
                0x000000001000158c        0x4 /home/eric-busch/Workspace/msdk/Libraries/PeriphDrivers/bin/MAX32690/spi-v1_softfp/libPeriphDriver_spi-v1_softfp.a(gpio_reva.o)
                0x000000001000158c                MXC_GPIO_RevA_OutClr
 .text.MXC_GPIO_RevA_ClearFlags
                0x0000000010001590        0x4 /home/eric-busch/Workspace/msdk/Libraries/PeriphDrivers/bin/MAX32690/spi-v1_softfp/libPeriphDriver_spi-v1_softfp.a(gpio_reva.o)
                0x0000000010001590                MXC_GPIO_RevA_ClearFlags
 .text.MXC_GPIO_RevA_GetFlags
                0x0000000010001594        0x4 /home/eric-busch/Workspace/msdk/Libraries/PeriphDrivers/bin/MAX32690/spi-v1_softfp/libPeriphDriver_spi-v1_softfp.a(gpio_reva.o)
                0x0000000010001594                MXC_GPIO_RevA_GetFlags
 .text.MXC_GPIO_RevA_SetVSSEL
                0x0000000010001598       0x3e /home/eric-busch/Workspace/msdk/Libraries/PeriphDrivers/bin/MAX32690/spi-v1_softfp/libPeriphDriver_spi-v1_softfp.a(gpio_reva.o)
                0x0000000010001598                MXC_GPIO_RevA_SetVSSEL
 .text.MXC_GPIO_RevA_SetAF
                0x00000000100015d6       0x88 /home/eric-busch/Workspace/msdk/Libraries/PeriphDrivers/bin/MAX32690/spi-v1_softfp/libPeriphDriver_spi-v1_softfp.a(gpio_reva.o)
                0x00000000100015d6                MXC_GPIO_RevA_SetAF
 .text.MXC_GPIO_RevA_SetDriveStrength
                0x000000001000165e       0x98 /home/eric-busch/Workspace/msdk/Libraries/PeriphDrivers/bin/MAX32690/spi-v1_softfp/libPeriphDriver_spi-v1_softfp.a(gpio_reva.o)
                0x000000001000165e                MXC_GPIO_RevA_SetDriveStrength
 .text.MXC_ICC_Enable
                0x00000000100016f6        0x8 /home/eric-busch/Workspace/msdk/Libraries/PeriphDrivers/bin/MAX32690/spi-v1_softfp/libPeriphDriver_spi-v1_softfp.a(icc_me18.o)
                0x00000000100016f6                MXC_ICC_Enable
 .text.MXC_ICC_Disable
                0x00000000100016fe        0x8 /home/eric-busch/Workspace/msdk/Libraries/PeriphDrivers/bin/MAX32690/spi-v1_softfp/libPeriphDriver_spi-v1_softfp.a(icc_me18.o)
                0x00000000100016fe                MXC_ICC_Disable
 .text.MXC_ICC_Ready
                0x0000000010001706        0xa /home/eric-busch/Workspace/msdk/Libraries/PeriphDrivers/bin/MAX32690/spi-v1_softfp/libPeriphDriver_spi-v1_softfp.a(icc_reva.o)
 .text.MXC_ICC_RevA_Enable
                0x0000000010001710       0x38 /home/eric-busch/Workspace/msdk/Libraries/PeriphDrivers/bin/MAX32690/spi-v1_softfp/libPeriphDriver_spi-v1_softfp.a(icc_reva.o)
                0x0000000010001710                MXC_ICC_RevA_Enable
 .text.MXC_ICC_RevA_Disable
                0x0000000010001748        0xe /home/eric-busch/Workspace/msdk/Libraries/PeriphDrivers/bin/MAX32690/spi-v1_softfp/libPeriphDriver_spi-v1_softfp.a(icc_reva.o)
                0x0000000010001748                MXC_ICC_RevA_Disable
 *fill*         0x0000000010001756        0x2 
 .text.MXC_TMR_SetClockSource
                0x0000000010001758      0x128 /home/eric-busch/Workspace/msdk/Libraries/PeriphDrivers/bin/MAX32690/spi-v1_softfp/libPeriphDriver_spi-v1_softfp.a(tmr_me18.o)
                0x0000000010001758                MXC_TMR_SetClockSource
 .text.MXC_TMR_Init
                0x0000000010001880      0x1a8 /home/eric-busch/Workspace/msdk/Libraries/PeriphDrivers/bin/MAX32690/spi-v1_softfp/libPeriphDriver_spi-v1_softfp.a(tmr_me18.o)
                0x0000000010001880                MXC_TMR_Init
 .text.MXC_TMR_Shutdown
                0x0000000010001a28       0xbc /home/eric-busch/Workspace/msdk/Libraries/PeriphDrivers/bin/MAX32690/spi-v1_softfp/libPeriphDriver_spi-v1_softfp.a(tmr_me18.o)
                0x0000000010001a28                MXC_TMR_Shutdown
 .text.MXC_TMR_Start
                0x0000000010001ae4        0x8 /home/eric-busch/Workspace/msdk/Libraries/PeriphDrivers/bin/MAX32690/spi-v1_softfp/libPeriphDriver_spi-v1_softfp.a(tmr_me18.o)
                0x0000000010001ae4                MXC_TMR_Start
 .text.MXC_TMR_GetPeriod
                0x0000000010001aec       0x88 /home/eric-busch/Workspace/msdk/Libraries/PeriphDrivers/bin/MAX32690/spi-v1_softfp/libPeriphDriver_spi-v1_softfp.a(tmr_me18.o)
                0x0000000010001aec                MXC_TMR_GetPeriod
 .text.MXC_TMR_ClearFlags
                0x0000000010001b74        0x8 /home/eric-busch/Workspace/msdk/Libraries/PeriphDrivers/bin/MAX32690/spi-v1_softfp/libPeriphDriver_spi-v1_softfp.a(tmr_me18.o)
                0x0000000010001b74                MXC_TMR_ClearFlags
 .text.MXC_TMR_EnableInt
                0x0000000010001b7c        0x8 /home/eric-busch/Workspace/msdk/Libraries/PeriphDrivers/bin/MAX32690/spi-v1_softfp/libPeriphDriver_spi-v1_softfp.a(tmr_me18.o)
                0x0000000010001b7c                MXC_TMR_EnableInt
 .text.MXC_TMR_RevB_IsClockSourceLocked
                0x0000000010001b84       0x5c /home/eric-busch/Workspace/msdk/Libraries/PeriphDrivers/bin/MAX32690/spi-v1_softfp/libPeriphDriver_spi-v1_softfp.a(tmr_revb.o)
                0x0000000010001b84                MXC_TMR_RevB_IsClockSourceLocked
 .text.MXC_TMR_RevB_SetClockSource
                0x0000000010001be0       0x98 /home/eric-busch/Workspace/msdk/Libraries/PeriphDrivers/bin/MAX32690/spi-v1_softfp/libPeriphDriver_spi-v1_softfp.a(tmr_revb.o)
                0x0000000010001be0                MXC_TMR_RevB_SetClockSource
 .text.MXC_TMR_RevB_SetPrescalar
                0x0000000010001c78       0x2e /home/eric-busch/Workspace/msdk/Libraries/PeriphDrivers/bin/MAX32690/spi-v1_softfp/libPeriphDriver_spi-v1_softfp.a(tmr_revb.o)
                0x0000000010001c78                MXC_TMR_RevB_SetPrescalar
 *fill*         0x0000000010001ca6        0x2 
 .text.MXC_TMR_RevB_SetClockSourceFreq
                0x0000000010001ca8       0x88 /home/eric-busch/Workspace/msdk/Libraries/PeriphDrivers/bin/MAX32690/spi-v1_softfp/libPeriphDriver_spi-v1_softfp.a(tmr_revb.o)
                0x0000000010001ca8                MXC_TMR_RevB_SetClockSourceFreq
 .text.MXC_TMR_RevB_ConfigGeneric
                0x0000000010001d30       0xb4 /home/eric-busch/Workspace/msdk/Libraries/PeriphDrivers/bin/MAX32690/spi-v1_softfp/libPeriphDriver_spi-v1_softfp.a(tmr_revb.o)
                0x0000000010001d30                MXC_TMR_RevB_ConfigGeneric
 .text.MXC_TMR_RevB_Init
                0x0000000010001de4      0x15c /home/eric-busch/Workspace/msdk/Libraries/PeriphDrivers/bin/MAX32690/spi-v1_softfp/libPeriphDriver_spi-v1_softfp.a(tmr_revb.o)
                0x0000000010001de4                MXC_TMR_RevB_Init
 .text.MXC_TMR_RevB_Start
                0x0000000010001f40       0x80 /home/eric-busch/Workspace/msdk/Libraries/PeriphDrivers/bin/MAX32690/spi-v1_softfp/libPeriphDriver_spi-v1_softfp.a(tmr_revb.o)
                0x0000000010001f40                MXC_TMR_RevB_Start
 .text.MXC_TMR_RevB_Stop
                0x0000000010001fc0       0x58 /home/eric-busch/Workspace/msdk/Libraries/PeriphDrivers/bin/MAX32690/spi-v1_softfp/libPeriphDriver_spi-v1_softfp.a(tmr_revb.o)
                0x0000000010001fc0                MXC_TMR_RevB_Stop
 .text.MXC_TMR_RevB_Shutdown
                0x0000000010002018       0x88 /home/eric-busch/Workspace/msdk/Libraries/PeriphDrivers/bin/MAX32690/spi-v1_softfp/libPeriphDriver_spi-v1_softfp.a(tmr_revb.o)
                0x0000000010002018                MXC_TMR_RevB_Shutdown
 .text.MXC_TMR_RevB_GetPeriod
                0x00000000100020a0       0x5c /home/eric-busch/Workspace/msdk/Libraries/PeriphDrivers/bin/MAX32690/spi-v1_softfp/libPeriphDriver_spi-v1_softfp.a(tmr_revb.o)
                0x00000000100020a0                MXC_TMR_RevB_GetPeriod
 .text.MXC_TMR_RevB_ClearFlags
                0x00000000100020fc       0x58 /home/eric-busch/Workspace/msdk/Libraries/PeriphDrivers/bin/MAX32690/spi-v1_softfp/libPeriphDriver_spi-v1_softfp.a(tmr_revb.o)
                0x00000000100020fc                MXC_TMR_RevB_ClearFlags
 .text.MXC_TMR_RevB_EnableInt
                0x0000000010002154       0x58 /home/eric-busch/Workspace/msdk/Libraries/PeriphDrivers/bin/MAX32690/spi-v1_softfp/libPeriphDriver_spi-v1_softfp.a(tmr_revb.o)
                0x0000000010002154                MXC_TMR_RevB_EnableInt
 .text.MXC_UART_DMACallback
                0x00000000100021ac        0x8 /home/eric-busch/Workspace/msdk/Libraries/PeriphDrivers/bin/MAX32690/spi-v1_softfp/libPeriphDriver_spi-v1_softfp.a(uart_me18.o)
                0x00000000100021ac                MXC_UART_DMACallback
 .text.MXC_UART_Shutdown
                0x00000000100021b4       0x70 /home/eric-busch/Workspace/msdk/Libraries/PeriphDrivers/bin/MAX32690/spi-v1_softfp/libPeriphDriver_spi-v1_softfp.a(uart_me18.o)
                0x00000000100021b4                MXC_UART_Shutdown
 .text.MXC_UART_GetFrequency
                0x0000000010002224       0xa4 /home/eric-busch/Workspace/msdk/Libraries/PeriphDrivers/bin/MAX32690/spi-v1_softfp/libPeriphDriver_spi-v1_softfp.a(uart_me18.o)
                0x0000000010002224                MXC_UART_GetFrequency
 .text.MXC_UART_SetFrequency
                0x00000000100022c8       0xe4 /home/eric-busch/Workspace/msdk/Libraries/PeriphDrivers/bin/MAX32690/spi-v1_softfp/libPeriphDriver_spi-v1_softfp.a(uart_me18.o)
                0x00000000100022c8                MXC_UART_SetFrequency
 .text.MXC_UART_SetDataSize
                0x00000000100023ac        0x8 /home/eric-busch/Workspace/msdk/Libraries/PeriphDrivers/bin/MAX32690/spi-v1_softfp/libPeriphDriver_spi-v1_softfp.a(uart_me18.o)
                0x00000000100023ac                MXC_UART_SetDataSize
 .text.MXC_UART_SetStopBits
                0x00000000100023b4        0x8 /home/eric-busch/Workspace/msdk/Libraries/PeriphDrivers/bin/MAX32690/spi-v1_softfp/libPeriphDriver_spi-v1_softfp.a(uart_me18.o)
                0x00000000100023b4                MXC_UART_SetStopBits
 .text.MXC_UART_SetParity
                0x00000000100023bc        0x8 /home/eric-busch/Workspace/msdk/Libraries/PeriphDrivers/bin/MAX32690/spi-v1_softfp/libPeriphDriver_spi-v1_softfp.a(uart_me18.o)
                0x00000000100023bc                MXC_UART_SetParity
 .text.MXC_UART_SetClockSource
                0x00000000100023c4       0xa0 /home/eric-busch/Workspace/msdk/Libraries/PeriphDrivers/bin/MAX32690/spi-v1_softfp/libPeriphDriver_spi-v1_softfp.a(uart_me18.o)
                0x00000000100023c4                MXC_UART_SetClockSource
 .text.MXC_UART_GetClockSource
                0x0000000010002464       0x58 /home/eric-busch/Workspace/msdk/Libraries/PeriphDrivers/bin/MAX32690/spi-v1_softfp/libPeriphDriver_spi-v1_softfp.a(uart_me18.o)
                0x0000000010002464                MXC_UART_GetClockSource
 .text.MXC_UART_Init
                0x00000000100024bc       0xb4 /home/eric-busch/Workspace/msdk/Libraries/PeriphDrivers/bin/MAX32690/spi-v1_softfp/libPeriphDriver_spi-v1_softfp.a(uart_me18.o)
                0x00000000100024bc                MXC_UART_Init
 .text.MXC_UART_ReadCharacterRaw
                0x0000000010002570        0x8 /home/eric-busch/Workspace/msdk/Libraries/PeriphDrivers/bin/MAX32690/spi-v1_softfp/libPeriphDriver_spi-v1_softfp.a(uart_me18.o)
                0x0000000010002570                MXC_UART_ReadCharacterRaw
 .text.MXC_UART_WriteCharacterRaw
                0x0000000010002578        0x8 /home/eric-busch/Workspace/msdk/Libraries/PeriphDrivers/bin/MAX32690/spi-v1_softfp/libPeriphDriver_spi-v1_softfp.a(uart_me18.o)
                0x0000000010002578                MXC_UART_WriteCharacterRaw
 .text.MXC_UART_ReadCharacter
                0x0000000010002580        0x8 /home/eric-busch/Workspace/msdk/Libraries/PeriphDrivers/bin/MAX32690/spi-v1_softfp/libPeriphDriver_spi-v1_softfp.a(uart_me18.o)
                0x0000000010002580                MXC_UART_ReadCharacter
 .text.MXC_UART_WriteCharacter
                0x0000000010002588        0x8 /home/eric-busch/Workspace/msdk/Libraries/PeriphDrivers/bin/MAX32690/spi-v1_softfp/libPeriphDriver_spi-v1_softfp.a(uart_me18.o)
                0x0000000010002588                MXC_UART_WriteCharacter
 .text.MXC_UART_ReadRXFIFODMA
                0x0000000010002590       0x80 /home/eric-busch/Workspace/msdk/Libraries/PeriphDrivers/bin/MAX32690/spi-v1_softfp/libPeriphDriver_spi-v1_softfp.a(uart_me18.o)
                0x0000000010002590                MXC_UART_ReadRXFIFODMA
 .text.MXC_UART_GetRXFIFOAvailable
                0x0000000010002610        0x8 /home/eric-busch/Workspace/msdk/Libraries/PeriphDrivers/bin/MAX32690/spi-v1_softfp/libPeriphDriver_spi-v1_softfp.a(uart_me18.o)
                0x0000000010002610                MXC_UART_GetRXFIFOAvailable
 .text.MXC_UART_WriteTXFIFODMA
                0x0000000010002618       0x84 /home/eric-busch/Workspace/msdk/Libraries/PeriphDrivers/bin/MAX32690/spi-v1_softfp/libPeriphDriver_spi-v1_softfp.a(uart_me18.o)
                0x0000000010002618                MXC_UART_WriteTXFIFODMA
 .text.MXC_UART_GetTXFIFOAvailable
                0x000000001000269c        0x8 /home/eric-busch/Workspace/msdk/Libraries/PeriphDrivers/bin/MAX32690/spi-v1_softfp/libPeriphDriver_spi-v1_softfp.a(uart_me18.o)
                0x000000001000269c                MXC_UART_GetTXFIFOAvailable
 .text.MXC_UART_SetRXThreshold
                0x00000000100026a4        0x8 /home/eric-busch/Workspace/msdk/Libraries/PeriphDrivers/bin/MAX32690/spi-v1_softfp/libPeriphDriver_spi-v1_softfp.a(uart_me18.o)
                0x00000000100026a4                MXC_UART_SetRXThreshold
 .text.MXC_UART_ClearFlags
                0x00000000100026ac        0x8 /home/eric-busch/Workspace/msdk/Libraries/PeriphDrivers/bin/MAX32690/spi-v1_softfp/libPeriphDriver_spi-v1_softfp.a(uart_me18.o)
                0x00000000100026ac                MXC_UART_ClearFlags
 .text.MXC_UART_DisableInt
                0x00000000100026b4        0x8 /home/eric-busch/Workspace/msdk/Libraries/PeriphDrivers/bin/MAX32690/spi-v1_softfp/libPeriphDriver_spi-v1_softfp.a(uart_me18.o)
                0x00000000100026b4                MXC_UART_DisableInt
 .text.MXC_UART_TransactionDMA
                0x00000000100026bc       0x10 /home/eric-busch/Workspace/msdk/Libraries/PeriphDrivers/bin/MAX32690/spi-v1_softfp/libPeriphDriver_spi-v1_softfp.a(uart_me18.o)
                0x00000000100026bc                MXC_UART_TransactionDMA
 .text.MXC_UART_SetAutoDMAHandlers
                0x00000000100026cc        0x8 /home/eric-busch/Workspace/msdk/Libraries/PeriphDrivers/bin/MAX32690/spi-v1_softfp/libPeriphDriver_spi-v1_softfp.a(uart_me18.o)
                0x00000000100026cc                MXC_UART_SetAutoDMAHandlers
 .text.MXC_UART_RevB_Init
                0x00000000100026d4       0xe0 /home/eric-busch/Workspace/msdk/Libraries/PeriphDrivers/bin/MAX32690/spi-v1_softfp/libPeriphDriver_spi-v1_softfp.a(uart_revb.o)
                0x00000000100026d4                MXC_UART_RevB_Init
 .text.MXC_UART_RevB_SetDataSize
                0x00000000100027b4       0x20 /home/eric-busch/Workspace/msdk/Libraries/PeriphDrivers/bin/MAX32690/spi-v1_softfp/libPeriphDriver_spi-v1_softfp.a(uart_revb.o)
                0x00000000100027b4                MXC_UART_RevB_SetDataSize
 .text.MXC_UART_RevB_SetStopBits
                0x00000000100027d4       0x24 /home/eric-busch/Workspace/msdk/Libraries/PeriphDrivers/bin/MAX32690/spi-v1_softfp/libPeriphDriver_spi-v1_softfp.a(uart_revb.o)
                0x00000000100027d4                MXC_UART_RevB_SetStopBits
 .text.MXC_UART_RevB_SetParity
                0x00000000100027f8       0x90 /home/eric-busch/Workspace/msdk/Libraries/PeriphDrivers/bin/MAX32690/spi-v1_softfp/libPeriphDriver_spi-v1_softfp.a(uart_revb.o)
                0x00000000100027f8                MXC_UART_RevB_SetParity
 .text.MXC_UART_RevB_SetClockSource
                0x0000000010002888       0x98 /home/eric-busch/Workspace/msdk/Libraries/PeriphDrivers/bin/MAX32690/spi-v1_softfp/libPeriphDriver_spi-v1_softfp.a(uart_revb.o)
                0x0000000010002888                MXC_UART_RevB_SetClockSource
 .text.MXC_UART_RevB_GetClockSource
                0x0000000010002920        0x8 /home/eric-busch/Workspace/msdk/Libraries/PeriphDrivers/bin/MAX32690/spi-v1_softfp/libPeriphDriver_spi-v1_softfp.a(uart_revb.o)
                0x0000000010002920                MXC_UART_RevB_GetClockSource
 .text.MXC_UART_RevB_IsClockSourceLocked
                0x0000000010002928       0x40 /home/eric-busch/Workspace/msdk/Libraries/PeriphDrivers/bin/MAX32690/spi-v1_softfp/libPeriphDriver_spi-v1_softfp.a(uart_revb.o)
                0x0000000010002928                MXC_UART_RevB_IsClockSourceLocked
 .text.MXC_UART_RevB_ReadCharacterRaw
                0x0000000010002968       0x12 /home/eric-busch/Workspace/msdk/Libraries/PeriphDrivers/bin/MAX32690/spi-v1_softfp/libPeriphDriver_spi-v1_softfp.a(uart_revb.o)
                0x0000000010002968                MXC_UART_RevB_ReadCharacterRaw
 .text.MXC_UART_RevB_WriteCharacterRaw
                0x000000001000297a       0x14 /home/eric-busch/Workspace/msdk/Libraries/PeriphDrivers/bin/MAX32690/spi-v1_softfp/libPeriphDriver_spi-v1_softfp.a(uart_revb.o)
                0x000000001000297a                MXC_UART_RevB_WriteCharacterRaw
 .text.MXC_UART_RevB_GetRXFIFOAvailable
                0x000000001000298e        0x8 /home/eric-busch/Workspace/msdk/Libraries/PeriphDrivers/bin/MAX32690/spi-v1_softfp/libPeriphDriver_spi-v1_softfp.a(uart_revb.o)
                0x000000001000298e                MXC_UART_RevB_GetRXFIFOAvailable
 .text.MXC_UART_RevB_GetTXFIFOAvailable
                0x0000000010002996        0xc /home/eric-busch/Workspace/msdk/Libraries/PeriphDrivers/bin/MAX32690/spi-v1_softfp/libPeriphDriver_spi-v1_softfp.a(uart_revb.o)
                0x0000000010002996                MXC_UART_RevB_GetTXFIFOAvailable
 .text.MXC_UART_RevB_SetRXThreshold
                0x00000000100029a2       0x1e /home/eric-busch/Workspace/msdk/Libraries/PeriphDrivers/bin/MAX32690/spi-v1_softfp/libPeriphDriver_spi-v1_softfp.a(uart_revb.o)
                0x00000000100029a2                MXC_UART_RevB_SetRXThreshold
 .text.MXC_UART_RevB_ClearFlags
                0x00000000100029c0        0x6 /home/eric-busch/Workspace/msdk/Libraries/PeriphDrivers/bin/MAX32690/spi-v1_softfp/libPeriphDriver_spi-v1_softfp.a(uart_revb.o)
                0x00000000100029c0                MXC_UART_RevB_ClearFlags
 .text.MXC_UART_RevB_DisableInt
                0x00000000100029c6        0xc /home/eric-busch/Workspace/msdk/Libraries/PeriphDrivers/bin/MAX32690/spi-v1_softfp/libPeriphDriver_spi-v1_softfp.a(uart_revb.o)
                0x00000000100029c6                MXC_UART_RevB_DisableInt
 *fill*         0x00000000100029d2        0x2 
 .text.MXC_UART_RevB_SetAutoDMAHandlers
                0x00000000100029d4       0x64 /home/eric-busch/Workspace/msdk/Libraries/PeriphDrivers/bin/MAX32690/spi-v1_softfp/libPeriphDriver_spi-v1_softfp.a(uart_revb.o)
                0x00000000100029d4                MXC_UART_RevB_SetAutoDMAHandlers
 .text.MXC_UART_RevB_DMA_SetupAutoHandlers
                0x0000000010002a38       0xa4 /home/eric-busch/Workspace/msdk/Libraries/PeriphDrivers/bin/MAX32690/spi-v1_softfp/libPeriphDriver_spi-v1_softfp.a(uart_revb.o)
                0x0000000010002a38                MXC_UART_RevB_DMA_SetupAutoHandlers
 .text.MXC_UART_RevB_SetTXDMAChannel
                0x0000000010002adc       0x4c /home/eric-busch/Workspace/msdk/Libraries/PeriphDrivers/bin/MAX32690/spi-v1_softfp/libPeriphDriver_spi-v1_softfp.a(uart_revb.o)
                0x0000000010002adc                MXC_UART_RevB_SetTXDMAChannel
 .text.MXC_UART_RevB_GetTXDMAChannel
                0x0000000010002b28       0x48 /home/eric-busch/Workspace/msdk/Libraries/PeriphDrivers/bin/MAX32690/spi-v1_softfp/libPeriphDriver_spi-v1_softfp.a(uart_revb.o)
                0x0000000010002b28                MXC_UART_RevB_GetTXDMAChannel
 .text.MXC_UART_RevB_SetRXDMAChannel
                0x0000000010002b70       0x4c /home/eric-busch/Workspace/msdk/Libraries/PeriphDrivers/bin/MAX32690/spi-v1_softfp/libPeriphDriver_spi-v1_softfp.a(uart_revb.o)
                0x0000000010002b70                MXC_UART_RevB_SetRXDMAChannel
 .text.MXC_UART_RevB_GetRXDMAChannel
                0x0000000010002bbc       0x48 /home/eric-busch/Workspace/msdk/Libraries/PeriphDrivers/bin/MAX32690/spi-v1_softfp/libPeriphDriver_spi-v1_softfp.a(uart_revb.o)
                0x0000000010002bbc                MXC_UART_RevB_GetRXDMAChannel
 .text.MXC_UART_RevB_ReadRXFIFODMA
                0x0000000010002c04      0x118 /home/eric-busch/Workspace/msdk/Libraries/PeriphDrivers/bin/MAX32690/spi-v1_softfp/libPeriphDriver_spi-v1_softfp.a(uart_revb.o)
                0x0000000010002c04                MXC_UART_RevB_ReadRXFIFODMA
 .text.MXC_UART_RevB_WriteTXFIFODMA
                0x0000000010002d1c      0x118 /home/eric-busch/Workspace/msdk/Libraries/PeriphDrivers/bin/MAX32690/spi-v1_softfp/libPeriphDriver_spi-v1_softfp.a(uart_revb.o)
                0x0000000010002d1c                MXC_UART_RevB_WriteTXFIFODMA
 .text.MXC_UART_RevB_TransactionDMA
                0x0000000010002e34       0xf8 /home/eric-busch/Workspace/msdk/Libraries/PeriphDrivers/bin/MAX32690/spi-v1_softfp/libPeriphDriver_spi-v1_softfp.a(uart_revb.o)
                0x0000000010002e34                MXC_UART_RevB_TransactionDMA
 .text.MXC_UART_RevB_DMACallback
                0x0000000010002f2c       0xe8 /home/eric-busch/Workspace/msdk/Libraries/PeriphDrivers/bin/MAX32690/spi-v1_softfp/libPeriphDriver_spi-v1_softfp.a(uart_revb.o)
                0x0000000010002f2c                MXC_UART_RevB_DMACallback
 .text.MXC_DelayInit
                0x0000000010003014       0x84 /home/eric-busch/Workspace/msdk/Libraries/PeriphDrivers/bin/MAX32690/spi-v1_softfp/libPeriphDriver_spi-v1_softfp.a(mxc_delay.o)
 .text.MXC_DelayAsync
                0x0000000010003098       0x44 /home/eric-busch/Workspace/msdk/Libraries/PeriphDrivers/bin/MAX32690/spi-v1_softfp/libPeriphDriver_spi-v1_softfp.a(mxc_delay.o)
                0x0000000010003098                MXC_DelayAsync
 .text.MXC_DelayAbort
                0x00000000100030dc       0x34 /home/eric-busch/Workspace/msdk/Libraries/PeriphDrivers/bin/MAX32690/spi-v1_softfp/libPeriphDriver_spi-v1_softfp.a(mxc_delay.o)
                0x00000000100030dc                MXC_DelayAbort
 .text.MXC_DelayHandler
                0x0000000010003110       0x40 /home/eric-busch/Workspace/msdk/Libraries/PeriphDrivers/bin/MAX32690/spi-v1_softfp/libPeriphDriver_spi-v1_softfp.a(mxc_delay.o)
                0x0000000010003110                MXC_DelayHandler
 .text.MXC_Delay
                0x0000000010003150       0x58 /home/eric-busch/Workspace/msdk/Libraries/PeriphDrivers/bin/MAX32690/spi-v1_softfp/libPeriphDriver_spi-v1_softfp.a(mxc_delay.o)
                0x0000000010003150                MXC_Delay
 .text.NVIC_SetRAM
                0x00000000100031a8       0x24 /home/eric-busch/Workspace/msdk/Libraries/PeriphDrivers/bin/MAX32690/spi-v1_softfp/libPeriphDriver_spi-v1_softfp.a(nvic_table.o)
                0x00000000100031a8                NVIC_SetRAM
 .text.MXC_NVIC_SetVector
                0x00000000100031cc       0x44 /home/eric-busch/Workspace/msdk/Libraries/PeriphDrivers/bin/MAX32690/spi-v1_softfp/libPeriphDriver_spi-v1_softfp.a(nvic_table.o)
                0x00000000100031cc                MXC_NVIC_SetVector
 .text.MXC_GetLock
                0x0000000010003210       0x1c /home/eric-busch/Workspace/msdk/Libraries/PeriphDrivers/bin/MAX32690/spi-v1_softfp/libPeriphDriver_spi-v1_softfp.a(mxc_lock.o)
                0x0000000010003210                MXC_GetLock
 .text.MXC_FreeLock
                0x000000001000322c        0xa /home/eric-busch/Workspace/msdk/Libraries/PeriphDrivers/bin/MAX32690/spi-v1_softfp/libPeriphDriver_spi-v1_softfp.a(mxc_lock.o)
                0x000000001000322c                MXC_FreeLock
 *fill*         0x0000000010003236        0x2 
 .text.MXC_DMA_Init
                0x0000000010003238       0x24 /home/eric-busch/Workspace/msdk/Libraries/PeriphDrivers/bin/MAX32690/spi-v1_softfp/libPeriphDriver_spi-v1_softfp.a(dma_me18.o)
                0x0000000010003238                MXC_DMA_Init
 .text.MXC_DMA_AcquireChannel
                0x000000001000325c       0x10 /home/eric-busch/Workspace/msdk/Libraries/PeriphDrivers/bin/MAX32690/spi-v1_softfp/libPeriphDriver_spi-v1_softfp.a(dma_me18.o)
                0x000000001000325c                MXC_DMA_AcquireChannel
 .text.MXC_DMA_ReleaseChannel
                0x000000001000326c        0x8 /home/eric-busch/Workspace/msdk/Libraries/PeriphDrivers/bin/MAX32690/spi-v1_softfp/libPeriphDriver_spi-v1_softfp.a(dma_me18.o)
                0x000000001000326c                MXC_DMA_ReleaseChannel
 .text.MXC_DMA_ConfigChannel
                0x0000000010003274       0x22 /home/eric-busch/Workspace/msdk/Libraries/PeriphDrivers/bin/MAX32690/spi-v1_softfp/libPeriphDriver_spi-v1_softfp.a(dma_me18.o)
                0x0000000010003274                MXC_DMA_ConfigChannel
 .text.MXC_DMA_SetCallback
                0x0000000010003296        0x8 /home/eric-busch/Workspace/msdk/Libraries/PeriphDrivers/bin/MAX32690/spi-v1_softfp/libPeriphDriver_spi-v1_softfp.a(dma_me18.o)
                0x0000000010003296                MXC_DMA_SetCallback
 .text.MXC_DMA_SetChannelInterruptEn
                0x000000001000329e        0x8 /home/eric-busch/Workspace/msdk/Libraries/PeriphDrivers/bin/MAX32690/spi-v1_softfp/libPeriphDriver_spi-v1_softfp.a(dma_me18.o)
                0x000000001000329e                MXC_DMA_SetChannelInterruptEn
 .text.MXC_DMA_ChannelClearFlags
                0x00000000100032a6        0x8 /home/eric-busch/Workspace/msdk/Libraries/PeriphDrivers/bin/MAX32690/spi-v1_softfp/libPeriphDriver_spi-v1_softfp.a(dma_me18.o)
                0x00000000100032a6                MXC_DMA_ChannelClearFlags
 *fill*         0x00000000100032ae        0x2 
 .text.MXC_DMA_EnableInt
                0x00000000100032b0       0x10 /home/eric-busch/Workspace/msdk/Libraries/PeriphDrivers/bin/MAX32690/spi-v1_softfp/libPeriphDriver_spi-v1_softfp.a(dma_me18.o)
                0x00000000100032b0                MXC_DMA_EnableInt
 .text.MXC_DMA_Start
                0x00000000100032c0        0x8 /home/eric-busch/Workspace/msdk/Libraries/PeriphDrivers/bin/MAX32690/spi-v1_softfp/libPeriphDriver_spi-v1_softfp.a(dma_me18.o)
                0x00000000100032c0                MXC_DMA_Start
 .text.MXC_DMA_Handler
                0x00000000100032c8       0x10 /home/eric-busch/Workspace/msdk/Libraries/PeriphDrivers/bin/MAX32690/spi-v1_softfp/libPeriphDriver_spi-v1_softfp.a(dma_me18.o)
                0x00000000100032c8                MXC_DMA_Handler
 .text.MXC_DMA_RevA_Init
                0x00000000100032d8       0xb8 /home/eric-busch/Workspace/msdk/Libraries/PeriphDrivers/bin/MAX32690/spi-v1_softfp/libPeriphDriver_spi-v1_softfp.a(dma_reva.o)
                0x00000000100032d8                MXC_DMA_RevA_Init
 .text.MXC_DMA_RevA_AcquireChannel
                0x0000000010003390       0x90 /home/eric-busch/Workspace/msdk/Libraries/PeriphDrivers/bin/MAX32690/spi-v1_softfp/libPeriphDriver_spi-v1_softfp.a(dma_reva.o)
                0x0000000010003390                MXC_DMA_RevA_AcquireChannel
 .text.MXC_DMA_RevA_ReleaseChannel
                0x0000000010003420       0x60 /home/eric-busch/Workspace/msdk/Libraries/PeriphDrivers/bin/MAX32690/spi-v1_softfp/libPeriphDriver_spi-v1_softfp.a(dma_reva.o)
                0x0000000010003420                MXC_DMA_RevA_ReleaseChannel
 .text.MXC_DMA_RevA_SetSrcDst
                0x0000000010003480       0x54 /home/eric-busch/Workspace/msdk/Libraries/PeriphDrivers/bin/MAX32690/spi-v1_softfp/libPeriphDriver_spi-v1_softfp.a(dma_reva.o)
                0x0000000010003480                MXC_DMA_RevA_SetSrcDst
 .text.MXC_DMA_RevA_ConfigChannel
                0x00000000100034d4       0x7c /home/eric-busch/Workspace/msdk/Libraries/PeriphDrivers/bin/MAX32690/spi-v1_softfp/libPeriphDriver_spi-v1_softfp.a(dma_reva.o)
                0x00000000100034d4                MXC_DMA_RevA_ConfigChannel
 .text.MXC_DMA_RevA_SetCallback
                0x0000000010003550       0x30 /home/eric-busch/Workspace/msdk/Libraries/PeriphDrivers/bin/MAX32690/spi-v1_softfp/libPeriphDriver_spi-v1_softfp.a(dma_reva.o)
                0x0000000010003550                MXC_DMA_RevA_SetCallback
 .text.MXC_DMA_RevA_SetChannelInterruptEn
                0x0000000010003580       0x58 /home/eric-busch/Workspace/msdk/Libraries/PeriphDrivers/bin/MAX32690/spi-v1_softfp/libPeriphDriver_spi-v1_softfp.a(dma_reva.o)
                0x0000000010003580                MXC_DMA_RevA_SetChannelInterruptEn
 .text.MXC_DMA_RevA_EnableInt
                0x00000000100035d8       0x30 /home/eric-busch/Workspace/msdk/Libraries/PeriphDrivers/bin/MAX32690/spi-v1_softfp/libPeriphDriver_spi-v1_softfp.a(dma_reva.o)
                0x00000000100035d8                MXC_DMA_RevA_EnableInt
 .text.MXC_DMA_RevA_ChannelGetFlags
                0x0000000010003608       0x30 /home/eric-busch/Workspace/msdk/Libraries/PeriphDrivers/bin/MAX32690/spi-v1_softfp/libPeriphDriver_spi-v1_softfp.a(dma_reva.o)
                0x0000000010003608                MXC_DMA_RevA_ChannelGetFlags
 .text.MXC_DMA_RevA_ChannelClearFlags
                0x0000000010003638       0x38 /home/eric-busch/Workspace/msdk/Libraries/PeriphDrivers/bin/MAX32690/spi-v1_softfp/libPeriphDriver_spi-v1_softfp.a(dma_reva.o)
                0x0000000010003638                MXC_DMA_RevA_ChannelClearFlags
 .text.MXC_DMA_RevA_Start
                0x0000000010003670       0x58 /home/eric-busch/Workspace/msdk/Libraries/PeriphDrivers/bin/MAX32690/spi-v1_softfp/libPeriphDriver_spi-v1_softfp.a(dma_reva.o)
                0x0000000010003670                MXC_DMA_RevA_Start
 .text.MXC_DMA_RevA_Handler
                0x00000000100036c8       0x94 /home/eric-busch/Workspace/msdk/Libraries/PeriphDrivers/bin/MAX32690/spi-v1_softfp/libPeriphDriver_spi-v1_softfp.a(dma_reva.o)
                0x00000000100036c8                MXC_DMA_RevA_Handler
 .text.MXC_GPIO_Common_Init
                0x000000001000375c       0x40 /home/eric-busch/Workspace/msdk/Libraries/PeriphDrivers/bin/MAX32690/spi-v1_softfp/libPeriphDriver_spi-v1_softfp.a(gpio_common.o)
                0x000000001000375c                MXC_GPIO_Common_Init
 .text.MXC_GPIO_Common_Handler
                0x000000001000379c       0x9c /home/eric-busch/Workspace/msdk/Libraries/PeriphDrivers/bin/MAX32690/spi-v1_softfp/libPeriphDriver_spi-v1_softfp.a(gpio_common.o)
                0x000000001000379c                MXC_GPIO_Common_Handler
 .text.MXC_GPIO_Common_GetConfigLock
                0x0000000010003838        0xc /home/eric-busch/Workspace/msdk/Libraries/PeriphDrivers/bin/MAX32690/spi-v1_softfp/libPeriphDriver_spi-v1_softfp.a(gpio_common.o)
                0x0000000010003838                MXC_GPIO_Common_GetConfigLock
 .text.MXC_UART_Common_ReadCharacter
                0x0000000010003844       0x16 /home/eric-busch/Workspace/msdk/Libraries/PeriphDrivers/bin/MAX32690/spi-v1_softfp/libPeriphDriver_spi-v1_softfp.a(uart_common.o)
                0x0000000010003844                MXC_UART_Common_ReadCharacter
 .text.MXC_UART_Common_WriteCharacter
                0x000000001000385a       0x1a /home/eric-busch/Workspace/msdk/Libraries/PeriphDrivers/bin/MAX32690/spi-v1_softfp/libPeriphDriver_spi-v1_softfp.a(uart_common.o)
                0x000000001000385a                MXC_UART_Common_WriteCharacter
 .text.MXC_SYS_Crit_Enter
                0x0000000010003874       0x20 /home/eric-busch/Workspace/msdk/Examples/MAX32690/USB/MAXUSB/UART_Passthrough/build/MAXUSB/maxusb.a(usb.o)
 .text.load_fifo
                0x0000000010003894       0x28 /home/eric-busch/Workspace/msdk/Examples/MAX32690/USB/MAXUSB/UART_Passthrough/build/MAXUSB/maxusb.a(usb.o)
 .text.unload_fifo
                0x00000000100038bc       0x28 /home/eric-busch/Workspace/msdk/Examples/MAX32690/USB/MAXUSB/UART_Passthrough/build/MAXUSB/maxusb.a(usb.o)
 .text.MXC_SYS_Crit_Exit
                0x00000000100038e4       0x20 /home/eric-busch/Workspace/msdk/Examples/MAX32690/USB/MAXUSB/UART_Passthrough/build/MAXUSB/maxusb.a(usb.o)
 .text.MXC_USB_Connect
                0x0000000010003904       0x34 /home/eric-busch/Workspace/msdk/Examples/MAX32690/USB/MAXUSB/UART_Passthrough/build/MAXUSB/maxusb.a(usb.o)
                0x0000000010003904                MXC_USB_Connect
 .text.MXC_USB_Disconnect
                0x0000000010003938       0x1c /home/eric-busch/Workspace/msdk/Examples/MAX32690/USB/MAXUSB/UART_Passthrough/build/MAXUSB/maxusb.a(usb.o)
                0x0000000010003938                MXC_USB_Disconnect
 .text.MXC_USB_GetStatus
                0x0000000010003954       0x1c /home/eric-busch/Workspace/msdk/Examples/MAX32690/USB/MAXUSB/UART_Passthrough/build/MAXUSB/maxusb.a(usb.o)
                0x0000000010003954                MXC_USB_GetStatus
 .text.MXC_USB_Stall
                0x0000000010003970       0x78 /home/eric-busch/Workspace/msdk/Examples/MAX32690/USB/MAXUSB/UART_Passthrough/build/MAXUSB/maxusb.a(usb.o)
                0x0000000010003970                MXC_USB_Stall
 .text.MXC_USB_Unstall
                0x00000000100039e8       0x4c /home/eric-busch/Workspace/msdk/Examples/MAX32690/USB/MAXUSB/UART_Passthrough/build/MAXUSB/maxusb.a(usb.o)
                0x00000000100039e8                MXC_USB_Unstall
 .text.MXC_USB_IsStalled
                0x0000000010003a34       0x28 /home/eric-busch/Workspace/msdk/Examples/MAX32690/USB/MAXUSB/UART_Passthrough/build/MAXUSB/maxusb.a(usb.o)
                0x0000000010003a34                MXC_USB_IsStalled
 .text.MXC_USB_ResetEp
                0x0000000010003a5c       0xa4 /home/eric-busch/Workspace/msdk/Examples/MAX32690/USB/MAXUSB/UART_Passthrough/build/MAXUSB/maxusb.a(usb.o)
                0x0000000010003a5c                MXC_USB_ResetEp
 .text.MXC_USB_Init
                0x0000000010003b00       0xb0 /home/eric-busch/Workspace/msdk/Examples/MAX32690/USB/MAXUSB/UART_Passthrough/build/MAXUSB/maxusb.a(usb.o)
                0x0000000010003b00                MXC_USB_Init
 .text.MXC_USB_ConfigEp
                0x0000000010003bb0       0x8c /home/eric-busch/Workspace/msdk/Examples/MAX32690/USB/MAXUSB/UART_Passthrough/build/MAXUSB/maxusb.a(usb.o)
                0x0000000010003bb0                MXC_USB_ConfigEp
 .text.MXC_USB_Ackstat
                0x0000000010003c3c       0x3c /home/eric-busch/Workspace/msdk/Examples/MAX32690/USB/MAXUSB/UART_Passthrough/build/MAXUSB/maxusb.a(usb.o)
                0x0000000010003c3c                MXC_USB_Ackstat
 .text.MXC_USB_IrqHandler
                0x0000000010003c78      0x274 /home/eric-busch/Workspace/msdk/Examples/MAX32690/USB/MAXUSB/UART_Passthrough/build/MAXUSB/maxusb.a(usb.o)
                0x0000000010003c78                MXC_USB_IrqHandler
 .text.MXC_USB_IrqEnable
                0x0000000010003eec       0x78 /home/eric-busch/Workspace/msdk/Examples/MAX32690/USB/MAXUSB/UART_Passthrough/build/MAXUSB/maxusb.a(usb.o)
                0x0000000010003eec                MXC_USB_IrqEnable
 .text.MXC_USB_IrqDisable
                0x0000000010003f64       0x78 /home/eric-busch/Workspace/msdk/Examples/MAX32690/USB/MAXUSB/UART_Passthrough/build/MAXUSB/maxusb.a(usb.o)
                0x0000000010003f64                MXC_USB_IrqDisable
 .text.MXC_USB_IrqClear
                0x0000000010003fdc        0x4 /home/eric-busch/Workspace/msdk/Examples/MAX32690/USB/MAXUSB/UART_Passthrough/build/MAXUSB/maxusb.a(usb.o)
                0x0000000010003fdc                MXC_USB_IrqClear
 .text.MXC_USB_GetSetup
                0x0000000010003fe0       0x88 /home/eric-busch/Workspace/msdk/Examples/MAX32690/USB/MAXUSB/UART_Passthrough/build/MAXUSB/maxusb.a(usb.o)
                0x0000000010003fe0                MXC_USB_GetSetup
 .text.MXC_USB_SetFuncAddr
                0x0000000010004068       0x18 /home/eric-busch/Workspace/msdk/Examples/MAX32690/USB/MAXUSB/UART_Passthrough/build/MAXUSB/maxusb.a(usb.o)
                0x0000000010004068                MXC_USB_SetFuncAddr
 .text.MXC_USB_RemoveRequest
                0x0000000010004080       0x38 /home/eric-busch/Workspace/msdk/Examples/MAX32690/USB/MAXUSB/UART_Passthrough/build/MAXUSB/maxusb.a(usb.o)
                0x0000000010004080                MXC_USB_RemoveRequest
 .text.MXC_USB_WriteEndpoint
                0x00000000100040b8       0x94 /home/eric-busch/Workspace/msdk/Examples/MAX32690/USB/MAXUSB/UART_Passthrough/build/MAXUSB/maxusb.a(usb.o)
                0x00000000100040b8                MXC_USB_WriteEndpoint
 .text.MXC_USB_ReadEndpoint
                0x000000001000414c       0xc4 /home/eric-busch/Workspace/msdk/Examples/MAX32690/USB/MAXUSB/UART_Passthrough/build/MAXUSB/maxusb.a(usb.o)
                0x000000001000414c                MXC_USB_ReadEndpoint
 .text.MXC_USB_EventEnable
                0x0000000010004210       0x2c /home/eric-busch/Workspace/msdk/Examples/MAX32690/USB/MAXUSB/UART_Passthrough/build/MAXUSB/maxusb.a(usb_event.o)
                0x0000000010004210                MXC_USB_EventEnable
 .text.MXC_USB_EventDisable
                0x000000001000423c       0x28 /home/eric-busch/Workspace/msdk/Examples/MAX32690/USB/MAXUSB/UART_Passthrough/build/MAXUSB/maxusb.a(usb_event.o)
                0x000000001000423c                MXC_USB_EventDisable
 .text.MXC_USB_EventClear
                0x0000000010004264        0xe /home/eric-busch/Workspace/msdk/Examples/MAX32690/USB/MAXUSB/UART_Passthrough/build/MAXUSB/maxusb.a(usb_event.o)
                0x0000000010004264                MXC_USB_EventClear
 *fill*         0x0000000010004272        0x2 
 .text.MXC_USB_EventHandler
                0x0000000010004274       0xbc /home/eric-busch/Workspace/msdk/Examples/MAX32690/USB/MAXUSB/UART_Passthrough/build/MAXUSB/maxusb.a(usb_event.o)
                0x0000000010004274                MXC_USB_EventHandler
 .text.status_stage_callback
                0x0000000010004330       0x22 /home/eric-busch/Workspace/msdk/Examples/MAX32690/USB/MAXUSB/UART_Passthrough/build/MAXUSB/maxusb.a(enumerate.o)
 *fill*         0x0000000010004352        0x2 
 .text.setup    0x0000000010004354      0x3e4 /home/eric-busch/Workspace/msdk/Examples/MAX32690/USB/MAXUSB/UART_Passthrough/build/MAXUSB/maxusb.a(enumerate.o)
 .text.enum_init
                0x0000000010004738       0x38 /home/eric-busch/Workspace/msdk/Examples/MAX32690/USB/MAXUSB/UART_Passthrough/build/MAXUSB/maxusb.a(enumerate.o)
                0x0000000010004738                enum_init
 .text.enum_register_callback
                0x0000000010004770       0x20 /home/eric-busch/Workspace/msdk/Examples/MAX32690/USB/MAXUSB/UART_Passthrough/build/MAXUSB/maxusb.a(enumerate.o)
                0x0000000010004770                enum_register_callback
 .text.enum_query_callback
                0x0000000010004790       0x28 /home/eric-busch/Workspace/msdk/Examples/MAX32690/USB/MAXUSB/UART_Passthrough/build/MAXUSB/maxusb.a(enumerate.o)
                0x0000000010004790                enum_query_callback
 .text.enum_register_descriptor
                0x00000000100047b8       0x40 /home/eric-busch/Workspace/msdk/Examples/MAX32690/USB/MAXUSB/UART_Passthrough/build/MAXUSB/maxusb.a(enumerate.o)
                0x00000000100047b8                enum_register_descriptor
 .text.enum_clearconfig
                0x00000000100047f8        0xc /home/eric-busch/Workspace/msdk/Examples/MAX32690/USB/MAXUSB/UART_Passthrough/build/MAXUSB/maxusb.a(enumerate.o)
                0x00000000100047f8                enum_clearconfig
 .text.get_line_coding_callback
                0x0000000010004804        0xe /home/eric-busch/Workspace/msdk/Examples/MAX32690/USB/MAXUSB/UART_Passthrough/build/MAXUSB/maxusb.a(cdc_acm.o)
 *fill*         0x0000000010004812        0x2 
 .text.class_req
                0x0000000010004814      0x104 /home/eric-busch/Workspace/msdk/Examples/MAX32690/USB/MAXUSB/UART_Passthrough/build/MAXUSB/maxusb.a(cdc_acm.o)
 .text.set_line_coding_callback
                0x0000000010004918       0x2c /home/eric-busch/Workspace/msdk/Examples/MAX32690/USB/MAXUSB/UART_Passthrough/build/MAXUSB/maxusb.a(cdc_acm.o)
 .text.svc_out_from_host
                0x0000000010004944       0x8c /home/eric-busch/Workspace/msdk/Examples/MAX32690/USB/MAXUSB/UART_Passthrough/build/MAXUSB/maxusb.a(cdc_acm.o)
 .text.out_callback
                0x00000000100049d0       0x10 /home/eric-busch/Workspace/msdk/Examples/MAX32690/USB/MAXUSB/UART_Passthrough/build/MAXUSB/maxusb.a(cdc_acm.o)
 .text.svc_in_to_host
                0x00000000100049e0       0x68 /home/eric-busch/Workspace/msdk/Examples/MAX32690/USB/MAXUSB/UART_Passthrough/build/MAXUSB/maxusb.a(cdc_acm.o)
 .text.acm_init
                0x0000000010004a48       0x5c /home/eric-busch/Workspace/msdk/Examples/MAX32690/USB/MAXUSB/UART_Passthrough/build/MAXUSB/maxusb.a(cdc_acm.o)
                0x0000000010004a48                acm_init
 .text.acm_register_callback
                0x0000000010004aa4       0x18 /home/eric-busch/Workspace/msdk/Examples/MAX32690/USB/MAXUSB/UART_Passthrough/build/MAXUSB/maxusb.a(cdc_acm.o)
                0x0000000010004aa4                acm_register_callback
 .text.acm_deconfigure
                0x0000000010004abc       0x6c /home/eric-busch/Workspace/msdk/Examples/MAX32690/USB/MAXUSB/UART_Passthrough/build/MAXUSB/maxusb.a(cdc_acm.o)
                0x0000000010004abc                acm_deconfigure
 .text.acm_configure
                0x0000000010004b28      0x130 /home/eric-busch/Workspace/msdk/Examples/MAX32690/USB/MAXUSB/UART_Passthrough/build/MAXUSB/maxusb.a(cdc_acm.o)
                0x0000000010004b28                acm_configure
 .text.acm_present
                0x0000000010004c58        0xc /home/eric-busch/Workspace/msdk/Examples/MAX32690/USB/MAXUSB/UART_Passthrough/build/MAXUSB/maxusb.a(cdc_acm.o)
                0x0000000010004c58                acm_present
 .text.acm_canread
                0x0000000010004c64       0x14 /home/eric-busch/Workspace/msdk/Examples/MAX32690/USB/MAXUSB/UART_Passthrough/build/MAXUSB/maxusb.a(cdc_acm.o)
                0x0000000010004c64                acm_canread
 .text.acm_read
                0x0000000010004c78       0x5c /home/eric-busch/Workspace/msdk/Examples/MAX32690/USB/MAXUSB/UART_Passthrough/build/MAXUSB/maxusb.a(cdc_acm.o)
                0x0000000010004c78                acm_read
 .text.acm_write
                0x0000000010004cd4       0x48 /home/eric-busch/Workspace/msdk/Examples/MAX32690/USB/MAXUSB/UART_Passthrough/build/MAXUSB/maxusb.a(cdc_acm.o)
                0x0000000010004cd4                acm_write
 .text.MXC_SYS_Crit_Enter
                0x0000000010004d1c       0x20 /home/eric-busch/Workspace/msdk/Examples/MAX32690/USB/MAXUSB/UART_Passthrough/build/MAXUSB/maxusb.a(fifo.o)
 .text.MXC_SYS_Crit_Exit
                0x0000000010004d3c       0x20 /home/eric-busch/Workspace/msdk/Examples/MAX32690/USB/MAXUSB/UART_Passthrough/build/MAXUSB/maxusb.a(fifo.o)
 .text.fifo_init
                0x0000000010004d5c       0x1a /home/eric-busch/Workspace/msdk/Examples/MAX32690/USB/MAXUSB/UART_Passthrough/build/MAXUSB/maxusb.a(fifo.o)
                0x0000000010004d5c                fifo_init
 .text.fifo_put8
                0x0000000010004d76       0x3c /home/eric-busch/Workspace/msdk/Examples/MAX32690/USB/MAXUSB/UART_Passthrough/build/MAXUSB/maxusb.a(fifo.o)
                0x0000000010004d76                fifo_put8
 .text.fifo_get8
                0x0000000010004db2       0x32 /home/eric-busch/Workspace/msdk/Examples/MAX32690/USB/MAXUSB/UART_Passthrough/build/MAXUSB/maxusb.a(fifo.o)
                0x0000000010004db2                fifo_get8
 .text.fifo_clear
                0x0000000010004de4       0x14 /home/eric-busch/Workspace/msdk/Examples/MAX32690/USB/MAXUSB/UART_Passthrough/build/MAXUSB/maxusb.a(fifo.o)
                0x0000000010004de4                fifo_clear
 .text.fifo_empty
                0x0000000010004df8        0xc /home/eric-busch/Workspace/msdk/Examples/MAX32690/USB/MAXUSB/UART_Passthrough/build/MAXUSB/maxusb.a(fifo.o)
                0x0000000010004df8                fifo_empty
 .text.fifo_level
                0x0000000010004e04       0x1e /home/eric-busch/Workspace/msdk/Examples/MAX32690/USB/MAXUSB/UART_Passthrough/build/MAXUSB/maxusb.a(fifo.o)
                0x0000000010004e04                fifo_level
 *fill*         0x0000000010004e22        0x2 
 .text.__errno  0x0000000010004e24        0xc /home/eric-busch/Tools/GNUTools/bin/../lib/gcc/arm-none-eabi/10.3.1/../../../../arm-none-eabi/lib/thumb/v7e-m+fp/softfp/libc.a(lib_a-errno.o)
                0x0000000010004e24                __errno
 .text.__libc_init_array
                0x0000000010004e30       0x48 /home/eric-busch/Tools/GNUTools/bin/../lib/gcc/arm-none-eabi/10.3.1/../../../../arm-none-eabi/lib/thumb/v7e-m+fp/softfp/libc.a(lib_a-init.o)
                0x0000000010004e30                __libc_init_array
 .text.malloc   0x0000000010004e78       0x10 /home/eric-busch/Tools/GNUTools/bin/../lib/gcc/arm-none-eabi/10.3.1/../../../../arm-none-eabi/lib/thumb/v7e-m+fp/softfp/libc.a(lib_a-malloc.o)
                0x0000000010004e78                malloc
 .text._malloc_r
                0x0000000010004e88      0x560 /home/eric-busch/Tools/GNUTools/bin/../lib/gcc/arm-none-eabi/10.3.1/../../../../arm-none-eabi/lib/thumb/v7e-m+fp/softfp/libc.a(lib_a-mallocr.o)
                0x0000000010004e88                _malloc_r
 .text          0x00000000100053e8      0x134 /home/eric-busch/Tools/GNUTools/bin/../lib/gcc/arm-none-eabi/10.3.1/../../../../arm-none-eabi/lib/thumb/v7e-m+fp/softfp/libc.a(lib_a-memcpy.o)
                0x00000000100053e8                memcpy
 .text.memset   0x000000001000551c       0xa4 /home/eric-busch/Tools/GNUTools/bin/../lib/gcc/arm-none-eabi/10.3.1/../../../../arm-none-eabi/lib/thumb/v7e-m+fp/softfp/libc.a(lib_a-memset.o)
                0x000000001000551c                memset
 .text.__malloc_lock
                0x00000000100055c0        0xc /home/eric-busch/Tools/GNUTools/bin/../lib/gcc/arm-none-eabi/10.3.1/../../../../arm-none-eabi/lib/thumb/v7e-m+fp/softfp/libc.a(lib_a-mlock.o)
                0x00000000100055c0                __malloc_lock
 .text.__malloc_unlock
                0x00000000100055cc        0xc /home/eric-busch/Tools/GNUTools/bin/../lib/gcc/arm-none-eabi/10.3.1/../../../../arm-none-eabi/lib/thumb/v7e-m+fp/softfp/libc.a(lib_a-mlock.o)
                0x00000000100055cc                __malloc_unlock
 .text.printf   0x00000000100055d8       0x28 /home/eric-busch/Tools/GNUTools/bin/../lib/gcc/arm-none-eabi/10.3.1/../../../../arm-none-eabi/lib/thumb/v7e-m+fp/softfp/libc.a(lib_a-printf.o)
                0x00000000100055d8                printf
 .text._puts_r  0x0000000010005600       0x9c /home/eric-busch/Tools/GNUTools/bin/../lib/gcc/arm-none-eabi/10.3.1/../../../../arm-none-eabi/lib/thumb/v7e-m+fp/softfp/libc.a(lib_a-puts.o)
                0x0000000010005600                _puts_r
 .text.puts     0x000000001000569c       0x10 /home/eric-busch/Tools/GNUTools/bin/../lib/gcc/arm-none-eabi/10.3.1/../../../../arm-none-eabi/lib/thumb/v7e-m+fp/softfp/libc.a(lib_a-puts.o)
                0x000000001000569c                puts
 .text._sbrk_r  0x00000000100056ac       0x24 /home/eric-busch/Tools/GNUTools/bin/../lib/gcc/arm-none-eabi/10.3.1/../../../../arm-none-eabi/lib/thumb/v7e-m+fp/softfp/libc.a(lib_a-sbrkr.o)
                0x00000000100056ac                _sbrk_r
 *fill*         0x00000000100056d0       0x30 
 .text          0x0000000010005700       0xdc /home/eric-busch/Tools/GNUTools/bin/../lib/gcc/arm-none-eabi/10.3.1/../../../../arm-none-eabi/lib/thumb/v7e-m+fp/softfp/libc.a(lib_a-strlen.o)
                0x0000000010005700                strlen
 *fill*         0x00000000100057dc        0x4 
 .text._vfprintf_r
                0x00000000100057e0     0x1b8c /home/eric-busch/Tools/GNUTools/bin/../lib/gcc/arm-none-eabi/10.3.1/../../../../arm-none-eabi/lib/thumb/v7e-m+fp/softfp/libc.a(lib_a-vfprintf.o)
                0x00000000100057e0                _vfprintf_r
 .text.__sbprintf
                0x000000001000736c       0x80 /home/eric-busch/Tools/GNUTools/bin/../lib/gcc/arm-none-eabi/10.3.1/../../../../arm-none-eabi/lib/thumb/v7e-m+fp/softfp/libc.a(lib_a-vfprintf.o)
 .text.__swsetup_r
                0x00000000100073ec       0xd4 /home/eric-busch/Tools/GNUTools/bin/../lib/gcc/arm-none-eabi/10.3.1/../../../../arm-none-eabi/lib/thumb/v7e-m+fp/softfp/libc.a(lib_a-wsetup.o)
                0x00000000100073ec                __swsetup_r
 .text.startup.register_fini
                0x00000000100074c0       0x14 /home/eric-busch/Tools/GNUTools/bin/../lib/gcc/arm-none-eabi/10.3.1/../../../../arm-none-eabi/lib/thumb/v7e-m+fp/softfp/libc.a(lib_a-__call_atexit.o)
 .text.atexit   0x00000000100074d4        0xc /home/eric-busch/Tools/GNUTools/bin/../lib/gcc/arm-none-eabi/10.3.1/../../../../arm-none-eabi/lib/thumb/v7e-m+fp/softfp/libc.a(lib_a-atexit.o)
                0x00000000100074d4                atexit
 .text.quorem   0x00000000100074e0      0x128 /home/eric-busch/Tools/GNUTools/bin/../lib/gcc/arm-none-eabi/10.3.1/../../../../arm-none-eabi/lib/thumb/v7e-m+fp/softfp/libc.a(lib_a-dtoa.o)
 .text._dtoa_r  0x0000000010007608      0xf34 /home/eric-busch/Tools/GNUTools/bin/../lib/gcc/arm-none-eabi/10.3.1/../../../../arm-none-eabi/lib/thumb/v7e-m+fp/softfp/libc.a(lib_a-dtoa.o)
                0x0000000010007608                _dtoa_r
 .text.__sflush_r
                0x000000001000853c      0x130 /home/eric-busch/Tools/GNUTools/bin/../lib/gcc/arm-none-eabi/10.3.1/../../../../arm-none-eabi/lib/thumb/v7e-m+fp/softfp/libc.a(lib_a-fflush.o)
                0x000000001000853c                __sflush_r
 .text._fflush_r
                0x000000001000866c       0x5c /home/eric-busch/Tools/GNUTools/bin/../lib/gcc/arm-none-eabi/10.3.1/../../../../arm-none-eabi/lib/thumb/v7e-m+fp/softfp/libc.a(lib_a-fflush.o)
                0x000000001000866c                _fflush_r
 .text._cleanup_r
                0x00000000100086c8        0xc /home/eric-busch/Tools/GNUTools/bin/../lib/gcc/arm-none-eabi/10.3.1/../../../../arm-none-eabi/lib/thumb/v7e-m+fp/softfp/libc.a(lib_a-findfp.o)
                0x00000000100086c8                _cleanup_r
 .text.__sinit  0x00000000100086d4      0x10c /home/eric-busch/Tools/GNUTools/bin/../lib/gcc/arm-none-eabi/10.3.1/../../../../arm-none-eabi/lib/thumb/v7e-m+fp/softfp/libc.a(lib_a-findfp.o)
                0x00000000100086d4                __sinit
 .text.__sfp_lock_acquire
                0x00000000100087e0        0xc /home/eric-busch/Tools/GNUTools/bin/../lib/gcc/arm-none-eabi/10.3.1/../../../../arm-none-eabi/lib/thumb/v7e-m+fp/softfp/libc.a(lib_a-findfp.o)
                0x00000000100087e0                __sfp_lock_acquire
 .text.__sfp_lock_release
                0x00000000100087ec        0xc /home/eric-busch/Tools/GNUTools/bin/../lib/gcc/arm-none-eabi/10.3.1/../../../../arm-none-eabi/lib/thumb/v7e-m+fp/softfp/libc.a(lib_a-findfp.o)
                0x00000000100087ec                __sfp_lock_release
 .text.__libc_fini_array
                0x00000000100087f8       0x2c /home/eric-busch/Tools/GNUTools/bin/../lib/gcc/arm-none-eabi/10.3.1/../../../../arm-none-eabi/lib/thumb/v7e-m+fp/softfp/libc.a(lib_a-fini.o)
                0x00000000100087f8                __libc_fini_array
 .text._malloc_trim_r
                0x0000000010008824       0xa0 /home/eric-busch/Tools/GNUTools/bin/../lib/gcc/arm-none-eabi/10.3.1/../../../../arm-none-eabi/lib/thumb/v7e-m+fp/softfp/libc.a(lib_a-freer.o)
                0x0000000010008824                _malloc_trim_r
 .text._free_r  0x00000000100088c4      0x20c /home/eric-busch/Tools/GNUTools/bin/../lib/gcc/arm-none-eabi/10.3.1/../../../../arm-none-eabi/lib/thumb/v7e-m+fp/softfp/libc.a(lib_a-freer.o)
                0x00000000100088c4                _free_r
 .text.__sfvwrite_r
                0x0000000010008ad0      0x2f0 /home/eric-busch/Tools/GNUTools/bin/../lib/gcc/arm-none-eabi/10.3.1/../../../../arm-none-eabi/lib/thumb/v7e-m+fp/softfp/libc.a(lib_a-fvwrite.o)
                0x0000000010008ad0                __sfvwrite_r
 .text._fwalk_reent
                0x0000000010008dc0       0x48 /home/eric-busch/Tools/GNUTools/bin/../lib/gcc/arm-none-eabi/10.3.1/../../../../arm-none-eabi/lib/thumb/v7e-m+fp/softfp/libc.a(lib_a-fwalk.o)
                0x0000000010008dc0                _fwalk_reent
 .text._localeconv_r
                0x0000000010008e08        0x8 /home/eric-busch/Tools/GNUTools/bin/../lib/gcc/arm-none-eabi/10.3.1/../../../../arm-none-eabi/lib/thumb/v7e-m+fp/softfp/libc.a(lib_a-localeconv.o)
                0x0000000010008e08                _localeconv_r
 .text.__retarget_lock_init_recursive
                0x0000000010008e10        0x4 /home/eric-busch/Tools/GNUTools/bin/../lib/gcc/arm-none-eabi/10.3.1/../../../../arm-none-eabi/lib/thumb/v7e-m+fp/softfp/libc.a(lib_a-lock.o)
                0x0000000010008e10                __retarget_lock_init_recursive
 .text.__retarget_lock_close_recursive
                0x0000000010008e14        0x4 /home/eric-busch/Tools/GNUTools/bin/../lib/gcc/arm-none-eabi/10.3.1/../../../../arm-none-eabi/lib/thumb/v7e-m+fp/softfp/libc.a(lib_a-lock.o)
                0x0000000010008e14                __retarget_lock_close_recursive
 .text.__retarget_lock_acquire_recursive
                0x0000000010008e18        0x4 /home/eric-busch/Tools/GNUTools/bin/../lib/gcc/arm-none-eabi/10.3.1/../../../../arm-none-eabi/lib/thumb/v7e-m+fp/softfp/libc.a(lib_a-lock.o)
                0x0000000010008e18                __retarget_lock_acquire_recursive
 .text.__retarget_lock_release_recursive
                0x0000000010008e1c        0x4 /home/eric-busch/Tools/GNUTools/bin/../lib/gcc/arm-none-eabi/10.3.1/../../../../arm-none-eabi/lib/thumb/v7e-m+fp/softfp/libc.a(lib_a-lock.o)
                0x0000000010008e1c                __retarget_lock_release_recursive
 .text.__smakebuf_r
                0x0000000010008e20       0xe0 /home/eric-busch/Tools/GNUTools/bin/../lib/gcc/arm-none-eabi/10.3.1/../../../../arm-none-eabi/lib/thumb/v7e-m+fp/softfp/libc.a(lib_a-makebuf.o)
                0x0000000010008e20                __smakebuf_r
 .text          0x0000000010008f00       0xa0 /home/eric-busch/Tools/GNUTools/bin/../lib/gcc/arm-none-eabi/10.3.1/../../../../arm-none-eabi/lib/thumb/v7e-m+fp/softfp/libc.a(lib_a-memchr.o)
                0x0000000010008f00                memchr
 .text.memmove  0x0000000010008fa0       0xf8 /home/eric-busch/Tools/GNUTools/bin/../lib/gcc/arm-none-eabi/10.3.1/../../../../arm-none-eabi/lib/thumb/v7e-m+fp/softfp/libc.a(lib_a-memmove.o)
                0x0000000010008fa0                memmove
 .text._Balloc  0x0000000010009098       0x4c /home/eric-busch/Tools/GNUTools/bin/../lib/gcc/arm-none-eabi/10.3.1/../../../../arm-none-eabi/lib/thumb/v7e-m+fp/softfp/libc.a(lib_a-mprec.o)
                0x0000000010009098                _Balloc
 .text._Bfree   0x00000000100090e4       0x14 /home/eric-busch/Tools/GNUTools/bin/../lib/gcc/arm-none-eabi/10.3.1/../../../../arm-none-eabi/lib/thumb/v7e-m+fp/softfp/libc.a(lib_a-mprec.o)
                0x00000000100090e4                _Bfree
 .text.__multadd
                0x00000000100090f8       0xa8 /home/eric-busch/Tools/GNUTools/bin/../lib/gcc/arm-none-eabi/10.3.1/../../../../arm-none-eabi/lib/thumb/v7e-m+fp/softfp/libc.a(lib_a-mprec.o)
                0x00000000100090f8                __multadd
 .text.__hi0bits
                0x00000000100091a0       0x40 /home/eric-busch/Tools/GNUTools/bin/../lib/gcc/arm-none-eabi/10.3.1/../../../../arm-none-eabi/lib/thumb/v7e-m+fp/softfp/libc.a(lib_a-mprec.o)
                0x00000000100091a0                __hi0bits
 .text.__lo0bits
                0x00000000100091e0       0x60 /home/eric-busch/Tools/GNUTools/bin/../lib/gcc/arm-none-eabi/10.3.1/../../../../arm-none-eabi/lib/thumb/v7e-m+fp/softfp/libc.a(lib_a-mprec.o)
                0x00000000100091e0                __lo0bits
 .text.__i2b    0x0000000010009240       0x5c /home/eric-busch/Tools/GNUTools/bin/../lib/gcc/arm-none-eabi/10.3.1/../../../../arm-none-eabi/lib/thumb/v7e-m+fp/softfp/libc.a(lib_a-mprec.o)
                0x0000000010009240                __i2b
 .text.__multiply
                0x000000001000929c      0x15c /home/eric-busch/Tools/GNUTools/bin/../lib/gcc/arm-none-eabi/10.3.1/../../../../arm-none-eabi/lib/thumb/v7e-m+fp/softfp/libc.a(lib_a-mprec.o)
                0x000000001000929c                __multiply
 .text.__pow5mult
                0x00000000100093f8       0xc0 /home/eric-busch/Tools/GNUTools/bin/../lib/gcc/arm-none-eabi/10.3.1/../../../../arm-none-eabi/lib/thumb/v7e-m+fp/softfp/libc.a(lib_a-mprec.o)
                0x00000000100093f8                __pow5mult
 .text.__lshift
                0x00000000100094b8       0xf0 /home/eric-busch/Tools/GNUTools/bin/../lib/gcc/arm-none-eabi/10.3.1/../../../../arm-none-eabi/lib/thumb/v7e-m+fp/softfp/libc.a(lib_a-mprec.o)
                0x00000000100094b8                __lshift
 .text.__mcmp   0x00000000100095a8       0x44 /home/eric-busch/Tools/GNUTools/bin/../lib/gcc/arm-none-eabi/10.3.1/../../../../arm-none-eabi/lib/thumb/v7e-m+fp/softfp/libc.a(lib_a-mprec.o)
                0x00000000100095a8                __mcmp
 .text.__mdiff  0x00000000100095ec      0x14c /home/eric-busch/Tools/GNUTools/bin/../lib/gcc/arm-none-eabi/10.3.1/../../../../arm-none-eabi/lib/thumb/v7e-m+fp/softfp/libc.a(lib_a-mprec.o)
                0x00000000100095ec                __mdiff
 .text.__d2b    0x0000000010009738       0xc4 /home/eric-busch/Tools/GNUTools/bin/../lib/gcc/arm-none-eabi/10.3.1/../../../../arm-none-eabi/lib/thumb/v7e-m+fp/softfp/libc.a(lib_a-mprec.o)
                0x0000000010009738                __d2b
 .text._realloc_r
                0x00000000100097fc      0x3d8 /home/eric-busch/Tools/GNUTools/bin/../lib/gcc/arm-none-eabi/10.3.1/../../../../arm-none-eabi/lib/thumb/v7e-m+fp/softfp/libc.a(lib_a-reallocr.o)
                0x00000000100097fc                _realloc_r
 .text.frexp    0x0000000010009bd4       0x70 /home/eric-busch/Tools/GNUTools/bin/../lib/gcc/arm-none-eabi/10.3.1/../../../../arm-none-eabi/lib/thumb/v7e-m+fp/softfp/libc.a(lib_a-s_frexp.o)
                0x0000000010009bd4                frexp
 .text.__sread  0x0000000010009c44       0x24 /home/eric-busch/Tools/GNUTools/bin/../lib/gcc/arm-none-eabi/10.3.1/../../../../arm-none-eabi/lib/thumb/v7e-m+fp/softfp/libc.a(lib_a-stdio.o)
                0x0000000010009c44                __sread
 .text.__swrite
                0x0000000010009c68       0x40 /home/eric-busch/Tools/GNUTools/bin/../lib/gcc/arm-none-eabi/10.3.1/../../../../arm-none-eabi/lib/thumb/v7e-m+fp/softfp/libc.a(lib_a-stdio.o)
                0x0000000010009c68                __swrite
 .text.__sseek  0x0000000010009ca8       0x20 /home/eric-busch/Tools/GNUTools/bin/../lib/gcc/arm-none-eabi/10.3.1/../../../../arm-none-eabi/lib/thumb/v7e-m+fp/softfp/libc.a(lib_a-stdio.o)
                0x0000000010009ca8                __sseek
 .text.__sclose
                0x0000000010009cc8        0x8 /home/eric-busch/Tools/GNUTools/bin/../lib/gcc/arm-none-eabi/10.3.1/../../../../arm-none-eabi/lib/thumb/v7e-m+fp/softfp/libc.a(lib_a-stdio.o)
                0x0000000010009cc8                __sclose
 .text.strncpy  0x0000000010009cd0       0x64 /home/eric-busch/Tools/GNUTools/bin/../lib/gcc/arm-none-eabi/10.3.1/../../../../arm-none-eabi/lib/thumb/v7e-m+fp/softfp/libc.a(lib_a-strncpy.o)
                0x0000000010009cd0                strncpy
 .text.__sprint_r.part.0
                0x0000000010009d34       0x78 /home/eric-busch/Tools/GNUTools/bin/../lib/gcc/arm-none-eabi/10.3.1/../../../../arm-none-eabi/lib/thumb/v7e-m+fp/softfp/libc.a(lib_a-vfiprintf.o)
 .text.__sprint_r
                0x0000000010009dac       0x18 /home/eric-busch/Tools/GNUTools/bin/../lib/gcc/arm-none-eabi/10.3.1/../../../../arm-none-eabi/lib/thumb/v7e-m+fp/softfp/libc.a(lib_a-vfiprintf.o)
                0x0000000010009dac                __sprint_r
 .text._vfiprintf_r
                0x0000000010009dc4      0xdfc /home/eric-busch/Tools/GNUTools/bin/../lib/gcc/arm-none-eabi/10.3.1/../../../../arm-none-eabi/lib/thumb/v7e-m+fp/softfp/libc.a(lib_a-vfiprintf.o)
                0x0000000010009dc4                _vfiprintf_r
 .text.__sbprintf
                0x000000001000abc0       0x80 /home/eric-busch/Tools/GNUTools/bin/../lib/gcc/arm-none-eabi/10.3.1/../../../../arm-none-eabi/lib/thumb/v7e-m+fp/softfp/libc.a(lib_a-vfiprintf.o)
 .text._write_r
                0x000000001000ac40       0x2c /home/eric-busch/Tools/GNUTools/bin/../lib/gcc/arm-none-eabi/10.3.1/../../../../arm-none-eabi/lib/thumb/v7e-m+fp/softfp/libc.a(lib_a-writer.o)
                0x000000001000ac40                _write_r
 .text.__register_exitproc
                0x000000001000ac6c       0x8c /home/eric-busch/Tools/GNUTools/bin/../lib/gcc/arm-none-eabi/10.3.1/../../../../arm-none-eabi/lib/thumb/v7e-m+fp/softfp/libc.a(lib_a-__atexit.o)
                0x000000001000ac6c                __register_exitproc
 .text.__assert_func
                0x000000001000acf8       0x40 /home/eric-busch/Tools/GNUTools/bin/../lib/gcc/arm-none-eabi/10.3.1/../../../../arm-none-eabi/lib/thumb/v7e-m+fp/softfp/libc.a(lib_a-assert.o)
                0x000000001000acf8                __assert_func
 .text._calloc_r
                0x000000001000ad38       0x78 /home/eric-busch/Tools/GNUTools/bin/../lib/gcc/arm-none-eabi/10.3.1/../../../../arm-none-eabi/lib/thumb/v7e-m+fp/softfp/libc.a(lib_a-callocr.o)
                0x000000001000ad38                _calloc_r
 .text._close_r
                0x000000001000adb0       0x24 /home/eric-busch/Tools/GNUTools/bin/../lib/gcc/arm-none-eabi/10.3.1/../../../../arm-none-eabi/lib/thumb/v7e-m+fp/softfp/libc.a(lib_a-closer.o)
                0x000000001000adb0                _close_r
 .text._fclose_r
                0x000000001000add4       0xcc /home/eric-busch/Tools/GNUTools/bin/../lib/gcc/arm-none-eabi/10.3.1/../../../../arm-none-eabi/lib/thumb/v7e-m+fp/softfp/libc.a(lib_a-fclose.o)
                0x000000001000add4                _fclose_r
 .text.fiprintf
                0x000000001000aea0       0x28 /home/eric-busch/Tools/GNUTools/bin/../lib/gcc/arm-none-eabi/10.3.1/../../../../arm-none-eabi/lib/thumb/v7e-m+fp/softfp/libc.a(lib_a-fiprintf.o)
                0x000000001000aea0                fiprintf
 .text.__fputwc
                0x000000001000aec8       0xa8 /home/eric-busch/Tools/GNUTools/bin/../lib/gcc/arm-none-eabi/10.3.1/../../../../arm-none-eabi/lib/thumb/v7e-m+fp/softfp/libc.a(lib_a-fputwc.o)
                0x000000001000aec8                __fputwc
 .text._fputwc_r
                0x000000001000af70       0x68 /home/eric-busch/Tools/GNUTools/bin/../lib/gcc/arm-none-eabi/10.3.1/../../../../arm-none-eabi/lib/thumb/v7e-m+fp/softfp/libc.a(lib_a-fputwc.o)
                0x000000001000af70                _fputwc_r
 .text._fstat_r
                0x000000001000afd8       0x2c /home/eric-busch/Tools/GNUTools/bin/../lib/gcc/arm-none-eabi/10.3.1/../../../../arm-none-eabi/lib/thumb/v7e-m+fp/softfp/libc.a(lib_a-fstatr.o)
                0x000000001000afd8                _fstat_r
 .text._isatty_r
                0x000000001000b004       0x24 /home/eric-busch/Tools/GNUTools/bin/../lib/gcc/arm-none-eabi/10.3.1/../../../../arm-none-eabi/lib/thumb/v7e-m+fp/softfp/libc.a(lib_a-isattyr.o)
                0x000000001000b004                _isatty_r
 .text.__locale_mb_cur_max
                0x000000001000b028        0xc /home/eric-busch/Tools/GNUTools/bin/../lib/gcc/arm-none-eabi/10.3.1/../../../../arm-none-eabi/lib/thumb/v7e-m+fp/softfp/libc.a(lib_a-locale.o)
                0x000000001000b028                __locale_mb_cur_max
 .text._lseek_r
                0x000000001000b034       0x2c /home/eric-busch/Tools/GNUTools/bin/../lib/gcc/arm-none-eabi/10.3.1/../../../../arm-none-eabi/lib/thumb/v7e-m+fp/softfp/libc.a(lib_a-lseekr.o)
                0x000000001000b034                _lseek_r
 .text.__ascii_mbtowc
                0x000000001000b060       0x2c /home/eric-busch/Tools/GNUTools/bin/../lib/gcc/arm-none-eabi/10.3.1/../../../../arm-none-eabi/lib/thumb/v7e-m+fp/softfp/libc.a(lib_a-mbtowc_r.o)
                0x000000001000b060                __ascii_mbtowc
 .text._read_r  0x000000001000b08c       0x2c /home/eric-busch/Tools/GNUTools/bin/../lib/gcc/arm-none-eabi/10.3.1/../../../../arm-none-eabi/lib/thumb/v7e-m+fp/softfp/libc.a(lib_a-readr.o)
                0x000000001000b08c                _read_r
 .text.__swbuf_r
                0x000000001000b0b8       0xb0 /home/eric-busch/Tools/GNUTools/bin/../lib/gcc/arm-none-eabi/10.3.1/../../../../arm-none-eabi/lib/thumb/v7e-m+fp/softfp/libc.a(lib_a-wbuf.o)
                0x000000001000b0b8                __swbuf_r
 .text._wcrtomb_r
                0x000000001000b168       0x3c /home/eric-busch/Tools/GNUTools/bin/../lib/gcc/arm-none-eabi/10.3.1/../../../../arm-none-eabi/lib/thumb/v7e-m+fp/softfp/libc.a(lib_a-wcrtomb.o)
                0x000000001000b168                _wcrtomb_r
 .text.__ascii_wctomb
                0x000000001000b1a4       0x1c /home/eric-busch/Tools/GNUTools/bin/../lib/gcc/arm-none-eabi/10.3.1/../../../../arm-none-eabi/lib/thumb/v7e-m+fp/softfp/libc.a(lib_a-wctomb_r.o)
                0x000000001000b1a4                __ascii_wctomb
 .text.abort    0x000000001000b1c0       0x10 /home/eric-busch/Tools/GNUTools/bin/../lib/gcc/arm-none-eabi/10.3.1/../../../../arm-none-eabi/lib/thumb/v7e-m+fp/softfp/libc.a(lib_a-abort.o)
                0x000000001000b1c0                abort
 .text.raise    0x000000001000b1d0       0x5c /home/eric-busch/Tools/GNUTools/bin/../lib/gcc/arm-none-eabi/10.3.1/../../../../arm-none-eabi/lib/thumb/v7e-m+fp/softfp/libc.a(lib_a-signal.o)
                0x000000001000b1d0                raise
 .text._kill_r  0x000000001000b22c       0x2c /home/eric-busch/Tools/GNUTools/bin/../lib/gcc/arm-none-eabi/10.3.1/../../../../arm-none-eabi/lib/thumb/v7e-m+fp/softfp/libc.a(lib_a-signalr.o)
                0x000000001000b22c                _kill_r
 .text._getpid_r
                0x000000001000b258        0x4 /home/eric-busch/Tools/GNUTools/bin/../lib/gcc/arm-none-eabi/10.3.1/../../../../arm-none-eabi/lib/thumb/v7e-m+fp/softfp/libc.a(lib_a-signalr.o)
                0x000000001000b258                _getpid_r
 .text._exit    0x000000001000b25c        0x4 /home/eric-busch/Tools/GNUTools/bin/../lib/gcc/arm-none-eabi/10.3.1/../../../../arm-none-eabi/lib/thumb/v7e-m+fp/softfp/libnosys.a(_exit.o)
                0x000000001000b25c                _exit
 .text          0x000000001000b260      0x378 /home/eric-busch/Tools/GNUTools/bin/../lib/gcc/arm-none-eabi/10.3.1/thumb/v7e-m+fp/softfp/libgcc.a(_arm_addsubdf3.o)
                0x000000001000b260                __aeabi_drsub
                0x000000001000b268                __aeabi_dsub
                0x000000001000b268                __subdf3
                0x000000001000b26c                __adddf3
                0x000000001000b26c                __aeabi_dadd
                0x000000001000b4e4                __aeabi_ui2d