Archive member included to satisfy reference by file (symbol)

/home/eric/Workspace/msdk/Libraries/PeriphDrivers/bin/MAX32690/spi-v1_softfp/libPeriphDriver_spi-v1_softfp.a(sys_me18.o)
                              /home/eric/Workspace/msdk/Examples/MAX32690/USB/MAXUSB/UART_Passthrough/build/main.o (MXC_SYS_GetUSN)
/home/eric/Workspace/msdk/Libraries/PeriphDrivers/bin/MAX32690/spi-v1_softfp/libPeriphDriver_spi-v1_softfp.a(ctb_me18.o)
                              /home/eric/Workspace/msdk/Libraries/PeriphDrivers/bin/MAX32690/spi-v1_softfp/libPeriphDriver_spi-v1_softfp.a(sys_me18.o) (MXC_CTB_Init)
/home/eric/Workspace/msdk/Libraries/PeriphDrivers/bin/MAX32690/spi-v1_softfp/libPeriphDriver_spi-v1_softfp.a(ctb_reva.o)
                              /home/eric/Workspace/msdk/Libraries/PeriphDrivers/bin/MAX32690/spi-v1_softfp/libPeriphDriver_spi-v1_softfp.a(ctb_me18.o) (MXC_CTB_RevA_Init)
/home/eric/Workspace/msdk/Libraries/PeriphDrivers/bin/MAX32690/spi-v1_softfp/libPeriphDriver_spi-v1_softfp.a(ctb_common.o)
                              /home/eric/Workspace/msdk/Libraries/PeriphDrivers/bin/MAX32690/spi-v1_softfp/libPeriphDriver_spi-v1_softfp.a(ctb_me18.o) (MXC_CTB_Common_Hash_GetBlockSize)
/home/eric/Workspace/msdk/Libraries/PeriphDrivers/bin/MAX32690/spi-v1_softfp/libPeriphDriver_spi-v1_softfp.a(flc_me18.o)
                              /home/eric/Workspace/msdk/Libraries/PeriphDrivers/bin/MAX32690/spi-v1_softfp/libPeriphDriver_spi-v1_softfp.a(sys_me18.o) (MXC_FLC_UnlockInfoBlock)
/home/eric/Workspace/msdk/Libraries/PeriphDrivers/bin/MAX32690/spi-v1_softfp/libPeriphDriver_spi-v1_softfp.a(flc_reva.o)
                              /home/eric/Workspace/msdk/Libraries/PeriphDrivers/bin/MAX32690/spi-v1_softfp/libPeriphDriver_spi-v1_softfp.a(flc_me18.o) (MXC_FLC_RevA_Busy)
/home/eric/Workspace/msdk/Libraries/PeriphDrivers/bin/MAX32690/spi-v1_softfp/libPeriphDriver_spi-v1_softfp.a(gpio_me18.o)
                              /home/eric/Workspace/msdk/Examples/MAX32690/USB/MAXUSB/UART_Passthrough/build/pb.o (MXC_GPIO_InGet)
/home/eric/Workspace/msdk/Libraries/PeriphDrivers/bin/MAX32690/spi-v1_softfp/libPeriphDriver_spi-v1_softfp.a(gpio_reva.o)
                              /home/eric/Workspace/msdk/Libraries/PeriphDrivers/bin/MAX32690/spi-v1_softfp/libPeriphDriver_spi-v1_softfp.a(gpio_me18.o) (MXC_GPIO_RevA_InGet)
/home/eric/Workspace/msdk/Libraries/PeriphDrivers/bin/MAX32690/spi-v1_softfp/libPeriphDriver_spi-v1_softfp.a(i2c_me18.o)
                              /home/eric/Workspace/msdk/Examples/MAX32690/USB/MAXUSB/UART_Passthrough/build/max9867.o (MXC_I2C_MasterTransaction)
/home/eric/Workspace/msdk/Libraries/PeriphDrivers/bin/MAX32690/spi-v1_softfp/libPeriphDriver_spi-v1_softfp.a(i2c_reva.o)
                              /home/eric/Workspace/msdk/Libraries/PeriphDrivers/bin/MAX32690/spi-v1_softfp/libPeriphDriver_spi-v1_softfp.a(i2c_me18.o) (MXC_I2C_RevA_DMACallback)
/home/eric/Workspace/msdk/Libraries/PeriphDrivers/bin/MAX32690/spi-v1_softfp/libPeriphDriver_spi-v1_softfp.a(icc_me18.o)
                              /home/eric/Workspace/msdk/Examples/MAX32690/USB/MAXUSB/UART_Passthrough/build/system_max32690.o (MXC_ICC_Enable)
/home/eric/Workspace/msdk/Libraries/PeriphDrivers/bin/MAX32690/spi-v1_softfp/libPeriphDriver_spi-v1_softfp.a(icc_reva.o)
                              /home/eric/Workspace/msdk/Libraries/PeriphDrivers/bin/MAX32690/spi-v1_softfp/libPeriphDriver_spi-v1_softfp.a(icc_me18.o) (MXC_ICC_RevA_ID)
/home/eric/Workspace/msdk/Libraries/PeriphDrivers/bin/MAX32690/spi-v1_softfp/libPeriphDriver_spi-v1_softfp.a(tmr_me18.o)
                              /home/eric/Workspace/msdk/Examples/MAX32690/USB/MAXUSB/UART_Passthrough/build/main.o (MXC_TMR_Init)
/home/eric/Workspace/msdk/Libraries/PeriphDrivers/bin/MAX32690/spi-v1_softfp/libPeriphDriver_spi-v1_softfp.a(tmr_revb.o)
                              /home/eric/Workspace/msdk/Libraries/PeriphDrivers/bin/MAX32690/spi-v1_softfp/libPeriphDriver_spi-v1_softfp.a(tmr_me18.o) (MXC_TMR_RevB_LockClockSource)
/home/eric/Workspace/msdk/Libraries/PeriphDrivers/bin/MAX32690/spi-v1_softfp/libPeriphDriver_spi-v1_softfp.a(uart_me18.o)
                              /home/eric/Workspace/msdk/Examples/MAX32690/USB/MAXUSB/UART_Passthrough/build/board.o (MXC_UART_Shutdown)
/home/eric/Workspace/msdk/Libraries/PeriphDrivers/bin/MAX32690/spi-v1_softfp/libPeriphDriver_spi-v1_softfp.a(uart_revb.o)
                              /home/eric/Workspace/msdk/Libraries/PeriphDrivers/bin/MAX32690/spi-v1_softfp/libPeriphDriver_spi-v1_softfp.a(uart_me18.o) (MXC_UART_RevB_Init)
/home/eric/Workspace/msdk/Libraries/PeriphDrivers/bin/MAX32690/spi-v1_softfp/libPeriphDriver_spi-v1_softfp.a(mxc_delay.o)
                              /home/eric/Workspace/msdk/Libraries/PeriphDrivers/bin/MAX32690/spi-v1_softfp/libPeriphDriver_spi-v1_softfp.a(sys_me18.o) (MXC_DelayAsync)
/home/eric/Workspace/msdk/Libraries/PeriphDrivers/bin/MAX32690/spi-v1_softfp/libPeriphDriver_spi-v1_softfp.a(nvic_table.o)
[...]
Memory Configuration

Name             Origin             Length             Attributes
ROM              0x0000000000000000 0x0000000000020000 xr
FLASH            0x0000000010000000 0x0000000000340000 xr
PAL_NVM_DB       0x0000000010340000 0x0000000000000000 r
RISCV_FLASH      0x0000000000000000 0x0000000000000000 xr
SRAM             0x0000000020000000 0x0000000000100000 xrw
MAILBOX_0        0x0000000000000000 0x0000000000000000 rw
MAILBOX_1        0x0000000000000000 0x0000000000000000 rw
HPB_CS0          0x0000000060000000 0x0000000010000000 xrw
HPB_CS1          0x0000000070000000 0x0000000010000000 xrw
*default*        0x0000000000000000 0xffffffffffffffff

Linker script and memory map

LOAD /home/eric/gcc-arm-none-eabi-10.3-2021.10/bin/../lib/gcc/arm-none-eabi/10.3.1/thumb/v7e-m+fp/softfp/crti.o
LOAD /home/eric/gcc-arm-none-eabi-10.3-2021.10/bin/../lib/gcc/arm-none-eabi/10.3.1/thumb/v7e-m+fp/softfp/crtbegin.o
LOAD /home/eric/gcc-arm-none-eabi-10.3-2021.10/bin/../lib/gcc/arm-none-eabi/10.3.1/../../../../arm-none-eabi/lib/thumb/v7e-m+fp/softfp/crt0.o
LOAD /home/eric/Workspace/msdk/Examples/MAX32690/USB/MAXUSB/UART_Passthrough/build/main.o
LOAD /home/eric/Workspace/msdk/Examples/MAX32690/USB/MAXUSB/UART_Passthrough/build/ring_buffer.o
LOAD /home/eric/Workspace/msdk/Examples/MAX32690/USB/MAXUSB/UART_Passthrough/build/board.o
LOAD /home/eric/Workspace/msdk/Examples/MAX32690/USB/MAXUSB/UART_Passthrough/build/stdio.o
LOAD /home/eric/Workspace/msdk/Examples/MAX32690/USB/MAXUSB/UART_Passthrough/build/led.o
LOAD /home/eric/Workspace/msdk/Examples/MAX32690/USB/MAXUSB/UART_Passthrough/build/mx25.o
LOAD /home/eric/Workspace/msdk/Examples/MAX32690/USB/MAXUSB/UART_Passthrough/build/pb.o
LOAD /home/eric/Workspace/msdk/Examples/MAX32690/USB/MAXUSB/UART_Passthrough/build/tft_st7735.o
LOAD /home/eric/Workspace/msdk/Examples/MAX32690/USB/MAXUSB/UART_Passthrough/build/max9867.o
LOAD /home/eric/Workspace/msdk/Examples/MAX32690/USB/MAXUSB/UART_Passthrough/build/startup_max32690.o
LOAD /home/eric/Workspace/msdk/Examples/MAX32690/USB/MAXUSB/UART_Passthrough/build/heap.o
LOAD /home/eric/Workspace/msdk/Examples/MAX32690/USB/MAXUSB/UART_Passthrough/build/system_max32690.o
START GROUP
LOAD /home/eric/Workspace/msdk/Libraries/PeriphDrivers/bin/MAX32690/spi-v1_softfp/libPeriphDriver_spi-v1_softfp.a
LOAD /home/eric/Workspace/msdk/Examples/MAX32690/USB/MAXUSB/UART_Passthrough/build/MAXUSB/maxusb.a
LOAD /home/eric/gcc-arm-none-eabi-10.3-2021.10/bin/../lib/gcc/arm-none-eabi/10.3.1/../../../../arm-none-eabi/lib/thumb/v7e-m+fp/softfp/libc.a
LOAD /home/eric/gcc-arm-none-eabi-10.3-2021.10/bin/../lib/gcc/arm-none-eabi/10.3.1/../../../../arm-none-eabi/lib/thumb/v7e-m+fp/softfp/libm.a
LOAD /home/eric/gcc-arm-none-eabi-10.3-2021.10/bin/../lib/gcc/arm-none-eabi/10.3.1/../../../../arm-none-eabi/lib/thumb/v7e-m+fp/softfp/libnosys.a
END GROUP
START GROUP
LOAD /home/eric/gcc-arm-none-eabi-10.3-2021.10/bin/../lib/gcc/arm-none-eabi/10.3.1/thumb/v7e-m+fp/softfp/libgcc.a
LOAD /home/eric/gcc-arm-none-eabi-10.3-2021.10/bin/../lib/gcc/arm-none-eabi/10.3.1/../../../../arm-none-eabi/lib/thumb/v7e-m+fp/softfp/libc.a
END GROUP
LOAD /home/eric/gcc-arm-none-eabi-10.3-2021.10/bin/../lib/gcc/arm-none-eabi/10.3.1/thumb/v7e-m+fp/softfp/crtend.o
LOAD /home/eric/gcc-arm-none-eabi-10.3-2021.10/bin/../lib/gcc/arm-none-eabi/10.3.1/thumb/v7e-m+fp/softfp/crtn.o
                0x0000000010000000                ARM_FLASH_ORIGIN = _FLASH_ORIGIN
                0x0000000000340000                ARM_FLASH_SIZE = ((_FLASH_SIZE - _RISCV_FLASH_SIZE) - _PAL_NVM_SIZE)
                0x0000000010340000                PAL_NVM_ORIGIN = ((_FLASH_SIZE - _PAL_NVM_SIZE) + _FLASH_ORIGIN)
                0x0000000000000000                RISCV_FLASH_ORIGIN = _RISCV_FLASH_ORIGIN
                0x0000000000000000                RISCV_FLASH_SIZE = _RISCV_FLASH_SIZE
                0x0000000020000000                ARM_SRAM_ORIGIN = _SRAM_ORIGIN
                0x0000000000100000                ARM_SRAM_SIZE = (_SRAM_SIZE - _RISCV_SRAM_SIZE)
                0x0000000000000000                MAILBOX_ORIGIN = _RISCV_SRAM_ORIGIN
                0x0000000000000000                RISCV_SRAM_ORIGIN = _RISCV_SRAM_ORIGIN
                0x0000000000000000                RISCV_SRAM_SIZE = _RISCV_SRAM_SIZE

.rom
 *(.rom_vector)
 *(.rom_handlers*)

.text           0x0000000010000000     0xe8ec
                0x0000000010000000                _text = .
 *(.isr_vector)
 .isr_vector    0x0000000010000000      0x200 /home/eric/Workspace/msdk/Examples/MAX32690/USB/MAXUSB/UART_Passthrough/build/startup_max32690.o
                0x0000000010000000                __isr_vector
 EXCLUDE_FILE(*riscv.o) *(.text*)
 .text          0x0000000010000200       0x40 /home/eric/gcc-arm-none-eabi-10.3-2021.10/bin/../lib/gcc/arm-none-eabi/10.3.1/thumb/v7e-m+fp/softfp/crtbegin.o
 .text.setfeatureCallback
                0x0000000010000240       0x1c /home/eric/Workspace/msdk/Examples/MAX32690/USB/MAXUSB/UART_Passthrough/build/main.o
 .text.clrfeatureCallback
                0x000000001000025c       0x18 /home/eric/Workspace/msdk/Examples/MAX32690/USB/MAXUSB/UART_Passthrough/build/main.o
 .text.usbAppSleep
                0x0000000010000274        0xc /home/eric/Workspace/msdk/Examples/MAX32690/USB/MAXUSB/UART_Passthrough/build/main.o
 .text.usbAppWakeup
                0x0000000010000280        0xc /home/eric/Workspace/msdk/Examples/MAX32690/USB/MAXUSB/UART_Passthrough/build/main.o
 .text.usb_read_callback
                0x000000001000028c       0x10 /home/eric/Workspace/msdk/Examples/MAX32690/USB/MAXUSB/UART_Passthrough/build/main.o
 .text.delay_us
                0x000000001000029c        0x8 /home/eric/Workspace/msdk/Examples/MAX32690/USB/MAXUSB/UART_Passthrough/build/main.o
                0x000000001000029c                delay_us
 .text.event_callback
                0x00000000100002a4      0x100 /home/eric/Workspace/msdk/Examples/MAX32690/USB/MAXUSB/UART_Passthrough/build/main.o
 .text.setconfig_callback
                0x00000000100003a4       0x80 /home/eric/Workspace/msdk/Examples/MAX32690/USB/MAXUSB/UART_Passthrough/build/main.o
 .text.echo_usb
                0x0000000010000424       0x58 /home/eric/Workspace/msdk/Examples/MAX32690/USB/MAXUSB/UART_Passthrough/build/main.o
 .text.usbStartupCallback
                0x000000001000047c       0x28 /home/eric/Workspace/msdk/Examples/MAX32690/USB/MAXUSB/UART_Passthrough/build/main.o
                0x000000001000047c                usbStartupCallback
 .text.usbShutdownCallback
                0x00000000100004a4        0xc /home/eric/Workspace/msdk/Examples/MAX32690/USB/MAXUSB/UART_Passthrough/build/main.o
                0x00000000100004a4                usbShutdownCallback
 .text.restart_oneshot_timer
                0x00000000100004b0       0x10 /home/eric/Workspace/msdk/Examples/MAX32690/USB/MAXUSB/UART_Passthrough/build/main.o
                0x00000000100004b0                restart_oneshot_timer
 .text.startTx  0x00000000100004c0       0x4c /home/eric/Workspace/msdk/Examples/MAX32690/USB/MAXUSB/UART_Passthrough/build/main.o
                0x00000000100004c0                startTx
 .text.uartRxCallback
                0x000000001000050c       0x44 /home/eric/Workspace/msdk/Examples/MAX32690/USB/MAXUSB/UART_Passthrough/build/main.o
                0x000000001000050c                uartRxCallback
 .text.oneshot_init
                0x0000000010000550       0x68 /home/eric/Workspace/msdk/Examples/MAX32690/USB/MAXUSB/UART_Passthrough/build/main.o
                0x0000000010000550                oneshot_init
 .text.TMR4_IRQHandler
                0x00000000100005b8       0x14 /home/eric/Workspace/msdk/Examples/MAX32690/USB/MAXUSB/UART_Passthrough/build/main.o
                0x00000000100005b8                TMR4_IRQHandler
 .text.format_product_id
                0x00000000100005cc       0x38 /home/eric/Workspace/msdk/Examples/MAX32690/USB/MAXUSB/UART_Passthrough/build/main.o
                0x00000000100005cc                format_product_id
 .text.main     0x0000000010000604      0x370 /home/eric/Workspace/msdk/Examples/MAX32690/USB/MAXUSB/UART_Passthrough/build/main.o
                0x0000000010000604                main
 .text.USB_IRQHandler
                0x0000000010000974        0x8 /home/eric/Workspace/msdk/Examples/MAX32690/USB/MAXUSB/UART_Passthrough/build/main.o
                0x0000000010000974                USB_IRQHandler
 .text.SysTick_Handler
                0x000000001000097c        0x8 /home/eric/Workspace/msdk/Examples/MAX32690/USB/MAXUSB/UART_Passthrough/build/main.o
                0x000000001000097c                SysTick_Handler
 .text.ring_buffer_init
                0x0000000010000984        0xc /home/eric/Workspace/msdk/Examples/MAX32690/USB/MAXUSB/UART_Passthrough/build/ring_buffer.o
                0x0000000010000984                ring_buffer_init
 .text.ring_buffer_put
                0x0000000010000990       0x32 /home/eric/Workspace/msdk/Examples/MAX32690/USB/MAXUSB/UART_Passthrough/build/ring_buffer.o
                0x0000000010000990                ring_buffer_put
 .text.ring_buffer_get
                0x00000000100009c2       0x36 /home/eric/Workspace/msdk/Examples/MAX32690/USB/MAXUSB/UART_Passthrough/build/ring_buffer.o
                0x00000000100009c2                ring_buffer_get
 .text.ring_buffer_get_data_cnt
                0x00000000100009f8        0x6 /home/eric/Workspace/msdk/Examples/MAX32690/USB/MAXUSB/UART_Passthrough/build/ring_buffer.o
                0x00000000100009f8                ring_buffer_get_data_cnt
 *fill*         0x00000000100009fe        0x2 
 .text.mxc_assert
                0x0000000010000a00       0x10 /home/eric/Workspace/msdk/Examples/MAX32690/USB/MAXUSB/UART_Passthrough/build/board.o
                0x0000000010000a00                mxc_assert
 .text.GPIOWAKE_IRQHandler
                0x0000000010000a10        0xa /home/eric/Workspace/msdk/Examples/MAX32690/USB/MAXUSB/UART_Passthrough/build/board.o
                0x0000000010000a10                GPIOWAKE_IRQHandler
 .text.GPIO2_IRQHandler
                0x0000000010000a1a        0xa /home/eric/Workspace/msdk/Examples/MAX32690/USB/MAXUSB/UART_Passthrough/build/board.o
                0x0000000010000a1a                GPIO2_IRQHandler
 .text.Console_Init
                0x0000000010000a24       0x18 /home/eric/Workspace/msdk/Examples/MAX32690/USB/MAXUSB/UART_Passthrough/build/board.o
                0x0000000010000a24                Console_Init
 .text.Board_Init
                0x0000000010000a3c       0x58 /home/eric/Workspace/msdk/Examples/MAX32690/USB/MAXUSB/UART_Passthrough/build/board.o
                0x0000000010000a3c                Board_Init
 .text.NMI_Handler
                0x0000000010000a94       0x10 /home/eric/Workspace/msdk/Examples/MAX32690/USB/MAXUSB/UART_Passthrough/build/board.o
                0x0000000010000a94                NMI_Handler
 .text.HardFault_Handler
                0x0000000010000aa4       0x10 /home/eric/Workspace/msdk/Examples/MAX32690/USB/MAXUSB/UART_Passthrough/build/board.o
                0x0000000010000aa4                HardFault_Handler
 .text._close   0x0000000010000ab4        0x6 /home/eric/Workspace/msdk/Examples/MAX32690/USB/MAXUSB/UART_Passthrough/build/stdio.o
                0x0000000010000ab4                _close
 .text._isatty  0x0000000010000aba        0x6 /home/eric/Workspace/msdk/Examples/MAX32690/USB/MAXUSB/UART_Passthrough/build/stdio.o
                0x0000000010000aba                _isatty
 .text._lseek   0x0000000010000ac0        0x6 /home/eric/Workspace/msdk/Examples/MAX32690/USB/MAXUSB/UART_Passthrough/build/stdio.o
                0x0000000010000ac0                _lseek
 .text._fstat   0x0000000010000ac6        0x6 /home/eric/Workspace/msdk/Examples/MAX32690/USB/MAXUSB/UART_Passthrough/build/stdio.o
                0x0000000010000ac6                _fstat
 .text._read    0x0000000010000acc       0x50 /home/eric/Workspace/msdk/Examples/MAX32690/USB/MAXUSB/UART_Passthrough/build/stdio.o
                0x0000000010000acc                _read
 .text._write   0x0000000010000b1c       0x44 /home/eric/Workspace/msdk/Examples/MAX32690/USB/MAXUSB/UART_Passthrough/build/stdio.o
                0x0000000010000b1c                _write
 .text.LED_On   0x0000000010000b60       0x44 /home/eric/Workspace/msdk/Examples/MAX32690/USB/MAXUSB/UART_Passthrough/build/led.o
                0x0000000010000b60                LED_On
 .text.LED_Off  0x0000000010000ba4       0x44 /home/eric/Workspace/msdk/Examples/MAX32690/USB/MAXUSB/UART_Passthrough/build/led.o
                0x0000000010000ba4                LED_Off
 .text.LED_Init
                0x0000000010000be8       0x3c /home/eric/Workspace/msdk/Examples/MAX32690/USB/MAXUSB/UART_Passthrough/build/led.o
                0x0000000010000be8                LED_Init
 .text.PB_Init  0x0000000010000c24       0x60 /home/eric/Workspace/msdk/Examples/MAX32690/USB/MAXUSB/UART_Passthrough/build/pb.o
                0x0000000010000c24                PB_Init
 .text          0x0000000010000c84      0x158 /home/eric/Workspace/msdk/Examples/MAX32690/USB/MAXUSB/UART_Passthrough/build/startup_max32690.o
                0x0000000010000c84                Reset_Handler
                0x0000000010000cc4                MemManage_Handler
                0x0000000010000cc6                BusFault_Handler
                0x0000000010000cc8                UsageFault_Handler
                0x0000000010000cca                SVC_Handler
                0x0000000010000ccc                DebugMon_Handler
                0x0000000010000cce                PendSV_Handler
                0x0000000010000cd2                Default_Handler
                0x0000000010000cd4                PF_IRQHandler
                0x0000000010000cd6                WDT0_IRQHandler
                0x0000000010000cda                RTC_IRQHandler
                0x0000000010000cdc                TRNG_IRQHandler
                0x0000000010000cde                TMR0_IRQHandler
                0x0000000010000ce0                TMR1_IRQHandler
                0x0000000010000ce2                TMR2_IRQHandler
                0x0000000010000ce4                TMR3_IRQHandler
                0x0000000010000ce8                TMR5_IRQHandler
                0x0000000010000cea                RSV11_IRQHandler
                0x0000000010000cec                RSV12_IRQHandler
                0x0000000010000cee                I2C0_IRQHandler
                0x0000000010000cf0                UART0_IRQHandler
                0x0000000010000cf2                UART1_IRQHandler
                0x0000000010000cf4                SPI0_IRQHandler
                0x0000000010000cf6                SPI1_IRQHandler
                0x0000000010000cf8                SPI2_IRQHandler
                0x0000000010000cfa                RSV19_IRQHandler
                0x0000000010000cfc                ADC_IRQHandler
                0x0000000010000cfe                RSV21_IRQHandler
                0x0000000010000d00                RSV22_IRQHandler
                0x0000000010000d02                FLC0_IRQHandler
                0x0000000010000d04                GPIO0_IRQHandler
                0x0000000010000d06                GPIO1_IRQHandler
                0x0000000010000d0a                CRYPTO_IRQHandler
                0x0000000010000d0c                DMA0_IRQHandler
                0x0000000010000d0e                DMA1_IRQHandler
                0x0000000010000d10                DMA2_IRQHandler
                0x0000000010000d12                DMA3_IRQHandler
                0x0000000010000d14                RSV32_IRQHandler
                0x0000000010000d16                RSV33_IRQHandler
                0x0000000010000d18                UART2_IRQHandler
                0x0000000010000d1a                RSV35_IRQHandler
                0x0000000010000d1c                I2C1_IRQHandler
                0x0000000010000d1e                RSV37_IRQHandler
                0x0000000010000d20                SPIXC_IRQHandler
                0x0000000010000d22                BTLE_TX_DONE_IRQHandler
                0x0000000010000d24                BTLE_RX_RCVD_IRQHandler
                0x0000000010000d26                BTLE_RX_ENG_DET_IRQHandler
                0x0000000010000d28                BTLE_SFD_DET_IRQHandler
                0x0000000010000d2a                BTLE_SFD_TO_IRQHandler
                0x0000000010000d2c                BTLE_GP_EVENT_IRQHandler
                0x0000000010000d2e                BTLE_CFO_IRQHandler
                0x0000000010000d30                BTLE_SIG_DET_IRQHandler
                0x0000000010000d32                BTLE_AGC_EVENT_IRQHandler
                0x0000000010000d34                BTLE_RFFE_SPIM_IRQHandler
                0x0000000010000d36                BTLE_TX_AES_IRQHandler
                0x0000000010000d38                BTLE_RX_AES_IRQHandler
                0x0000000010000d3a                BTLE_INV_APB_ADDR_IRQHandler
                0x0000000010000d3c                BTLE_IQ_DATA_VALID_IRQHandler
                0x0000000010000d3e                WUT0_IRQHandler
                0x0000000010000d42                RSV55_IRQHandler
                0x0000000010000d44                SPI3_IRQHandler
                0x0000000010000d46                WDT1_IRQHandler
                0x0000000010000d48                GPIO3_IRQHandler
                0x0000000010000d4a                PT_IRQHandler
                0x0000000010000d4c                RSV60_IRQHandler
                0x0000000010000d4e                HPB_IRQHandler
                0x0000000010000d50                I2C2_IRQHandler
                0x0000000010000d52                RISCV_IRQHandler
                0x0000000010000d54                RSV64_IRQHandler
                0x0000000010000d56                RSV65_IRQHandler
                0x0000000010000d58                RSV66_IRQHandler
                0x0000000010000d5a                OWM_IRQHandler
                0x0000000010000d5c                DMA4_IRQHandler
                0x0000000010000d5e                DMA5_IRQHandler
                0x0000000010000d60                DMA6_IRQHandler
                0x0000000010000d62                DMA7_IRQHandler
                0x0000000010000d64                DMA8_IRQHandler
                0x0000000010000d66                DMA9_IRQHandler
                0x0000000010000d68                DMA10_IRQHandler
                0x0000000010000d6a                DMA11_IRQHandler
                0x0000000010000d6c                DMA12_IRQHandler
                0x0000000010000d6e                DMA13_IRQHandler
                0x0000000010000d70                DMA14_IRQHandler
                0x0000000010000d72                DMA15_IRQHandler
                0x0000000010000d74                USBDMA_IRQHandler
                0x0000000010000d76                RSV81_IRQHandler
                0x0000000010000d78                ECC_IRQHandler
                0x0000000010000d7a                RSV83_IRQHandler
                0x0000000010000d7c                RSV84_IRQHandler
                0x0000000010000d7e                SCA_IRQHandler
                0x0000000010000d80                RSV86_IRQHandler
                0x0000000010000d82                FLC1_IRQHandler
                0x0000000010000d84                UART3_IRQHandler
                0x0000000010000d86                RSV89_IRQHandler
                0x0000000010000d88                RSV90_IRQHandler
                0x0000000010000d8a                RSV91_IRQHandler
                0x0000000010000d8c                RSV92_IRQHandler
                0x0000000010000d8e                RSV93_IRQHandler
                0x0000000010000d90                RSV94_IRQHandler
                0x0000000010000d92                RSV95_IRQHandler
                0x0000000010000d94                RSV96_IRQHandler
                0x0000000010000d96                RSV97_IRQHandler
                0x0000000010000d98                RSV98_IRQHandler
                0x0000000010000d9a                I2S_IRQHandler
                0x0000000010000d9c                RSV100_IRQHandler
                0x0000000010000d9e                RSV101_IRQHandler
                0x0000000010000da0                RSV102_IRQHandler
                0x0000000010000da2                LPCMP_IRQHandler
                0x0000000010000da4                RSV104_IRQHandler
                0x0000000010000da6                SPI4_IRQHandler
                0x0000000010000da8                RSV106_IRQHandler
                0x0000000010000daa                CAN0_IRQHandler
                0x0000000010000dac                CAN1_IRQHandler
                0x0000000010000dae                WUT1_IRQHandler
                0x0000000010000db0                RSV110_IRQHandler
                0x0000000010000db2                RSV111_IRQHandler
 .text._sbrk    0x0000000010000ddc       0x40 /home/eric/Workspace/msdk/Examples/MAX32690/USB/MAXUSB/UART_Passthrough/build/heap.o
                0x0000000010000ddc                _sbrk
 .text._getpid  0x0000000010000e1c        0x6 /home/eric/Workspace/msdk/Examples/MAX32690/USB/MAXUSB/UART_Passthrough/build/system_max32690.o
                0x0000000010000e1c                _getpid
 .text._kill    0x0000000010000e22        0x6 /home/eric/Workspace/msdk/Examples/MAX32690/USB/MAXUSB/UART_Passthrough/build/system_max32690.o
                0x0000000010000e22                _kill
 .text.SystemCoreClockUpdate
                0x0000000010000e28       0x80 /home/eric/Workspace/msdk/Examples/MAX32690/USB/MAXUSB/UART_Passthrough/build/system_max32690.o
                0x0000000010000e28                SystemCoreClockUpdate
 .text.PreInit  0x0000000010000ea8        0x4 /home/eric/Workspace/msdk/Examples/MAX32690/USB/MAXUSB/UART_Passthrough/build/system_max32690.o
                0x0000000010000ea8                PreInit
 .text.PinInit  0x0000000010000eac        0x2 /home/eric/Workspace/msdk/Examples/MAX32690/USB/MAXUSB/UART_Passthrough/build/system_max32690.o
                0x0000000010000eac                PinInit
 .text.ClockInit
                0x0000000010000eae        0x4 /home/eric/Workspace/msdk/Examples/MAX32690/USB/MAXUSB/UART_Passthrough/build/system_max32690.o
                0x0000000010000eae                ClockInit
 .text.PalSysInit
                0x0000000010000eb2        0x2 /home/eric/Workspace/msdk/Examples/MAX32690/USB/MAXUSB/UART_Passthrough/build/system_max32690.o
                0x0000000010000eb2                PalSysInit
 .text.SystemInit
                0x0000000010000eb4       0x90 /home/eric/Workspace/msdk/Examples/MAX32690/USB/MAXUSB/UART_Passthrough/build/system_max32690.o
                0x0000000010000eb4                SystemInit
 .text.MXC_SYS_GetUSN
                0x0000000010000f44      0x174 /home/eric/Workspace/msdk/Libraries/PeriphDrivers/bin/MAX32690/spi-v1_softfp/libPeriphDriver_spi-v1_softfp.a(sys_me18.o)
                0x0000000010000f44                MXC_SYS_GetUSN
 .text.MXC_SYS_IsClockEnabled
                0x00000000100010b8       0x54 /home/eric/Workspace/msdk/Libraries/PeriphDrivers/bin/MAX32690/spi-v1_softfp/libPeriphDriver_spi-v1_softfp.a(sys_me18.o)
                0x00000000100010b8                MXC_SYS_IsClockEnabled
 .text.MXC_SYS_ClockDisable
                0x000000001000110c       0x48 /home/eric/Workspace/msdk/Libraries/PeriphDrivers/bin/MAX32690/spi-v1_softfp/libPeriphDriver_spi-v1_softfp.a(sys_me18.o)
                0x000000001000110c                MXC_SYS_ClockDisable
 .text.MXC_SYS_ClockEnable
                0x0000000010001154       0x50 /home/eric/Workspace/msdk/Libraries/PeriphDrivers/bin/MAX32690/spi-v1_softfp/libPeriphDriver_spi-v1_softfp.a(sys_me18.o)
                0x0000000010001154                MXC_SYS_ClockEnable
 .text.MXC_SYS_Clock_Timeout
                0x00000000100011a4       0x1c /home/eric/Workspace/msdk/Libraries/PeriphDrivers/bin/MAX32690/spi-v1_softfp/libPeriphDriver_spi-v1_softfp.a(sys_me18.o)
                0x00000000100011a4                MXC_SYS_Clock_Timeout
 .text.MXC_SYS_ClockSourceEnable
                0x00000000100011c0       0xa4 /home/eric/Workspace/msdk/Libraries/PeriphDrivers/bin/MAX32690/spi-v1_softfp/libPeriphDriver_spi-v1_softfp.a(sys_me18.o)
                0x00000000100011c0                MXC_SYS_ClockSourceEnable
 .text.MXC_SYS_Clock_Select
                0x0000000010001264      0x12c /home/eric/Workspace/msdk/Libraries/PeriphDrivers/bin/MAX32690/spi-v1_softfp/libPeriphDriver_spi-v1_softfp.a(sys_me18.o)
                0x0000000010001264                MXC_SYS_Clock_Select
 .text.MXC_SYS_Reset_Periph
                0x0000000010001390       0x58 /home/eric/Workspace/msdk/Libraries/PeriphDrivers/bin/MAX32690/spi-v1_softfp/libPeriphDriver_spi-v1_softfp.a(sys_me18.o)
                0x0000000010001390                MXC_SYS_Reset_Periph
 .text.MXC_CTB_Init
                0x00000000100013e8       0x5c /home/eric/Workspace/msdk/Libraries/PeriphDrivers/bin/MAX32690/spi-v1_softfp/libPeriphDriver_spi-v1_softfp.a(ctb_me18.o)
                0x00000000100013e8                MXC_CTB_Init
 .text.MXC_CTB_DoneClear
                0x0000000010001444       0x10 /home/eric/Workspace/msdk/Libraries/PeriphDrivers/bin/MAX32690/spi-v1_softfp/libPeriphDriver_spi-v1_softfp.a(ctb_me18.o)
                0x0000000010001444                MXC_CTB_DoneClear
 .text.MXC_CTB_RevA_Init
                0x0000000010001454       0xa0 /home/eric/Workspace/msdk/Libraries/PeriphDrivers/bin/MAX32690/spi-v1_softfp/libPeriphDriver_spi-v1_softfp.a(ctb_reva.o)
                0x0000000010001454                MXC_CTB_RevA_Init
 .text.MXC_CTB_RevA_DoneClear
                0x00000000100014f4       0x2a /home/eric/Workspace/msdk/Libraries/PeriphDrivers/bin/MAX32690/spi-v1_softfp/libPeriphDriver_spi-v1_softfp.a(ctb_reva.o)
                0x00000000100014f4                MXC_CTB_RevA_DoneClear
 *fill*         0x000000001000151e        0x2 
 .text.MXC_FLC_UnlockInfoBlock
                0x0000000010001520       0x10 /home/eric/Workspace/msdk/Libraries/PeriphDrivers/bin/MAX32690/spi-v1_softfp/libPeriphDriver_spi-v1_softfp.a(flc_me18.o)
                0x0000000010001520                MXC_FLC_UnlockInfoBlock
 .text.MXC_FLC_LockInfoBlock
                0x0000000010001530       0x10 /home/eric/Workspace/msdk/Libraries/PeriphDrivers/bin/MAX32690/spi-v1_softfp/libPeriphDriver_spi-v1_softfp.a(flc_me18.o)
                0x0000000010001530                MXC_FLC_LockInfoBlock
 .text.MXC_FLC_RevA_UnlockInfoBlock
                0x0000000010001540       0x40 /home/eric/Workspace/msdk/Libraries/PeriphDrivers/bin/MAX32690/spi-v1_softfp/libPeriphDriver_spi-v1_softfp.a(flc_reva.o)
                0x0000000010001540                MXC_FLC_RevA_UnlockInfoBlock
 .text.MXC_FLC_RevA_LockInfoBlock
                0x0000000010001580       0x1c /home/eric/Workspace/msdk/Libraries/PeriphDrivers/bin/MAX32690/spi-v1_softfp/libPeriphDriver_spi-v1_softfp.a(flc_reva.o)
                0x0000000010001580                MXC_FLC_RevA_LockInfoBlock
 .text.MXC_GPIO_Init
                0x000000001000159c       0x44 /home/eric/Workspace/msdk/Libraries/PeriphDrivers/bin/MAX32690/spi-v1_softfp/libPeriphDriver_spi-v1_softfp.a(gpio_me18.o)
                0x000000001000159c                MXC_GPIO_Init
 .text.MXC_GPIO_OutSet
                0x00000000100015e0       0x2c /home/eric/Workspace/msdk/Libraries/PeriphDrivers/bin/MAX32690/spi-v1_softfp/libPeriphDriver_spi-v1_softfp.a(gpio_me18.o)
                0x00000000100015e0                MXC_GPIO_OutSet
 .text.MXC_GPIO_OutClr
                0x000000001000160c       0x30 /home/eric/Workspace/msdk/Libraries/PeriphDrivers/bin/MAX32690/spi-v1_softfp/libPeriphDriver_spi-v1_softfp.a(gpio_me18.o)
                0x000000001000160c                MXC_GPIO_OutClr
 .text.MXC_GPIO_Handler
                0x000000001000163c        0x8 /home/eric/Workspace/msdk/Libraries/PeriphDrivers/bin/MAX32690/spi-v1_softfp/libPeriphDriver_spi-v1_softfp.a(gpio_me18.o)
                0x000000001000163c                MXC_GPIO_Handler
 .text.MXC_GPIO_ClearFlags
                0x0000000010001644       0x20 /home/eric/Workspace/msdk/Libraries/PeriphDrivers/bin/MAX32690/spi-v1_softfp/libPeriphDriver_spi-v1_softfp.a(gpio_me18.o)
                0x0000000010001644                MXC_GPIO_ClearFlags
 .text.MXC_GPIO_GetFlags
                0x0000000010001664       0x20 /home/eric/Workspace/msdk/Libraries/PeriphDrivers/bin/MAX32690/spi-v1_softfp/libPeriphDriver_spi-v1_softfp.a(gpio_me18.o)
                0x0000000010001664                MXC_GPIO_GetFlags
 .text.MXC_GPIO_SetVSSEL
                0x0000000010001684       0x18 /home/eric/Workspace/msdk/Libraries/PeriphDrivers/bin/MAX32690/spi-v1_softfp/libPeriphDriver_spi-v1_softfp.a(gpio_me18.o)
                0x0000000010001684                MXC_GPIO_SetVSSEL
 .text.MXC_GPIO_SetDriveStrength
                0x000000001000169c        0x8 /home/eric/Workspace/msdk/Libraries/PeriphDrivers/bin/MAX32690/spi-v1_softfp/libPeriphDriver_spi-v1_softfp.a(gpio_me18.o)
                0x000000001000169c                MXC_GPIO_SetDriveStrength
 .text.MXC_GPIO_GetConfigLock
                0x00000000100016a4        0x8 /home/eric/Workspace/msdk/Libraries/PeriphDrivers/bin/MAX32690/spi-v1_softfp/libPeriphDriver_spi-v1_softfp.a(gpio_me18.o)
                0x00000000100016a4                MXC_GPIO_GetConfigLock
 .text.MXC_GPIO_Config
                0x00000000100016ac      0x2b0 /home/eric/Workspace/msdk/Libraries/PeriphDrivers/bin/MAX32690/spi-v1_softfp/libPeriphDriver_spi-v1_softfp.a(gpio_me18.o)
                0x00000000100016ac                MXC_GPIO_Config
 .text.MXC_GPIO_RevA_OutSet
                0x000000001000195c        0x4 /home/eric/Workspace/msdk/Libraries/PeriphDrivers/bin/MAX32690/spi-v1_softfp/libPeriphDriver_spi-v1_softfp.a(gpio_reva.o)
                0x000000001000195c                MXC_GPIO_RevA_OutSet
 .text.MXC_GPIO_RevA_OutClr
                0x0000000010001960        0x4 /home/eric/Workspace/msdk/Libraries/PeriphDrivers/bin/MAX32690/spi-v1_softfp/libPeriphDriver_spi-v1_softfp.a(gpio_reva.o)
                0x0000000010001960                MXC_GPIO_RevA_OutClr
 .text.MXC_GPIO_RevA_ClearFlags
                0x0000000010001964        0x4 /home/eric/Workspace/msdk/Libraries/PeriphDrivers/bin/MAX32690/spi-v1_softfp/libPeriphDriver_spi-v1_softfp.a(gpio_reva.o)
                0x0000000010001964                MXC_GPIO_RevA_ClearFlags
 .text.MXC_GPIO_RevA_GetFlags
                0x0000000010001968        0x4 /home/eric/Workspace/msdk/Libraries/PeriphDrivers/bin/MAX32690/spi-v1_softfp/libPeriphDriver_spi-v1_softfp.a(gpio_reva.o)
                0x0000000010001968                MXC_GPIO_RevA_GetFlags
 .text.MXC_GPIO_RevA_SetVSSEL
                0x000000001000196c       0x3e /home/eric/Workspace/msdk/Libraries/PeriphDrivers/bin/MAX32690/spi-v1_softfp/libPeriphDriver_spi-v1_softfp.a(gpio_reva.o)
                0x000000001000196c                MXC_GPIO_RevA_SetVSSEL
 .text.MXC_GPIO_RevA_SetAF
                0x00000000100019aa       0x88 /home/eric/Workspace/msdk/Libraries/PeriphDrivers/bin/MAX32690/spi-v1_softfp/libPeriphDriver_spi-v1_softfp.a(gpio_reva.o)
                0x00000000100019aa                MXC_GPIO_RevA_SetAF
 .text.MXC_GPIO_RevA_SetDriveStrength
                0x0000000010001a32       0x98 /home/eric/Workspace/msdk/Libraries/PeriphDrivers/bin/MAX32690/spi-v1_softfp/libPeriphDriver_spi-v1_softfp.a(gpio_reva.o)
                0x0000000010001a32                MXC_GPIO_RevA_SetDriveStrength
 .text.MXC_ICC_Enable
                0x0000000010001aca        0x8 /home/eric/Workspace/msdk/Libraries/PeriphDrivers/bin/MAX32690/spi-v1_softfp/libPeriphDriver_spi-v1_softfp.a(icc_me18.o)
                0x0000000010001aca                MXC_ICC_Enable
 .text.MXC_ICC_Disable
                0x0000000010001ad2        0x8 /home/eric/Workspace/msdk/Libraries/PeriphDrivers/bin/MAX32690/spi-v1_softfp/libPeriphDriver_spi-v1_softfp.a(icc_me18.o)
                0x0000000010001ad2                MXC_ICC_Disable
 .text.MXC_ICC_Ready
                0x0000000010001ada        0xa /home/eric/Workspace/msdk/Libraries/PeriphDrivers/bin/MAX32690/spi-v1_softfp/libPeriphDriver_spi-v1_softfp.a(icc_reva.o)
 .text.MXC_ICC_RevA_Enable
                0x0000000010001ae4       0x38 /home/eric/Workspace/msdk/Libraries/PeriphDrivers/bin/MAX32690/spi-v1_softfp/libPeriphDriver_spi-v1_softfp.a(icc_reva.o)
                0x0000000010001ae4                MXC_ICC_RevA_Enable
 .text.MXC_ICC_RevA_Disable
                0x0000000010001b1c        0xe /home/eric/Workspace/msdk/Libraries/PeriphDrivers/bin/MAX32690/spi-v1_softfp/libPeriphDriver_spi-v1_softfp.a(icc_reva.o)
                0x0000000010001b1c                MXC_ICC_RevA_Disable
 *fill*         0x0000000010001b2a        0x2 
 .text.MXC_TMR_SetClockSource
                0x0000000010001b2c      0x128 /home/eric/Workspace/msdk/Libraries/PeriphDrivers/bin/MAX32690/spi-v1_softfp/libPeriphDriver_spi-v1_softfp.a(tmr_me18.o)
                0x0000000010001b2c                MXC_TMR_SetClockSource
 .text.MXC_TMR_Init
                0x0000000010001c54      0x1a8 /home/eric/Workspace/msdk/Libraries/PeriphDrivers/bin/MAX32690/spi-v1_softfp/libPeriphDriver_spi-v1_softfp.a(tmr_me18.o)
                0x0000000010001c54                MXC_TMR_Init
 .text.MXC_TMR_Shutdown
                0x0000000010001dfc       0xbc /home/eric/Workspace/msdk/Libraries/PeriphDrivers/bin/MAX32690/spi-v1_softfp/libPeriphDriver_spi-v1_softfp.a(tmr_me18.o)
                0x0000000010001dfc                MXC_TMR_Shutdown
 .text.MXC_TMR_Start
                0x0000000010001eb8        0x8 /home/eric/Workspace/msdk/Libraries/PeriphDrivers/bin/MAX32690/spi-v1_softfp/libPeriphDriver_spi-v1_softfp.a(tmr_me18.o)
                0x0000000010001eb8                MXC_TMR_Start
 .text.MXC_TMR_GetPeriod
                0x0000000010001ec0       0x88 /home/eric/Workspace/msdk/Libraries/PeriphDrivers/bin/MAX32690/spi-v1_softfp/libPeriphDriver_spi-v1_softfp.a(tmr_me18.o)
                0x0000000010001ec0                MXC_TMR_GetPeriod
 .text.MXC_TMR_ClearFlags
                0x0000000010001f48        0x8 /home/eric/Workspace/msdk/Libraries/PeriphDrivers/bin/MAX32690/spi-v1_softfp/libPeriphDriver_spi-v1_softfp.a(tmr_me18.o)
                0x0000000010001f48                MXC_TMR_ClearFlags
 .text.MXC_TMR_EnableInt
                0x0000000010001f50        0x8 /home/eric/Workspace/msdk/Libraries/PeriphDrivers/bin/MAX32690/spi-v1_softfp/libPeriphDriver_spi-v1_softfp.a(tmr_me18.o)
                0x0000000010001f50                MXC_TMR_EnableInt
 .text.MXC_TMR_RevB_IsClockSourceLocked
                0x0000000010001f58       0x5c /home/eric/Workspace/msdk/Libraries/PeriphDrivers/bin/MAX32690/spi-v1_softfp/libPeriphDriver_spi-v1_softfp.a(tmr_revb.o)
                0x0000000010001f58                MXC_TMR_RevB_IsClockSourceLocked
 .text.MXC_TMR_RevB_SetClockSource
                0x0000000010001fb4       0x98 /home/eric/Workspace/msdk/Libraries/PeriphDrivers/bin/MAX32690/spi-v1_softfp/libPeriphDriver_spi-v1_softfp.a(tmr_revb.o)
                0x0000000010001fb4                MXC_TMR_RevB_SetClockSource
 .text.MXC_TMR_RevB_SetPrescalar
                0x000000001000204c       0x2e /home/eric/Workspace/msdk/Libraries/PeriphDrivers/bin/MAX32690/spi-v1_softfp/libPeriphDriver_spi-v1_softfp.a(tmr_revb.o)
                0x000000001000204c                MXC_TMR_RevB_SetPrescalar
 *fill*         0x000000001000207a        0x2 
 .text.MXC_TMR_RevB_SetClockSourceFreq
                0x000000001000207c       0x88 /home/eric/Workspace/msdk/Libraries/PeriphDrivers/bin/MAX32690/spi-v1_softfp/libPeriphDriver_spi-v1_softfp.a(tmr_revb.o)
                0x000000001000207c                MXC_TMR_RevB_SetClockSourceFreq
 .text.MXC_TMR_RevB_ConfigGeneric
                0x0000000010002104       0xb4 /home/eric/Workspace/msdk/Libraries/PeriphDrivers/bin/MAX32690/spi-v1_softfp/libPeriphDriver_spi-v1_softfp.a(tmr_revb.o)
                0x0000000010002104                MXC_TMR_RevB_ConfigGeneric
 .text.MXC_TMR_RevB_Init
                0x00000000100021b8      0x15c /home/eric/Workspace/msdk/Libraries/PeriphDrivers/bin/MAX32690/spi-v1_softfp/libPeriphDriver_spi-v1_softfp.a(tmr_revb.o)
                0x00000000100021b8                MXC_TMR_RevB_Init
 .text.MXC_TMR_RevB_Start
                0x0000000010002314       0x80 /home/eric/Workspace/msdk/Libraries/PeriphDrivers/bin/MAX32690/spi-v1_softfp/libPeriphDriver_spi-v1_softfp.a(tmr_revb.o)
                0x0000000010002314                MXC_TMR_RevB_Start
 .text.MXC_TMR_RevB_Stop
                0x0000000010002394       0x58 /home/eric/Workspace/msdk/Libraries/PeriphDrivers/bin/MAX32690/spi-v1_softfp/libPeriphDriver_spi-v1_softfp.a(tmr_revb.o)
                0x0000000010002394                MXC_TMR_RevB_Stop
 .text.MXC_TMR_RevB_Shutdown
                0x00000000100023ec       0x88 /home/eric/Workspace/msdk/Libraries/PeriphDrivers/bin/MAX32690/spi-v1_softfp/libPeriphDriver_spi-v1_softfp.a(tmr_revb.o)
                0x00000000100023ec                MXC_TMR_RevB_Shutdown
 .text.MXC_TMR_RevB_GetPeriod
                0x0000000010002474       0x5c /home/eric/Workspace/msdk/Libraries/PeriphDrivers/bin/MAX32690/spi-v1_softfp/libPeriphDriver_spi-v1_softfp.a(tmr_revb.o)
                0x0000000010002474                MXC_TMR_RevB_GetPeriod
 .text.MXC_TMR_RevB_ClearFlags
                0x00000000100024d0       0x58 /home/eric/Workspace/msdk/Libraries/PeriphDrivers/bin/MAX32690/spi-v1_softfp/libPeriphDriver_spi-v1_softfp.a(tmr_revb.o)
                0x00000000100024d0                MXC_TMR_RevB_ClearFlags
 .text.MXC_TMR_RevB_EnableInt
                0x0000000010002528       0x58 /home/eric/Workspace/msdk/Libraries/PeriphDrivers/bin/MAX32690/spi-v1_softfp/libPeriphDriver_spi-v1_softfp.a(tmr_revb.o)
                0x0000000010002528                MXC_TMR_RevB_EnableInt
 .text.MXC_UART_DMACallback
                0x0000000010002580        0x8 /home/eric/Workspace/msdk/Libraries/PeriphDrivers/bin/MAX32690/spi-v1_softfp/libPeriphDriver_spi-v1_softfp.a(uart_me18.o)
                0x0000000010002580                MXC_UART_DMACallback
 .text.MXC_UART_Shutdown
                0x0000000010002588       0x70 /home/eric/Workspace/msdk/Libraries/PeriphDrivers/bin/MAX32690/spi-v1_softfp/libPeriphDriver_spi-v1_softfp.a(uart_me18.o)
                0x0000000010002588                MXC_UART_Shutdown
 .text.MXC_UART_GetFrequency
                0x00000000100025f8       0xa4 /home/eric/Workspace/msdk/Libraries/PeriphDrivers/bin/MAX32690/spi-v1_softfp/libPeriphDriver_spi-v1_softfp.a(uart_me18.o)
                0x00000000100025f8                MXC_UART_GetFrequency
 .text.MXC_UART_SetFrequency
                0x000000001000269c       0xe4 /home/eric/Workspace/msdk/Libraries/PeriphDrivers/bin/MAX32690/spi-v1_softfp/libPeriphDriver_spi-v1_softfp.a(uart_me18.o)
                0x000000001000269c                MXC_UART_SetFrequency
 .text.MXC_UART_SetDataSize
                0x0000000010002780        0x8 /home/eric/Workspace/msdk/Libraries/PeriphDrivers/bin/MAX32690/spi-v1_softfp/libPeriphDriver_spi-v1_softfp.a(uart_me18.o)
                0x0000000010002780                MXC_UART_SetDataSize
 .text.MXC_UART_SetStopBits
                0x0000000010002788        0x8 /home/eric/Workspace/msdk/Libraries/PeriphDrivers/bin/MAX32690/spi-v1_softfp/libPeriphDriver_spi-v1_softfp.a(uart_me18.o)
                0x0000000010002788                MXC_UART_SetStopBits
 .text.MXC_UART_SetParity
                0x0000000010002790        0x8 /home/eric/Workspace/msdk/Libraries/PeriphDrivers/bin/MAX32690/spi-v1_softfp/libPeriphDriver_spi-v1_softfp.a(uart_me18.o)
                0x0000000010002790                MXC_UART_SetParity
 .text.MXC_UART_SetClockSource
                0x0000000010002798       0xa0 /home/eric/Workspace/msdk/Libraries/PeriphDrivers/bin/MAX32690/spi-v1_softfp/libPeriphDriver_spi-v1_softfp.a(uart_me18.o)
                0x0000000010002798                MXC_UART_SetClockSource
 .text.MXC_UART_GetClockSource
                0x0000000010002838       0x58 /home/eric/Workspace/msdk/Libraries/PeriphDrivers/bin/MAX32690/spi-v1_softfp/libPeriphDriver_spi-v1_softfp.a(uart_me18.o)
                0x0000000010002838                MXC_UART_GetClockSource
 .text.MXC_UART_Init
                0x0000000010002890       0xb4 /home/eric/Workspace/msdk/Libraries/PeriphDrivers/bin/MAX32690/spi-v1_softfp/libPeriphDriver_spi-v1_softfp.a(uart_me18.o)
                0x0000000010002890                MXC_UART_Init
 .text.MXC_UART_ReadCharacterRaw
                0x0000000010002944        0x8 /home/eric/Workspace/msdk/Libraries/PeriphDrivers/bin/MAX32690/spi-v1_softfp/libPeriphDriver_spi-v1_softfp.a(uart_me18.o)
                0x0000000010002944                MXC_UART_ReadCharacterRaw
 .text.MXC_UART_WriteCharacterRaw
                0x000000001000294c        0x8 /home/eric/Workspace/msdk/Libraries/PeriphDrivers/bin/MAX32690/spi-v1_softfp/libPeriphDriver_spi-v1_softfp.a(uart_me18.o)
                0x000000001000294c                MXC_UART_WriteCharacterRaw
 .text.MXC_UART_ReadCharacter
                0x0000000010002954        0x8 /home/eric/Workspace/msdk/Libraries/PeriphDrivers/bin/MAX32690/spi-v1_softfp/libPeriphDriver_spi-v1_softfp.a(uart_me18.o)
                0x0000000010002954                MXC_UART_ReadCharacter
 .text.MXC_UART_WriteCharacter
                0x000000001000295c        0x8 /home/eric/Workspace/msdk/Libraries/PeriphDrivers/bin/MAX32690/spi-v1_softfp/libPeriphDriver_spi-v1_softfp.a(uart_me18.o)
                0x000000001000295c                MXC_UART_WriteCharacter
 .text.MXC_UART_ReadRXFIFODMA
                0x0000000010002964       0x80 /home/eric/Workspace/msdk/Libraries/PeriphDrivers/bin/MAX32690/spi-v1_softfp/libPeriphDriver_spi-v1_softfp.a(uart_me18.o)
                0x0000000010002964                MXC_UART_ReadRXFIFODMA
 .text.MXC_UART_GetRXFIFOAvailable
                0x00000000100029e4        0x8 /home/eric/Workspace/msdk/Libraries/PeriphDrivers/bin/MAX32690/spi-v1_softfp/libPeriphDriver_spi-v1_softfp.a(uart_me18.o)
                0x00000000100029e4                MXC_UART_GetRXFIFOAvailable
 .text.MXC_UART_WriteTXFIFODMA
                0x00000000100029ec       0x84 /home/eric/Workspace/msdk/Libraries/PeriphDrivers/bin/MAX32690/spi-v1_softfp/libPeriphDriver_spi-v1_softfp.a(uart_me18.o)
                0x00000000100029ec                MXC_UART_WriteTXFIFODMA
 .text.MXC_UART_GetTXFIFOAvailable
                0x0000000010002a70        0x8 /home/eric/Workspace/msdk/Libraries/PeriphDrivers/bin/MAX32690/spi-v1_softfp/libPeriphDriver_spi-v1_softfp.a(uart_me18.o)
                0x0000000010002a70                MXC_UART_GetTXFIFOAvailable
 .text.MXC_UART_SetRXThreshold
                0x0000000010002a78        0x8 /home/eric/Workspace/msdk/Libraries/PeriphDrivers/bin/MAX32690/spi-v1_softfp/libPeriphDriver_spi-v1_softfp.a(uart_me18.o)
                0x0000000010002a78                MXC_UART_SetRXThreshold
 .text.MXC_UART_ClearFlags
                0x0000000010002a80        0x8 /home/eric/Workspace/msdk/Libraries/PeriphDrivers/bin/MAX32690/spi-v1_softfp/libPeriphDriver_spi-v1_softfp.a(uart_me18.o)
                0x0000000010002a80                MXC_UART_ClearFlags
 .text.MXC_UART_DisableInt
                0x0000000010002a88        0x8 /home/eric/Workspace/msdk/Libraries/PeriphDrivers/bin/MAX32690/spi-v1_softfp/libPeriphDriver_spi-v1_softfp.a(uart_me18.o)
                0x0000000010002a88                MXC_UART_DisableInt
 .text.MXC_UART_TransactionDMA
                0x0000000010002a90       0x10 /home/eric/Workspace/msdk/Libraries/PeriphDrivers/bin/MAX32690/spi-v1_softfp/libPeriphDriver_spi-v1_softfp.a(uart_me18.o)
                0x0000000010002a90                MXC_UART_TransactionDMA
 .text.MXC_UART_SetAutoDMAHandlers
                0x0000000010002aa0        0x8 /home/eric/Workspace/msdk/Libraries/PeriphDrivers/bin/MAX32690/spi-v1_softfp/libPeriphDriver_spi-v1_softfp.a(uart_me18.o)
                0x0000000010002aa0                MXC_UART_SetAutoDMAHandlers
 .text.MXC_UART_RevB_Init
                0x0000000010002aa8       0xe0 /home/eric/Workspace/msdk/Libraries/PeriphDrivers/bin/MAX32690/spi-v1_softfp/libPeriphDriver_spi-v1_softfp.a(uart_revb.o)
                0x0000000010002aa8                MXC_UART_RevB_Init
 .text.MXC_UART_RevB_SetDataSize
                0x0000000010002b88       0x20 /home/eric/Workspace/msdk/Libraries/PeriphDrivers/bin/MAX32690/spi-v1_softfp/libPeriphDriver_spi-v1_softfp.a(uart_revb.o)
                0x0000000010002b88                MXC_UART_RevB_SetDataSize
 .text.MXC_UART_RevB_SetStopBits
                0x0000000010002ba8       0x24 /home/eric/Workspace/msdk/Libraries/PeriphDrivers/bin/MAX32690/spi-v1_softfp/libPeriphDriver_spi-v1_softfp.a(uart_revb.o)
                0x0000000010002ba8                MXC_UART_RevB_SetStopBits
 .text.MXC_UART_RevB_SetParity
                0x0000000010002bcc       0x90 /home/eric/Workspace/msdk/Libraries/PeriphDrivers/bin/MAX32690/spi-v1_softfp/libPeriphDriver_spi-v1_softfp.a(uart_revb.o)
                0x0000000010002bcc                MXC_UART_RevB_SetParity
 .text.MXC_UART_RevB_SetClockSource
                0x0000000010002c5c       0x98 /home/eric/Workspace/msdk/Libraries/PeriphDrivers/bin/MAX32690/spi-v1_softfp/libPeriphDriver_spi-v1_softfp.a(uart_revb.o)
                0x0000000010002c5c                MXC_UART_RevB_SetClockSource
 .text.MXC_UART_RevB_GetClockSource
                0x0000000010002cf4        0x8 /home/eric/Workspace/msdk/Libraries/PeriphDrivers/bin/MAX32690/spi-v1_softfp/libPeriphDriver_spi-v1_softfp.a(uart_revb.o)
                0x0000000010002cf4                MXC_UART_RevB_GetClockSource
 .text.MXC_UART_RevB_IsClockSourceLocked
                0x0000000010002cfc       0x40 /home/eric/Workspace/msdk/Libraries/PeriphDrivers/bin/MAX32690/spi-v1_softfp/libPeriphDriver_spi-v1_softfp.a(uart_revb.o)
                0x0000000010002cfc                MXC_UART_RevB_IsClockSourceLocked
 .text.MXC_UART_RevB_ReadCharacterRaw
                0x0000000010002d3c       0x12 /home/eric/Workspace/msdk/Libraries/PeriphDrivers/bin/MAX32690/spi-v1_softfp/libPeriphDriver_spi-v1_softfp.a(uart_revb.o)
                0x0000000010002d3c                MXC_UART_RevB_ReadCharacterRaw
 .text.MXC_UART_RevB_WriteCharacterRaw
                0x0000000010002d4e       0x14 /home/eric/Workspace/msdk/Libraries/PeriphDrivers/bin/MAX32690/spi-v1_softfp/libPeriphDriver_spi-v1_softfp.a(uart_revb.o)
                0x0000000010002d4e                MXC_UART_RevB_WriteCharacterRaw
 .text.MXC_UART_RevB_GetRXFIFOAvailable
                0x0000000010002d62        0x8 /home/eric/Workspace/msdk/Libraries/PeriphDrivers/bin/MAX32690/spi-v1_softfp/libPeriphDriver_spi-v1_softfp.a(uart_revb.o)
                0x0000000010002d62                MXC_UART_RevB_GetRXFIFOAvailable
 .text.MXC_UART_RevB_GetTXFIFOAvailable
                0x0000000010002d6a        0xc /home/eric/Workspace/msdk/Libraries/PeriphDrivers/bin/MAX32690/spi-v1_softfp/libPeriphDriver_spi-v1_softfp.a(uart_revb.o)
                0x0000000010002d6a                MXC_UART_RevB_GetTXFIFOAvailable
 .text.MXC_UART_RevB_SetRXThreshold
                0x0000000010002d76       0x1e /home/eric/Workspace/msdk/Libraries/PeriphDrivers/bin/MAX32690/spi-v1_softfp/libPeriphDriver_spi-v1_softfp.a(uart_revb.o)
                0x0000000010002d76                MXC_UART_RevB_SetRXThreshold
 .text.MXC_UART_RevB_ClearFlags
                0x0000000010002d94        0x6 /home/eric/Workspace/msdk/Libraries/PeriphDrivers/bin/MAX32690/spi-v1_softfp/libPeriphDriver_spi-v1_softfp.a(uart_revb.o)
                0x0000000010002d94                MXC_UART_RevB_ClearFlags
 .text.MXC_UART_RevB_DisableInt
                0x0000000010002d9a        0xc /home/eric/Workspace/msdk/Libraries/PeriphDrivers/bin/MAX32690/spi-v1_softfp/libPeriphDriver_spi-v1_softfp.a(uart_revb.o)
                0x0000000010002d9a                MXC_UART_RevB_DisableInt
 *fill*         0x0000000010002da6        0x2 
 .text.MXC_UART_RevB_SetAutoDMAHandlers
                0x0000000010002da8       0x64 /home/eric/Workspace/msdk/Libraries/PeriphDrivers/bin/MAX32690/spi-v1_softfp/libPeriphDriver_spi-v1_softfp.a(uart_revb.o)
                0x0000000010002da8                MXC_UART_RevB_SetAutoDMAHandlers
 .text.MXC_UART_RevB_DMA_SetupAutoHandlers
                0x0000000010002e0c       0xa4 /home/eric/Workspace/msdk/Libraries/PeriphDrivers/bin/MAX32690/spi-v1_softfp/libPeriphDriver_spi-v1_softfp.a(uart_revb.o)
                0x0000000010002e0c                MXC_UART_RevB_DMA_SetupAutoHandlers
 .text.MXC_UART_RevB_SetTXDMAChannel
                0x0000000010002eb0       0x4c /home/eric/Workspace/msdk/Libraries/PeriphDrivers/bin/MAX32690/spi-v1_softfp/libPeriphDriver_spi-v1_softfp.a(uart_revb.o)
                0x0000000010002eb0                MXC_UART_RevB_SetTXDMAChannel
 .text.MXC_UART_RevB_GetTXDMAChannel
                0x0000000010002efc       0x48 /home/eric/Workspace/msdk/Libraries/PeriphDrivers/bin/MAX32690/spi-v1_softfp/libPeriphDriver_spi-v1_softfp.a(uart_revb.o)
                0x0000000010002efc                MXC_UART_RevB_GetTXDMAChannel
 .text.MXC_UART_RevB_SetRXDMAChannel
                0x0000000010002f44       0x4c /home/eric/Workspace/msdk/Libraries/PeriphDrivers/bin/MAX32690/spi-v1_softfp/libPeriphDriver_spi-v1_softfp.a(uart_revb.o)
                0x0000000010002f44                MXC_UART_RevB_SetRXDMAChannel
 .text.MXC_UART_RevB_GetRXDMAChannel
                0x0000000010002f90       0x48 /home/eric/Workspace/msdk/Libraries/PeriphDrivers/bin/MAX32690/spi-v1_softfp/libPeriphDriver_spi-v1_softfp.a(uart_revb.o)
                0x0000000010002f90                MXC_UART_RevB_GetRXDMAChannel
 .text.MXC_UART_RevB_ReadRXFIFODMA
                0x0000000010002fd8      0x118 /home/eric/Workspace/msdk/Libraries/PeriphDrivers/bin/MAX32690/spi-v1_softfp/libPeriphDriver_spi-v1_softfp.a(uart_revb.o)
                0x0000000010002fd8                MXC_UART_RevB_ReadRXFIFODMA
 .text.MXC_UART_RevB_WriteTXFIFODMA
                0x00000000100030f0      0x118 /home/eric/Workspace/msdk/Libraries/PeriphDrivers/bin/MAX32690/spi-v1_softfp/libPeriphDriver_spi-v1_softfp.a(uart_revb.o)
                0x00000000100030f0                MXC_UART_RevB_WriteTXFIFODMA
 .text.MXC_UART_RevB_TransactionDMA
                0x0000000010003208       0xf8 /home/eric/Workspace/msdk/Libraries/PeriphDrivers/bin/MAX32690/spi-v1_softfp/libPeriphDriver_spi-v1_softfp.a(uart_revb.o)
                0x0000000010003208                MXC_UART_RevB_TransactionDMA
 .text.MXC_UART_RevB_DMACallback
                0x0000000010003300       0xe8 /home/eric/Workspace/msdk/Libraries/PeriphDrivers/bin/MAX32690/spi-v1_softfp/libPeriphDriver_spi-v1_softfp.a(uart_revb.o)
                0x0000000010003300                MXC_UART_RevB_DMACallback
 .text.MXC_DelayInit
                0x00000000100033e8       0x84 /home/eric/Workspace/msdk/Libraries/PeriphDrivers/bin/MAX32690/spi-v1_softfp/libPeriphDriver_spi-v1_softfp.a(mxc_delay.o)
 .text.MXC_DelayAsync
                0x000000001000346c       0x44 /home/eric/Workspace/msdk/Libraries/PeriphDrivers/bin/MAX32690/spi-v1_softfp/libPeriphDriver_spi-v1_softfp.a(mxc_delay.o)
                0x000000001000346c                MXC_DelayAsync
 .text.MXC_DelayAbort
                0x00000000100034b0       0x34 /home/eric/Workspace/msdk/Libraries/PeriphDrivers/bin/MAX32690/spi-v1_softfp/libPeriphDriver_spi-v1_softfp.a(mxc_delay.o)
                0x00000000100034b0                MXC_DelayAbort
 .text.MXC_DelayHandler
                0x00000000100034e4       0x40 /home/eric/Workspace/msdk/Libraries/PeriphDrivers/bin/MAX32690/spi-v1_softfp/libPeriphDriver_spi-v1_softfp.a(mxc_delay.o)
                0x00000000100034e4                MXC_DelayHandler
 .text.MXC_Delay
                0x0000000010003524       0x58 /home/eric/Workspace/msdk/Libraries/PeriphDrivers/bin/MAX32690/spi-v1_softfp/libPeriphDriver_spi-v1_softfp.a(mxc_delay.o)
                0x0000000010003524                MXC_Delay
 .text.NVIC_SetRAM
                0x000000001000357c       0x24 /home/eric/Workspace/msdk/Libraries/PeriphDrivers/bin/MAX32690/spi-v1_softfp/libPeriphDriver_spi-v1_softfp.a(nvic_table.o)
                0x000000001000357c                NVIC_SetRAM
 .text.MXC_NVIC_SetVector
                0x00000000100035a0       0x44 /home/eric/Workspace/msdk/Libraries/PeriphDrivers/bin/MAX32690/spi-v1_softfp/libPeriphDriver_spi-v1_softfp.a(nvic_table.o)
                0x00000000100035a0                MXC_NVIC_SetVector
 .text.MXC_GetLock
                0x00000000100035e4       0x1c /home/eric/Workspace/msdk/Libraries/PeriphDrivers/bin/MAX32690/spi-v1_softfp/libPeriphDriver_spi-v1_softfp.a(mxc_lock.o)
                0x00000000100035e4                MXC_GetLock
 .text.MXC_FreeLock
                0x0000000010003600        0xa /home/eric/Workspace/msdk/Libraries/PeriphDrivers/bin/MAX32690/spi-v1_softfp/libPeriphDriver_spi-v1_softfp.a(mxc_lock.o)
                0x0000000010003600                MXC_FreeLock
 *fill*         0x000000001000360a        0x2 
 .text.MXC_DMA_Init
                0x000000001000360c       0x24 /home/eric/Workspace/msdk/Libraries/PeriphDrivers/bin/MAX32690/spi-v1_softfp/libPeriphDriver_spi-v1_softfp.a(dma_me18.o)
                0x000000001000360c                MXC_DMA_Init
 .text.MXC_DMA_AcquireChannel
                0x0000000010003630       0x10 /home/eric/Workspace/msdk/Libraries/PeriphDrivers/bin/MAX32690/spi-v1_softfp/libPeriphDriver_spi-v1_softfp.a(dma_me18.o)
                0x0000000010003630                MXC_DMA_AcquireChannel
 .text.MXC_DMA_ReleaseChannel
                0x0000000010003640        0x8 /home/eric/Workspace/msdk/Libraries/PeriphDrivers/bin/MAX32690/spi-v1_softfp/libPeriphDriver_spi-v1_softfp.a(dma_me18.o)
                0x0000000010003640                MXC_DMA_ReleaseChannel
 .text.MXC_DMA_ConfigChannel
                0x0000000010003648       0x22 /home/eric/Workspace/msdk/Libraries/PeriphDrivers/bin/MAX32690/spi-v1_softfp/libPeriphDriver_spi-v1_softfp.a(dma_me18.o)
                0x0000000010003648                MXC_DMA_ConfigChannel
 .text.MXC_DMA_SetCallback
                0x000000001000366a        0x8 /home/eric/Workspace/msdk/Libraries/PeriphDrivers/bin/MAX32690/spi-v1_softfp/libPeriphDriver_spi-v1_softfp.a(dma_me18.o)
                0x000000001000366a                MXC_DMA_SetCallback
 .text.MXC_DMA_SetChannelInterruptEn
                0x0000000010003672        0x8 /home/eric/Workspace/msdk/Libraries/PeriphDrivers/bin/MAX32690/spi-v1_softfp/libPeriphDriver_spi-v1_softfp.a(dma_me18.o)
                0x0000000010003672                MXC_DMA_SetChannelInterruptEn
 .text.MXC_DMA_ChannelClearFlags
                0x000000001000367a        0x8 /home/eric/Workspace/msdk/Libraries/PeriphDrivers/bin/MAX32690/spi-v1_softfp/libPeriphDriver_spi-v1_softfp.a(dma_me18.o)
                0x000000001000367a                MXC_DMA_ChannelClearFlags
 *fill*         0x0000000010003682        0x2 
 .text.MXC_DMA_EnableInt
                0x0000000010003684       0x10 /home/eric/Workspace/msdk/Libraries/PeriphDrivers/bin/MAX32690/spi-v1_softfp/libPeriphDriver_spi-v1_softfp.a(dma_me18.o)
                0x0000000010003684                MXC_DMA_EnableInt
 .text.MXC_DMA_Start
                0x0000000010003694        0x8 /home/eric/Workspace/msdk/Libraries/PeriphDrivers/bin/MAX32690/spi-v1_softfp/libPeriphDriver_spi-v1_softfp.a(dma_me18.o)
                0x0000000010003694                MXC_DMA_Start
 .text.MXC_DMA_Handler
                0x000000001000369c       0x10 /home/eric/Workspace/msdk/Libraries/PeriphDrivers/bin/MAX32690/spi-v1_softfp/libPeriphDriver_spi-v1_softfp.a(dma_me18.o)
                0x000000001000369c                MXC_DMA_Handler
 .text.MXC_DMA_RevA_Init
                0x00000000100036ac       0xb8 /home/eric/Workspace/msdk/Libraries/PeriphDrivers/bin/MAX32690/spi-v1_softfp/libPeriphDriver_spi-v1_softfp.a(dma_reva.o)
                0x00000000100036ac                MXC_DMA_RevA_Init
 .text.MXC_DMA_RevA_AcquireChannel
                0x0000000010003764       0x90 /home/eric/Workspace/msdk/Libraries/PeriphDrivers/bin/MAX32690/spi-v1_softfp/libPeriphDriver_spi-v1_softfp.a(dma_reva.o)
                0x0000000010003764                MXC_DMA_RevA_AcquireChannel
 .text.MXC_DMA_RevA_ReleaseChannel
                0x00000000100037f4       0x60 /home/eric/Workspace/msdk/Libraries/PeriphDrivers/bin/MAX32690/spi-v1_softfp/libPeriphDriver_spi-v1_softfp.a(dma_reva.o)
                0x00000000100037f4                MXC_DMA_RevA_ReleaseChannel
 .text.MXC_DMA_RevA_SetSrcDst
                0x0000000010003854       0x54 /home/eric/Workspace/msdk/Libraries/PeriphDrivers/bin/MAX32690/spi-v1_softfp/libPeriphDriver_spi-v1_softfp.a(dma_reva.o)
                0x0000000010003854                MXC_DMA_RevA_SetSrcDst
 .text.MXC_DMA_RevA_ConfigChannel
                0x00000000100038a8       0x7c /home/eric/Workspace/msdk/Libraries/PeriphDrivers/bin/MAX32690/spi-v1_softfp/libPeriphDriver_spi-v1_softfp.a(dma_reva.o)
                0x00000000100038a8                MXC_DMA_RevA_ConfigChannel
 .text.MXC_DMA_RevA_SetCallback
                0x0000000010003924       0x30 /home/eric/Workspace/msdk/Libraries/PeriphDrivers/bin/MAX32690/spi-v1_softfp/libPeriphDriver_spi-v1_softfp.a(dma_reva.o)
                0x0000000010003924                MXC_DMA_RevA_SetCallback
 .text.MXC_DMA_RevA_SetChannelInterruptEn
                0x0000000010003954       0x58 /home/eric/Workspace/msdk/Libraries/PeriphDrivers/bin/MAX32690/spi-v1_softfp/libPeriphDriver_spi-v1_softfp.a(dma_reva.o)
                0x0000000010003954                MXC_DMA_RevA_SetChannelInterruptEn
 .text.MXC_DMA_RevA_EnableInt
                0x00000000100039ac       0x30 /home/eric/Workspace/msdk/Libraries/PeriphDrivers/bin/MAX32690/spi-v1_softfp/libPeriphDriver_spi-v1_softfp.a(dma_reva.o)
                0x00000000100039ac                MXC_DMA_RevA_EnableInt
 .text.MXC_DMA_RevA_ChannelGetFlags
                0x00000000100039dc       0x30 /home/eric/Workspace/msdk/Libraries/PeriphDrivers/bin/MAX32690/spi-v1_softfp/libPeriphDriver_spi-v1_softfp.a(dma_reva.o)
                0x00000000100039dc                MXC_DMA_RevA_ChannelGetFlags
 .text.MXC_DMA_RevA_ChannelClearFlags
                0x0000000010003a0c       0x38 /home/eric/Workspace/msdk/Libraries/PeriphDrivers/bin/MAX32690/spi-v1_softfp/libPeriphDriver_spi-v1_softfp.a(dma_reva.o)
                0x0000000010003a0c                MXC_DMA_RevA_ChannelClearFlags
 .text.MXC_DMA_RevA_Start
                0x0000000010003a44       0x58 /home/eric/Workspace/msdk/Libraries/PeriphDrivers/bin/MAX32690/spi-v1_softfp/libPeriphDriver_spi-v1_softfp.a(dma_reva.o)
                0x0000000010003a44                MXC_DMA_RevA_Start
 .text.MXC_DMA_RevA_Handler
                0x0000000010003a9c       0x94 /home/eric/Workspace/msdk/Libraries/PeriphDrivers/bin/MAX32690/spi-v1_softfp/libPeriphDriver_spi-v1_softfp.a(dma_reva.o)
                0x0000000010003a9c                MXC_DMA_RevA_Handler
 .text.MXC_GPIO_Common_Init
                0x0000000010003b30       0x40 /home/eric/Workspace/msdk/Libraries/PeriphDrivers/bin/MAX32690/spi-v1_softfp/libPeriphDriver_spi-v1_softfp.a(gpio_common.o)
                0x0000000010003b30                MXC_GPIO_Common_Init
 .text.MXC_GPIO_Common_Handler
                0x0000000010003b70       0x9c /home/eric/Workspace/msdk/Libraries/PeriphDrivers/bin/MAX32690/spi-v1_softfp/libPeriphDriver_spi-v1_softfp.a(gpio_common.o)
                0x0000000010003b70                MXC_GPIO_Common_Handler
 .text.MXC_GPIO_Common_GetConfigLock
                0x0000000010003c0c        0xc /home/eric/Workspace/msdk/Libraries/PeriphDrivers/bin/MAX32690/spi-v1_softfp/libPeriphDriver_spi-v1_softfp.a(gpio_common.o)
                0x0000000010003c0c                MXC_GPIO_Common_GetConfigLock
 .text.MXC_UART_Common_ReadCharacter
                0x0000000010003c18       0x16 /home/eric/Workspace/msdk/Libraries/PeriphDrivers/bin/MAX32690/spi-v1_softfp/libPeriphDriver_spi-v1_softfp.a(uart_common.o)
                0x0000000010003c18                MXC_UART_Common_ReadCharacter
 .text.MXC_UART_Common_WriteCharacter
                0x0000000010003c2e       0x1a /home/eric/Workspace/msdk/Libraries/PeriphDrivers/bin/MAX32690/spi-v1_softfp/libPeriphDriver_spi-v1_softfp.a(uart_common.o)
                0x0000000010003c2e                MXC_UART_Common_WriteCharacter
 .text.MXC_SYS_Crit_Enter
                0x0000000010003c48       0x20 /home/eric/Workspace/msdk/Examples/MAX32690/USB/MAXUSB/UART_Passthrough/build/MAXUSB/maxusb.a(usb.o)
 .text.load_fifo
                0x0000000010003c68       0x28 /home/eric/Workspace/msdk/Examples/MAX32690/USB/MAXUSB/UART_Passthrough/build/MAXUSB/maxusb.a(usb.o)
 .text.unload_fifo
                0x0000000010003c90       0x28 /home/eric/Workspace/msdk/Examples/MAX32690/USB/MAXUSB/UART_Passthrough/build/MAXUSB/maxusb.a(usb.o)
 .text.MXC_SYS_Crit_Exit
                0x0000000010003cb8       0x20 /home/eric/Workspace/msdk/Examples/MAX32690/USB/MAXUSB/UART_Passthrough/build/MAXUSB/maxusb.a(usb.o)
 .text.MXC_USB_Connect
                0x0000000010003cd8       0x34 /home/eric/Workspace/msdk/Examples/MAX32690/USB/MAXUSB/UART_Passthrough/build/MAXUSB/maxusb.a(usb.o)
                0x0000000010003cd8                MXC_USB_Connect
 .text.MXC_USB_Disconnect
                0x0000000010003d0c       0x1c /home/eric/Workspace/msdk/Examples/MAX32690/USB/MAXUSB/UART_Passthrough/build/MAXUSB/maxusb.a(usb.o)
                0x0000000010003d0c                MXC_USB_Disconnect
 .text.MXC_USB_GetStatus
                0x0000000010003d28       0x1c /home/eric/Workspace/msdk/Examples/MAX32690/USB/MAXUSB/UART_Passthrough/build/MAXUSB/maxusb.a(usb.o)
                0x0000000010003d28                MXC_USB_GetStatus
 .text.MXC_USB_Stall
                0x0000000010003d44       0x78 /home/eric/Workspace/msdk/Examples/MAX32690/USB/MAXUSB/UART_Passthrough/build/MAXUSB/maxusb.a(usb.o)
                0x0000000010003d44                MXC_USB_Stall
 .text.MXC_USB_Unstall
                0x0000000010003dbc       0x4c /home/eric/Workspace/msdk/Examples/MAX32690/USB/MAXUSB/UART_Passthrough/build/MAXUSB/maxusb.a(usb.o)
                0x0000000010003dbc                MXC_USB_Unstall
 .text.MXC_USB_IsStalled
                0x0000000010003e08       0x28 /home/eric/Workspace/msdk/Examples/MAX32690/USB/MAXUSB/UART_Passthrough/build/MAXUSB/maxusb.a(usb.o)
                0x0000000010003e08                MXC_USB_IsStalled
 .text.MXC_USB_ResetEp
                0x0000000010003e30       0xa4 /home/eric/Workspace/msdk/Examples/MAX32690/USB/MAXUSB/UART_Passthrough/build/MAXUSB/maxusb.a(usb.o)
                0x0000000010003e30                MXC_USB_ResetEp
 .text.MXC_USB_Init
                0x0000000010003ed4       0xb0 /home/eric/Workspace/msdk/Examples/MAX32690/USB/MAXUSB/UART_Passthrough/build/MAXUSB/maxusb.a(usb.o)
                0x0000000010003ed4                MXC_USB_Init
 .text.MXC_USB_ConfigEp
                0x0000000010003f84       0x8c /home/eric/Workspace/msdk/Examples/MAX32690/USB/MAXUSB/UART_Passthrough/build/MAXUSB/maxusb.a(usb.o)
                0x0000000010003f84                MXC_USB_ConfigEp
 .text.MXC_USB_Ackstat
                0x0000000010004010       0x3c /home/eric/Workspace/msdk/Examples/MAX32690/USB/MAXUSB/UART_Passthrough/build/MAXUSB/maxusb.a(usb.o)
                0x0000000010004010                MXC_USB_Ackstat
 .text.MXC_USB_IrqHandler
                0x000000001000404c      0x274 /home/eric/Workspace/msdk/Examples/MAX32690/USB/MAXUSB/UART_Passthrough/build/MAXUSB/maxusb.a(usb.o)
                0x000000001000404c                MXC_USB_IrqHandler
 .text.MXC_USB_IrqEnable
                0x00000000100042c0       0x78 /home/eric/Workspace/msdk/Examples/MAX32690/USB/MAXUSB/UART_Passthrough/build/MAXUSB/maxusb.a(usb.o)
                0x00000000100042c0                MXC_USB_IrqEnable
 .text.MXC_USB_IrqDisable
                0x0000000010004338       0x78 /home/eric/Workspace/msdk/Examples/MAX32690/USB/MAXUSB/UART_Passthrough/build/MAXUSB/maxusb.a(usb.o)
                0x0000000010004338                MXC_USB_IrqDisable
 .text.MXC_USB_IrqClear
                0x00000000100043b0        0x4 /home/eric/Workspace/msdk/Examples/MAX32690/USB/MAXUSB/UART_Passthrough/build/MAXUSB/maxusb.a(usb.o)
                0x00000000100043b0                MXC_USB_IrqClear
 .text.MXC_USB_GetSetup
                0x00000000100043b4       0x88 /home/eric/Workspace/msdk/Examples/MAX32690/USB/MAXUSB/UART_Passthrough/build/MAXUSB/maxusb.a(usb.o)
                0x00000000100043b4                MXC_USB_GetSetup
 .text.MXC_USB_SetFuncAddr
                0x000000001000443c       0x18 /home/eric/Workspace/msdk/Examples/MAX32690/USB/MAXUSB/UART_Passthrough/build/MAXUSB/maxusb.a(usb.o)
                0x000000001000443c                MXC_USB_SetFuncAddr
 .text.MXC_USB_RemoveRequest
                0x0000000010004454       0x38 /home/eric/Workspace/msdk/Examples/MAX32690/USB/MAXUSB/UART_Passthrough/build/MAXUSB/maxusb.a(usb.o)
                0x0000000010004454                MXC_USB_RemoveRequest
 .text.MXC_USB_WriteEndpoint
                0x000000001000448c       0x94 /home/eric/Workspace/msdk/Examples/MAX32690/USB/MAXUSB/UART_Passthrough/build/MAXUSB/maxusb.a(usb.o)
                0x000000001000448c                MXC_USB_WriteEndpoint
 .text.MXC_USB_ReadEndpoint
                0x0000000010004520       0xc4 /home/eric/Workspace/msdk/Examples/MAX32690/USB/MAXUSB/UART_Passthrough/build/MAXUSB/maxusb.a(usb.o)
                0x0000000010004520                MXC_USB_ReadEndpoint
 .text.MXC_USB_EventEnable
                0x00000000100045e4       0x2c /home/eric/Workspace/msdk/Examples/MAX32690/USB/MAXUSB/UART_Passthrough/build/MAXUSB/maxusb.a(usb_event.o)
                0x00000000100045e4                MXC_USB_EventEnable
 .text.MXC_USB_EventDisable
                0x0000000010004610       0x28 /home/eric/Workspace/msdk/Examples/MAX32690/USB/MAXUSB/UART_Passthrough/build/MAXUSB/maxusb.a(usb_event.o)
                0x0000000010004610                MXC_USB_EventDisable
 .text.MXC_USB_EventClear
                0x0000000010004638        0xe /home/eric/Workspace/msdk/Examples/MAX32690/USB/MAXUSB/UART_Passthrough/build/MAXUSB/maxusb.a(usb_event.o)
                0x0000000010004638                MXC_USB_EventClear
 *fill*         0x0000000010004646        0x2 
 .text.MXC_USB_EventHandler
                0x0000000010004648       0xbc /home/eric/Workspace/msdk/Examples/MAX32690/USB/MAXUSB/UART_Passthrough/build/MAXUSB/maxusb.a(usb_event.o)
                0x0000000010004648                MXC_USB_EventHandler
 .text.status_stage_callback
                0x0000000010004704       0x22 /home/eric/Workspace/msdk/Examples/MAX32690/USB/MAXUSB/UART_Passthrough/build/MAXUSB/maxusb.a(enumerate.o)
 *fill*         0x0000000010004726        0x2 
 .text.setup    0x0000000010004728      0x3e4 /home/eric/Workspace/msdk/Examples/MAX32690/USB/MAXUSB/UART_Passthrough/build/MAXUSB/maxusb.a(enumerate.o)
 .text.enum_init
                0x0000000010004b0c       0x38 /home/eric/Workspace/msdk/Examples/MAX32690/USB/MAXUSB/UART_Passthrough/build/MAXUSB/maxusb.a(enumerate.o)
                0x0000000010004b0c                enum_init
 .text.enum_register_callback
                0x0000000010004b44       0x20 /home/eric/Workspace/msdk/Examples/MAX32690/USB/MAXUSB/UART_Passthrough/build/MAXUSB/maxusb.a(enumerate.o)
                0x0000000010004b44                enum_register_callback
 .text.enum_query_callback
                0x0000000010004b64       0x28 /home/eric/Workspace/msdk/Examples/MAX32690/USB/MAXUSB/UART_Passthrough/build/MAXUSB/maxusb.a(enumerate.o)
                0x0000000010004b64                enum_query_callback
 .text.enum_register_descriptor
                0x0000000010004b8c       0x40 /home/eric/Workspace/msdk/Examples/MAX32690/USB/MAXUSB/UART_Passthrough/build/MAXUSB/maxusb.a(enumerate.o)
                0x0000000010004b8c                enum_register_descriptor
 .text.enum_clearconfig
                0x0000000010004bcc        0xc /home/eric/Workspace/msdk/Examples/MAX32690/USB/MAXUSB/UART_Passthrough/build/MAXUSB/maxusb.a(enumerate.o)
                0x0000000010004bcc                enum_clearconfig
 .text.get_line_coding_callback
                0x0000000010004bd8        0xe /home/eric/Workspace/msdk/Examples/MAX32690/USB/MAXUSB/UART_Passthrough/build/MAXUSB/maxusb.a(cdc_acm.o)
 *fill*         0x0000000010004be6        0x2 
 .text.class_req
                0x0000000010004be8      0x104 /home/eric/Workspace/msdk/Examples/MAX32690/USB/MAXUSB/UART_Passthrough/build/MAXUSB/maxusb.a(cdc_acm.o)
 .text.set_line_coding_callback
                0x0000000010004cec       0x2c /home/eric/Workspace/msdk/Examples/MAX32690/USB/MAXUSB/UART_Passthrough/build/MAXUSB/maxusb.a(cdc_acm.o)
 .text.svc_out_from_host
                0x0000000010004d18       0x8c /home/eric/Workspace/msdk/Examples/MAX32690/USB/MAXUSB/UART_Passthrough/build/MAXUSB/maxusb.a(cdc_acm.o)
 .text.out_callback
                0x0000000010004da4       0x10 /home/eric/Workspace/msdk/Examples/MAX32690/USB/MAXUSB/UART_Passthrough/build/MAXUSB/maxusb.a(cdc_acm.o)
 .text.svc_in_to_host
                0x0000000010004db4       0x68 /home/eric/Workspace/msdk/Examples/MAX32690/USB/MAXUSB/UART_Passthrough/build/MAXUSB/maxusb.a(cdc_acm.o)
 .text.acm_init
                0x0000000010004e1c       0x5c /home/eric/Workspace/msdk/Examples/MAX32690/USB/MAXUSB/UART_Passthrough/build/MAXUSB/maxusb.a(cdc_acm.o)
                0x0000000010004e1c                acm_init
 .text.acm_register_callback
                0x0000000010004e78       0x18 /home/eric/Workspace/msdk/Examples/MAX32690/USB/MAXUSB/UART_Passthrough/build/MAXUSB/maxusb.a(cdc_acm.o)
                0x0000000010004e78                acm_register_callback
 .text.acm_deconfigure
                0x0000000010004e90       0x6c /home/eric/Workspace/msdk/Examples/MAX32690/USB/MAXUSB/UART_Passthrough/build/MAXUSB/maxusb.a(cdc_acm.o)
                0x0000000010004e90                acm_deconfigure
 .text.acm_configure
                0x0000000010004efc      0x130 /home/eric/Workspace/msdk/Examples/MAX32690/USB/MAXUSB/UART_Passthrough/build/MAXUSB/maxusb.a(cdc_acm.o)
                0x0000000010004efc                acm_configure
 .text.acm_present
                0x000000001000502c        0xc /home/eric/Workspace/msdk/Examples/MAX32690/USB/MAXUSB/UART_Passthrough/build/MAXUSB/maxusb.a(cdc_acm.o)
                0x000000001000502c                acm_present
 .text.acm_canread
                0x0000000010005038       0x14 /home/eric/Workspace/msdk/Examples/MAX32690/USB/MAXUSB/UART_Passthrough/build/MAXUSB/maxusb.a(cdc_acm.o)
                0x0000000010005038                acm_canread
 .text.acm_read
                0x000000001000504c       0x5c /home/eric/Workspace/msdk/Examples/MAX32690/USB/MAXUSB/UART_Passthrough/build/MAXUSB/maxusb.a(cdc_acm.o)
                0x000000001000504c                acm_read
 .text.acm_write
                0x00000000100050a8       0x48 /home/eric/Workspace/msdk/Examples/MAX32690/USB/MAXUSB/UART_Passthrough/build/MAXUSB/maxusb.a(cdc_acm.o)
                0x00000000100050a8                acm_write
 .text.MXC_SYS_Crit_Enter
                0x00000000100050f0       0x20 /home/eric/Workspace/msdk/Examples/MAX32690/USB/MAXUSB/UART_Passthrough/build/MAXUSB/maxusb.a(fifo.o)
 .text.MXC_SYS_Crit_Exit
                0x0000000010005110       0x20 /home/eric/Workspace/msdk/Examples/MAX32690/USB/MAXUSB/UART_Passthrough/build/MAXUSB/maxusb.a(fifo.o)
 .text.fifo_init
                0x0000000010005130       0x1a /home/eric/Workspace/msdk/Examples/MAX32690/USB/MAXUSB/UART_Passthrough/build/MAXUSB/maxusb.a(fifo.o)
                0x0000000010005130                fifo_init
 .text.fifo_put8
                0x000000001000514a       0x3c /home/eric/Workspace/msdk/Examples/MAX32690/USB/MAXUSB/UART_Passthrough/build/MAXUSB/maxusb.a(fifo.o)
                0x000000001000514a                fifo_put8
 .text.fifo_get8
                0x0000000010005186       0x32 /home/eric/Workspace/msdk/Examples/MAX32690/USB/MAXUSB/UART_Passthrough/build/MAXUSB/maxusb.a(fifo.o)
                0x0000000010005186                fifo_get8
 .text.fifo_clear
                0x00000000100051b8       0x14 /home/eric/Workspace/msdk/Examples/MAX32690/USB/MAXUSB/UART_Passthrough/build/MAXUSB/maxusb.a(fifo.o)
                0x00000000100051b8                fifo_clear
 .text.fifo_empty
                0x00000000100051cc        0xc /home/eric/Workspace/msdk/Examples/MAX32690/USB/MAXUSB/UART_Passthrough/build/MAXUSB/maxusb.a(fifo.o)
                0x00000000100051cc                fifo_empty
 .text.fifo_level
                0x00000000100051d8       0x1e /home/eric/Workspace/msdk/Examples/MAX32690/USB/MAXUSB/UART_Passthrough/build/MAXUSB/maxusb.a(fifo.o)
                0x00000000100051d8                fifo_level
 *fill*         0x00000000100051f6        0x2 
 .text.__errno  0x00000000100051f8        0xc /home/eric/gcc-arm-none-eabi-10.3-2021.10/bin/../lib/gcc/arm-none-eabi/10.3.1/../../../../arm-none-eabi/lib/thumb/v7e-m+fp/softfp/libc.a(lib_a-errno.o)
                0x00000000100051f8                __errno
 .text.__libc_init_array
                0x0000000010005204       0x48 /home/eric/gcc-arm-none-eabi-10.3-2021.10/bin/../lib/gcc/arm-none-eabi/10.3.1/../../../../arm-none-eabi/lib/thumb/v7e-m+fp/softfp/libc.a(lib_a-init.o)
                0x0000000010005204                __libc_init_array
 .text.malloc   0x000000001000524c       0x10 /home/eric/gcc-arm-none-eabi-10.3-2021.10/bin/../lib/gcc/arm-none-eabi/10.3.1/../../../../arm-none-eabi/lib/thumb/v7e-m+fp/softfp/libc.a(lib_a-malloc.o)
                0x000000001000524c                malloc
 .text._malloc_r
                0x000000001000525c      0x560 /home/eric/gcc-arm-none-eabi-10.3-2021.10/bin/../lib/gcc/arm-none-eabi/10.3.1/../../../../arm-none-eabi/lib/thumb/v7e-m+fp/softfp/libc.a(lib_a-mallocr.o)
                0x000000001000525c                _malloc_r
 .text          0x00000000100057bc      0x134 /home/eric/gcc-arm-none-eabi-10.3-2021.10/bin/../lib/gcc/arm-none-eabi/10.3.1/../../../../arm-none-eabi/lib/thumb/v7e-m+fp/softfp/libc.a(lib_a-memcpy.o)
                0x00000000100057bc                memcpy
 .text.memset   0x00000000100058f0       0xa4 /home/eric/gcc-arm-none-eabi-10.3-2021.10/bin/../lib/gcc/arm-none-eabi/10.3.1/../../../../arm-none-eabi/lib/thumb/v7e-m+fp/softfp/libc.a(lib_a-memset.o)
                0x00000000100058f0                memset
 .text.__malloc_lock
                0x0000000010005994        0xc /home/eric/gcc-arm-none-eabi-10.3-2021.10/bin/../lib/gcc/arm-none-eabi/10.3.1/../../../../arm-none-eabi/lib/thumb/v7e-m+fp/softfp/libc.a(lib_a-mlock.o)
                0x0000000010005994                __malloc_lock
 .text.__malloc_unlock
                0x00000000100059a0        0xc /home/eric/gcc-arm-none-eabi-10.3-2021.10/bin/../lib/gcc/arm-none-eabi/10.3.1/../../../../arm-none-eabi/lib/thumb/v7e-m+fp/softfp/libc.a(lib_a-mlock.o)
                0x00000000100059a0                __malloc_unlock
 .text.printf   0x00000000100059ac       0x28 /home/eric/gcc-arm-none-eabi-10.3-2021.10/bin/../lib/gcc/arm-none-eabi/10.3.1/../../../../arm-none-eabi/lib/thumb/v7e-m+fp/softfp/libc.a(lib_a-printf.o)
                0x00000000100059ac                printf
 .text._puts_r  0x00000000100059d4       0x9c /home/eric/gcc-arm-none-eabi-10.3-2021.10/bin/../lib/gcc/arm-none-eabi/10.3.1/../../../../arm-none-eabi/lib/thumb/v7e-m+fp/softfp/libc.a(lib_a-puts.o)
                0x00000000100059d4                _puts_r
 .text.puts     0x0000000010005a70       0x10 /home/eric/gcc-arm-none-eabi-10.3-2021.10/bin/../lib/gcc/arm-none-eabi/10.3.1/../../../../arm-none-eabi/lib/thumb/v7e-m+fp/softfp/libc.a(lib_a-puts.o)
                0x0000000010005a70                puts
 .text._sbrk_r  0x0000000010005a80       0x24 /home/eric/gcc-arm-none-eabi-10.3-2021.10/bin/../lib/gcc/arm-none-eabi/10.3.1/../../../../arm-none-eabi/lib/thumb/v7e-m+fp/softfp/libc.a(lib_a-sbrkr.o)
                0x0000000010005a80                _sbrk_r
 .text.snprintf
                0x0000000010005aa4       0x88 /home/eric/gcc-arm-none-eabi-10.3-2021.10/bin/../lib/gcc/arm-none-eabi/10.3.1/../../../../arm-none-eabi/lib/thumb/v7e-m+fp/softfp/libc.a(lib_a-snprintf.o)
                0x0000000010005aa4                snprintf
 *fill*         0x0000000010005b2c       0x14 
 .text          0x0000000010005b40       0xdc /home/eric/gcc-arm-none-eabi-10.3-2021.10/bin/../lib/gcc/arm-none-eabi/10.3.1/../../../../arm-none-eabi/lib/thumb/v7e-m+fp/softfp/libc.a(lib_a-strlen.o)
                0x0000000010005b40                strlen
 *fill*         0x0000000010005c1c        0x4 
 .text._svfprintf_r
                0x0000000010005c20     0x1ac8 /home/eric/gcc-arm-none-eabi-10.3-2021.10/bin/../lib/gcc/arm-none-eabi/10.3.1/../../../../arm-none-eabi/lib/thumb/v7e-m+fp/softfp/libc.a(lib_a-svfprintf.o)
                0x0000000010005c20                _svfprintf_r
 .text._vfprintf_r
                0x00000000100076e8     0x1b8c /home/eric/gcc-arm-none-eabi-10.3-2021.10/bin/../lib/gcc/arm-none-eabi/10.3.1/../../../../arm-none-eabi/lib/thumb/v7e-m+fp/softfp/libc.a(lib_a-vfprintf.o)
                0x00000000100076e8                _vfprintf_r
 .text.__sbprintf
                0x0000000010009274       0x80 /home/eric/gcc-arm-none-eabi-10.3-2021.10/bin/../lib/gcc/arm-none-eabi/10.3.1/../../../../arm-none-eabi/lib/thumb/v7e-m+fp/softfp/libc.a(lib_a-vfprintf.o)
 .text.__swsetup_r
                0x00000000100092f4       0xd4 /home/eric/gcc-arm-none-eabi-10.3-2021.10/bin/../lib/gcc/arm-none-eabi/10.3.1/../../../../arm-none-eabi/lib/thumb/v7e-m+fp/softfp/libc.a(lib_a-wsetup.o)
                0x00000000100092f4                __swsetup_r
 .text.startup.register_fini
                0x00000000100093c8       0x14 /home/eric/gcc-arm-none-eabi-10.3-2021.10/bin/../lib/gcc/arm-none-eabi/10.3.1/../../../../arm-none-eabi/lib/thumb/v7e-m+fp/softfp/libc.a(lib_a-__call_atexit.o)
 .text.atexit   0x00000000100093dc        0xc /home/eric/gcc-arm-none-eabi-10.3-2021.10/bin/../lib/gcc/arm-none-eabi/10.3.1/../../../../arm-none-eabi/lib/thumb/v7e-m+fp/softfp/libc.a(lib_a-atexit.o)
                0x00000000100093dc                atexit
 .text.quorem   0x00000000100093e8      0x128 /home/eric/gcc-arm-none-eabi-10.3-2021.10/bin/../lib/gcc/arm-none-eabi/10.3.1/../../../../arm-none-eabi/lib/thumb/v7e-m+fp/softfp/libc.a(lib_a-dtoa.o)
 .text._dtoa_r  0x0000000010009510      0xf34 /home/eric/gcc-arm-none-eabi-10.3-2021.10/bin/../lib/gcc/arm-none-eabi/10.3.1/../../../../arm-none-eabi/lib/thumb/v7e-m+fp/softfp/libc.a(lib_a-dtoa.o)
                0x0000000010009510                _dtoa_r
 .text.__sflush_r
                0x000000001000a444      0x130 /home/eric/gcc-arm-none-eabi-10.3-2021.10/bin/../lib/gcc/arm-none-eabi/10.3.1/../../../../arm-none-eabi/lib/thumb/v7e-m+fp/softfp/libc.a(lib_a-fflush.o)
                0x000000001000a444                __sflush_r
 .text._fflush_r
                0x000000001000a574       0x5c /home/eric/gcc-arm-none-eabi-10.3-2021.10/bin/../lib/gcc/arm-none-eabi/10.3.1/../../../../arm-none-eabi/lib/thumb/v7e-m+fp/softfp/libc.a(lib_a-fflush.o)
                0x000000001000a574                _fflush_r
 .text._cleanup_r
                0x000000001000a5d0        0xc /home/eric/gcc-arm-none-eabi-10.3-2021.10/bin/../lib/gcc/arm-none-eabi/10.3.1/../../../../arm-none-eabi/lib/thumb/v7e-m+fp/softfp/libc.a(lib_a-findfp.o)
                0x000000001000a5d0                _cleanup_r
 .text.__sinit  0x000000001000a5dc      0x10c /home/eric/gcc-arm-none-eabi-10.3-2021.10/bin/../lib/gcc/arm-none-eabi/10.3.1/../../../../arm-none-eabi/lib/thumb/v7e-m+fp/softfp/libc.a(lib_a-findfp.o)
                0x000000001000a5dc                __sinit
 .text.__sfp_lock_acquire
                0x000000001000a6e8        0xc /home/eric/gcc-arm-none-eabi-10.3-2021.10/bin/../lib/gcc/arm-none-eabi/10.3.1/../../../../arm-none-eabi/lib/thumb/v7e-m+fp/softfp/libc.a(lib_a-findfp.o)
                0x000000001000a6e8                __sfp_lock_acquire
 .text.__sfp_lock_release
                0x000000001000a6f4        0xc /home/eric/gcc-arm-none-eabi-10.3-2021.10/bin/../lib/gcc/arm-none-eabi/10.3.1/../../../../arm-none-eabi/lib/thumb/v7e-m+fp/softfp/libc.a(lib_a-findfp.o)
                0x000000001000a6f4                __sfp_lock_release
 .text.__libc_fini_array
                0x000000001000a700       0x2c /home/eric/gcc-arm-none-eabi-10.3-2021.10/bin/../lib/gcc/arm-none-eabi/10.3.1/../../../../arm-none-eabi/lib/thumb/v7e-m+fp/softfp/libc.a(lib_a-fini.o)
                0x000000001000a700                __libc_fini_array
 .text._malloc_trim_r
                0x000000001000a72c       0xa0 /home/eric/gcc-arm-none-eabi-10.3-2021.10/bin/../lib/gcc/arm-none-eabi/10.3.1/../../../../arm-none-eabi/lib/thumb/v7e-m+fp/softfp/libc.a(lib_a-freer.o)
                0x000000001000a72c                _malloc_trim_r
 .text._free_r  0x000000001000a7cc      0x20c /home/eric/gcc-arm-none-eabi-10.3-2021.10/bin/../lib/gcc/arm-none-eabi/10.3.1/../../../../arm-none-eabi/lib/thumb/v7e-m+fp/softfp/libc.a(lib_a-freer.o)
                0x000000001000a7cc                _free_r
 .text.__sfvwrite_r
                0x000000001000a9d8      0x2f0 /home/eric/gcc-arm-none-eabi-10.3-2021.10/bin/../lib/gcc/arm-none-eabi/10.3.1/../../../../arm-none-eabi/lib/thumb/v7e-m+fp/softfp/libc.a(lib_a-fvwrite.o)
                0x000000001000a9d8                __sfvwrite_r
 .text._fwalk_reent
                0x000000001000acc8       0x48 /home/eric/gcc-arm-none-eabi-10.3-2021.10/bin/../lib/gcc/arm-none-eabi/10.3.1/../../../../arm-none-eabi/lib/thumb/v7e-m+fp/softfp/libc.a(lib_a-fwalk.o)
                0x000000001000acc8                _fwalk_reent
 .text._localeconv_r
                0x000000001000ad10        0x8 /home/eric/gcc-arm-none-eabi-10.3-2021.10/bin/../lib/gcc/arm-none-eabi/10.3.1/../../../../arm-none-eabi/lib/thumb/v7e-m+fp/softfp/libc.a(lib_a-localeconv.o)
                0x000000001000ad10                _localeconv_r
 .text.__retarget_lock_init_recursive
                0x000000001000ad18        0x4 /home/eric/gcc-arm-none-eabi-10.3-2021.10/bin/../lib/gcc/arm-none-eabi/10.3.1/../../../../arm-none-eabi/lib/thumb/v7e-m+fp/softfp/libc.a(lib_a-lock.o)
                0x000000001000ad18                __retarget_lock_init_recursive
 .text.__retarget_lock_close_recursive
                0x000000001000ad1c        0x4 /home/eric/gcc-arm-none-eabi-10.3-2021.10/bin/../lib/gcc/arm-none-eabi/10.3.1/../../../../arm-none-eabi/lib/thumb/v7e-m+fp/softfp/libc.a(lib_a-lock.o)
                0x000000001000ad1c                __retarget_lock_close_recursive
 .text.__retarget_lock_acquire_recursive
                0x000000001000ad20        0x4 /home/eric/gcc-arm-none-eabi-10.3-2021.10/bin/../lib/gcc/arm-none-eabi/10.3.1/../../../../arm-none-eabi/lib/thumb/v7e-m+fp/softfp/libc.a(lib_a-lock.o)
                0x000000001000ad20                __retarget_lock_acquire_recursive
 .text.__retarget_lock_release_recursive
                0x000000001000ad24        0x4 /home/eric/gcc-arm-none-eabi-10.3-2021.10/bin/../lib/gcc/arm-none-eabi/10.3.1/../../../../arm-none-eabi/lib/thumb/v7e-m+fp/softfp/libc.a(lib_a-lock.o)
                0x000000001000ad24                __retarget_lock_release_recursive
 .text.__smakebuf_r
                0x000000001000ad28       0xe0 /home/eric/gcc-arm-none-eabi-10.3-2021.10/bin/../lib/gcc/arm-none-eabi/10.3.1/../../../../arm-none-eabi/lib/thumb/v7e-m+fp/softfp/libc.a(lib_a-makebuf.o)
                0x000000001000ad28                __smakebuf_r
 *fill*         0x000000001000ae08        0x8 
 .text          0x000000001000ae10       0xa0 /home/eric/gcc-arm-none-eabi-10.3-2021.10/bin/../lib/gcc/arm-none-eabi/10.3.1/../../../../arm-none-eabi/lib/thumb/v7e-m+fp/softfp/libc.a(lib_a-memchr.o)
                0x000000001000ae10                memchr
 .text.memmove  0x000000001000aeb0       0xf8 /home/eric/gcc-arm-none-eabi-10.3-2021.10/bin/../lib/gcc/arm-none-eabi/10.3.1/../../../../arm-none-eabi/lib/thumb/v7e-m+fp/softfp/libc.a(lib_a-memmove.o)
                0x000000001000aeb0                memmove
 .text._Balloc  0x000000001000afa8       0x4c /home/eric/gcc-arm-none-eabi-10.3-2021.10/bin/../lib/gcc/arm-none-eabi/10.3.1/../../../../arm-none-eabi/lib/thumb/v7e-m+fp/softfp/libc.a(lib_a-mprec.o)
                0x000000001000afa8                _Balloc
 .text._Bfree   0x000000001000aff4       0x14 /home/eric/gcc-arm-none-eabi-10.3-2021.10/bin/../lib/gcc/arm-none-eabi/10.3.1/../../../../arm-none-eabi/lib/thumb/v7e-m+fp/softfp/libc.a(lib_a-mprec.o)
                0x000000001000aff4                _Bfree
 .text.__multadd
                0x000000001000b008       0xa8 /home/eric/gcc-arm-none-eabi-10.3-2021.10/bin/../lib/gcc/arm-none-eabi/10.3.1/../../../../arm-none-eabi/lib/thumb/v7e-m+fp/softfp/libc.a(lib_a-mprec.o)
                0x000000001000b008                __multadd
 .text.__hi0bits
                0x000000001000b0b0       0x40 /home/eric/gcc-arm-none-eabi-10.3-2021.10/bin/../lib/gcc/arm-none-eabi/10.3.1/../../../../arm-none-eabi/lib/thumb/v7e-m+fp/softfp/libc.a(lib_a-mprec.o)
                0x000000001000b0b0                __hi0bits
 .text.__lo0bits
                0x000000001000b0f0       0x60 /home/eric/gcc-arm-none-eabi-10.3-2021.10/bin/../lib/gcc/arm-none-eabi/10.3.1/../../../../arm-none-eabi/lib/thumb/v7e-m+fp/softfp/libc.a(lib_a-mprec.o)
                0x000000001000b0f0                __lo0bits
 .text.__i2b    0x000000001000b150       0x5c /home/eric/gcc-arm-none-eabi-10.3-2021.10/bin/../lib/gcc/arm-none-eabi/10.3.1/../../../../arm-none-eabi/lib/thumb/v7e-m+fp/softfp/libc.a(lib_a-mprec.o)
                0x000000001000b150                __i2b
 .text.__multiply
                0x000000001000b1ac      0x15c /home/eric/gcc-arm-none-eabi-10.3-2021.10/bin/../lib/gcc/arm-none-eabi/10.3.1/../../../../arm-none-eabi/lib/thumb/v7e-m+fp/softfp/libc.a(lib_a-mprec.o)
                0x000000001000b1ac                __multiply
 .text.__pow5mult
                0x000000001000b308       0xc0 /home/eric/gcc-arm-none-eabi-10.3-2021.10/bin/../lib/gcc/arm-none-eabi/10.3.1/../../../../arm-none-eabi/lib/thumb/v7e-m+fp/softfp/libc.a(lib_a-mprec.o)
                0x000000001000b308                __pow5mult
 .text.__lshift
                0x000000001000b3c8       0xf0 /home/eric/gcc-arm-none-eabi-10.3-2021.10/bin/../lib/gcc/arm-none-eabi/10.3.1/../../../../arm-none-eabi/lib/thumb/v7e-m+fp/softfp/libc.a(lib_a-mprec.o)
                0x000000001000b3c8                __lshift
 .text.__mcmp   0x000000001000b4b8       0x44 /home/eric/gcc-arm-none-eabi-10.3-2021.10/bin/../lib/gcc/arm-none-eabi/10.3.1/../../../../arm-none-eabi/lib/thumb/v7e-m+fp/softfp/libc.a(lib_a-mprec.o)
                0x000000001000b4b8                __mcmp
 .text.__mdiff  0x000000001000b4fc      0x14c /home/eric/gcc-arm-none-eabi-10.3-2021.10/bin/../lib/gcc/arm-none-eabi/10.3.1/../../../../arm-none-eabi/lib/thumb/v7e-m+fp/softfp/libc.a(lib_a-mprec.o)
                0x000000001000b4fc                __mdiff
 .text.__d2b    0x000000001000b648       0xc4 /home/eric/gcc-arm-none-eabi-10.3-2021.10/bin/../lib/gcc/arm-none-eabi/10.3.1/../../../../arm-none-eabi/lib/thumb/v7e-m+fp/softfp/libc.a(lib_a-mprec.o)
                0x000000001000b648                __d2b
 .text._realloc_r
                0x000000001000b70c      0x3d8 /home/eric/gcc-arm-none-eabi-10.3-2021.10/bin/../lib/gcc/arm-none-eabi/10.3.1/../../../../arm-none-eabi/lib/thumb/v7e-m+fp/softfp/libc.a(lib_a-reallocr.o)
                0x000000001000b70c                _realloc_r
 .text.frexp    0x000000001000bae4       0x70 /home/eric/gcc-arm-none-eabi-10.3-2021.10/bin/../lib/gcc/arm-none-eabi/10.3.1/../../../../arm-none-eabi/lib/thumb/v7e-m+fp/softfp/libc.a(lib_a-s_frexp.o)
                0x000000001000bae4                frexp
 .text.__sread  0x000000001000bb54       0x24 /home/eric/gcc-arm-none-eabi-10.3-2021.10/bin/../lib/gcc/arm-none-eabi/10.3.1/../../../../arm-none-eabi/lib/thumb/v7e-m+fp/softfp/libc.a(lib_a-stdio.o)
                0x000000001000bb54                __sread
 .text.__swrite
                0x000000001000bb78       0x40 /home/eric/gcc-arm-none-eabi-10.3-2021.10/bin/../lib/gcc/arm-none-eabi/10.3.1/../../../../arm-none-eabi/lib/thumb/v7e-m+fp/softfp/libc.a(lib_a-stdio.o)
                0x000000001000bb78                __swrite
 .text.__sseek  0x000000001000bbb8       0x20 /home/eric/gcc-arm-none-eabi-10.3-2021.10/bin/../lib/gcc/arm-none-eabi/10.3.1/../../../../arm-none-eabi/lib/thumb/v7e-m+fp/softfp/libc.a(lib_a-stdio.o)
                0x000000001000bbb8                __sseek
 .text.__sclose
                0x000000001000bbd8        0x8 /home/eric/gcc-arm-none-eabi-10.3-2021.10/bin/../lib/gcc/arm-none-eabi/10.3.1/../../../../arm-none-eabi/lib/thumb/v7e-m+fp/softfp/libc.a(lib_a-stdio.o)
                0x000000001000bbd8                __sclose
 .text.strncpy  0x000000001000bbe0       0x64 /home/eric/gcc-arm-none-eabi-10.3-2021.10/bin/../lib/gcc/arm-none-eabi/10.3.1/../../../../arm-none-eabi/lib/thumb/v7e-m+fp/softfp/libc.a(lib_a-strncpy.o)
                0x000000001000bbe0                strncpy
 .text.__ssprint_r
                0x000000001000bc44       0xf8 /home/eric/gcc-arm-none-eabi-10.3-2021.10/bin/../lib/gcc/arm-none-eabi/10.3.1/../../../../arm-none-eabi/lib/thumb/v7e-m+fp/softfp/libc.a(lib_a-svfiprintf.o)
                0x000000001000bc44                __ssprint_r
 .text.__sprint_r.part.0
                0x000000001000bd3c       0x78 /home/eric/gcc-arm-none-eabi-10.3-2021.10/bin/../lib/gcc/arm-none-eabi/10.3.1/../../../../arm-none-eabi/lib/thumb/v7e-m+fp/softfp/libc.a(lib_a-vfiprintf.o)
 .text.__sprint_r
                0x000000001000bdb4       0x18 /home/eric/gcc-arm-none-eabi-10.3-2021.10/bin/../lib/gcc/arm-none-eabi/10.3.1/../../../../arm-none-eabi/lib/thumb/v7e-m+fp/softfp/libc.a(lib_a-vfiprintf.o)
                0x000000001000bdb4                __sprint_r
 .text._vfiprintf_r
                0x000000001000bdcc      0xdfc /home/eric/gcc-arm-none-eabi-10.3-2021.10/bin/../lib/gcc/arm-none-eabi/10.3.1/../../../../arm-none-eabi/lib/thumb/v7e-m+fp/softfp/libc.a(lib_a-vfiprintf.o)
                0x000000001000bdcc                _vfiprintf_r
 .text.__sbprintf
                0x000000001000cbc8       0x80 /home/eric/gcc-arm-none-eabi-10.3-2021.10/bin/../lib/gcc/arm-none-eabi/10.3.1/../../../../arm-none-eabi/lib/thumb/v7e-m+fp/softfp/libc.a(lib_a-vfiprintf.o)
 .text._write_r
                0x000000001000cc48       0x2c /home/eric/gcc-arm-none-eabi-10.3-2021.10/bin/../lib/gcc/arm-none-eabi/10.3.1/../../../../arm-none-eabi/lib/thumb/v7e-m+fp/softfp/libc.a(lib_a-writer.o)
                0x000000001000cc48                _write_r
 .text.__register_exitproc
                0x000000001000cc74       0x8c /home/eric/gcc-arm-none-eabi-10.3-2021.10/bin/../lib/gcc/arm-none-eabi/10.3.1/../../../../arm-none-eabi/lib/thumb/v7e-m+fp/softfp/libc.a(lib_a-__atexit.o)
                0x000000001000cc74                __register_exitproc
 .text.__assert_func
                0x000000001000cd00       0x40 /home/eric/gcc-arm-none-eabi-10.3-2021.10/bin/../lib/gcc/arm-none-eabi/10.3.1/../../../../arm-none-eabi/lib/thumb/v7e-m+fp/softfp/libc.a(lib_a-assert.o)
                0x000000001000cd00                __assert_func
 .text._calloc_r
                0x000000001000cd40       0x78 /home/eric/gcc-arm-none-eabi-10.3-2021.10/bin/../lib/gcc/arm-none-eabi/10.3.1/../../../../arm-none-eabi/lib/thumb/v7e-m+fp/softfp/libc.a(lib_a-callocr.o)
                0x000000001000cd40                _calloc_r
 .text._close_r
                0x000000001000cdb8       0x24 /home/eric/gcc-arm-none-eabi-10.3-2021.10/bin/../lib/gcc/arm-none-eabi/10.3.1/../../../../arm-none-eabi/lib/thumb/v7e-m+fp/softfp/libc.a(lib_a-closer.o)
                0x000000001000cdb8                _close_r
 .text._fclose_r
                0x000000001000cddc       0xcc /home/eric/gcc-arm-none-eabi-10.3-2021.10/bin/../lib/gcc/arm-none-eabi/10.3.1/../../../../arm-none-eabi/lib/thumb/v7e-m+fp/softfp/libc.a(lib_a-fclose.o)
                0x000000001000cddc                _fclose_r
 .text.fiprintf
                0x000000001000cea8       0x28 /home/eric/gcc-arm-none-eabi-10.3-2021.10/bin/../lib/gcc/arm-none-eabi/10.3.1/../../../../arm-none-eabi/lib/thumb/v7e-m+fp/softfp/libc.a(lib_a-fiprintf.o)
                0x000000001000cea8                fiprintf
 .text.__fputwc
                0x000000001000ced0       0xa8 /home/eric/gcc-arm-none-eabi-10.3-2021.10/bin/../lib/gcc/arm-none-eabi/10.3.1/../../../../arm-none-eabi/lib/thumb/v7e-m+fp/softfp/libc.a(lib_a-fputwc.o)
                0x000000001000ced0                __fputwc
 .text._fputwc_r
                0x000000001000cf78       0x68 /home/eric/gcc-arm-none-eabi-10.3-2021.10/bin/../lib/gcc/arm-none-eabi/10.3.1/../../../../arm-none-eabi/lib/thumb/v7e-m+fp/softfp/libc.a(lib_a-fputwc.o)
                0x000000001000cf78                _fputwc_r
 .text._fstat_r
                0x000000001000cfe0       0x2c /home/eric/gcc-arm-none-eabi-10.3-2021.10/bin/../lib/gcc/arm-none-eabi/10.3.1/../../../../arm-none-eabi/lib/thumb/v7e-m+fp/softfp/libc.a(lib_a-fstatr.o)
                0x000000001000cfe0                _fstat_r
 .text._isatty_r
                0x000000001000d00c       0x24 /home/eric/gcc-arm-none-eabi-10.3-2021.10/bin/../lib/gcc/arm-none-eabi/10.3.1/../../../../arm-none-eabi/lib/thumb/v7e-m+fp/softfp/libc.a(lib_a-isattyr.o)
                0x000000001000d00c                _isatty_r
 .text.__locale_mb_cur_max
                0x000000001000d030        0xc /home/eric/gcc-arm-none-eabi-10.3-2021.10/bin/../lib/gcc/arm-none-eabi/10.3.1/../../../../arm-none-eabi/lib/thumb/v7e-m+fp/softfp/libc.a(lib_a-locale.o)
                0x000000001000d030                __locale_mb_cur_max
 .text._lseek_r
                0x000000001000d03c       0x2c /home/eric/gcc-arm-none-eabi-10.3-2021.10/bin/../lib/gcc/arm-none-eabi/10.3.1/../../../../arm-none-eabi/lib/thumb/v7e-m+fp/softfp/libc.a(lib_a-lseekr.o)
                0x000000001000d03c                _lseek_r
 .text.__ascii_mbtowc