Archive member included to satisfy reference by file (symbol)

/home/jcai/Workspace/msdk/Examples/MAX32655/Bluetooth/example/BLT/build/buildbl/PeriphDriver/libPeriphDriver_spi-v1_softfp.a(mxc_delay.o)
                              /home/jcai/Workspace/msdk/Examples/MAX32655/Bluetooth/example/BLT/build/buildbl/tft_ssd2119.o (MXC_Delay)
/home/jcai/Workspace/msdk/Examples/MAX32655/Bluetooth/example/BLT/build/buildbl/PeriphDriver/libPeriphDriver_spi-v1_softfp.a(sys_me17.o)
                              /home/jcai/Workspace/msdk/Examples/MAX32655/Bluetooth/example/BLT/build/buildbl/board.o (MXC_SYS_ClockEnable)
/home/jcai/Workspace/msdk/Examples/MAX32655/Bluetooth/example/BLT/build/buildbl/PeriphDriver/libPeriphDriver_spi-v1_softfp.a(aes_me17.o)
                              /home/jcai/Workspace/msdk/Examples/MAX32655/Bluetooth/example/BLT/build/buildbl/PeriphDriver/libPeriphDriver_spi-v1_softfp.a(sys_me17.o) (MXC_AES_Init)
/home/jcai/Workspace/msdk/Examples/MAX32655/Bluetooth/example/BLT/build/buildbl/PeriphDriver/libPeriphDriver_spi-v1_softfp.a(aes_revb.o)
                              /home/jcai/Workspace/msdk/Examples/MAX32655/Bluetooth/example/BLT/build/buildbl/PeriphDriver/libPeriphDriver_spi-v1_softfp.a(aes_me17.o) (MXC_AES_RevB_IsBusy)
/home/jcai/Workspace/msdk/Examples/MAX32655/Bluetooth/example/BLT/build/buildbl/PeriphDriver/libPeriphDriver_spi-v1_softfp.a(dma_me17.o)
                              /home/jcai/Workspace/msdk/Examples/MAX32655/Bluetooth/example/BLT/build/buildbl/PeriphDriver/libPeriphDriver_spi-v1_softfp.a(aes_revb.o) (MXC_DMA_Init)
/home/jcai/Workspace/msdk/Examples/MAX32655/Bluetooth/example/BLT/build/buildbl/PeriphDriver/libPeriphDriver_spi-v1_softfp.a(dma_reva.o)
                              /home/jcai/Workspace/msdk/Examples/MAX32655/Bluetooth/example/BLT/build/buildbl/PeriphDriver/libPeriphDriver_spi-v1_softfp.a(dma_me17.o) (MXC_DMA_RevA_Init)
/home/jcai/Workspace/msdk/Examples/MAX32655/Bluetooth/example/BLT/build/buildbl/PeriphDriver/libPeriphDriver_spi-v1_softfp.a(flc_me17.o)
                              /home/jcai/Workspace/msdk/Examples/MAX32655/Bluetooth/example/BLT/build/buildbl/main_ext.o (MXC_FLC_PageErase)
/home/jcai/Workspace/msdk/Examples/MAX32655/Bluetooth/example/BLT/build/buildbl/PeriphDriver/libPeriphDriver_spi-v1_softfp.a(flc_reva.o)
                              /home/jcai/Workspace/msdk/Examples/MAX32655/Bluetooth/example/BLT/build/buildbl/PeriphDriver/libPeriphDriver_spi-v1_softfp.a(flc_me17.o) (MXC_FLC_RevA_Busy)
/home/jcai/Workspace/msdk/Examples/MAX32655/Bluetooth/example/BLT/build/buildbl/PeriphDriver/libPeriphDriver_spi-v1_softfp.a(gpio_me17.o)
                              /home/jcai/Workspace/msdk/Examples/MAX32655/Bluetooth/example/BLT/build/buildbl/main_ext.o (MXC_GPIO_InGet)
/home/jcai/Workspace/msdk/Examples/MAX32655/Bluetooth/example/BLT/build/buildbl/PeriphDriver/libPeriphDriver_spi-v1_softfp.a(gpio_reva.o)
                              /home/jcai/Workspace/msdk/Examples/MAX32655/Bluetooth/example/BLT/build/buildbl/PeriphDriver/libPeriphDriver_spi-v1_softfp.a(gpio_me17.o) (MXC_GPIO_RevA_InGet)
/home/jcai/Workspace/msdk/Examples/MAX32655/Bluetooth/example/BLT/build/buildbl/PeriphDriver/libPeriphDriver_spi-v1_softfp.a(icc_me17.o)
                              /home/jcai/Workspace/msdk/Examples/MAX32655/Bluetooth/example/BLT/build/buildbl/system_max32655.o (MXC_ICC_Enable)
/home/jcai/Workspace/msdk/Examples/MAX32655/Bluetooth/example/BLT/build/buildbl/PeriphDriver/libPeriphDriver_spi-v1_softfp.a(icc_reva.o)
                              /home/jcai/Workspace/msdk/Examples/MAX32655/Bluetooth/example/BLT/build/buildbl/PeriphDriver/libPeriphDriver_spi-v1_softfp.a(icc_me17.o) (MXC_ICC_RevA_ID)
/home/jcai/Workspace/msdk/Examples/MAX32655/Bluetooth/example/BLT/build/buildbl/PeriphDriver/libPeriphDriver_spi-v1_softfp.a(simo_me17.o)
                              /home/jcai/Workspace/msdk/Examples/MAX32655/Bluetooth/example/BLT/build/buildbl/system_max32655.o (MXC_SIMO_SetVregO_A)
/home/jcai/Workspace/msdk/Examples/MAX32655/Bluetooth/example/BLT/build/buildbl/PeriphDriver/libPeriphDriver_spi-v1_softfp.a(simo_reva.o)
                              /home/jcai/Workspace/msdk/Examples/MAX32655/Bluetooth/example/BLT/build/buildbl/PeriphDriver/libPeriphDriver_spi-v1_softfp.a(simo_me17.o) (MXC_SIMO_RevA_SetVregO_A)
/home/jcai/Workspace/msdk/Examples/MAX32655/Bluetooth/example/BLT/build/buildbl/PeriphDriver/libPeriphDriver_spi-v1_softfp.a(spi_me17.o)
                              /home/jcai/Workspace/msdk/Examples/MAX32655/Bluetooth/example/BLT/build/buildbl/board.o (MXC_SPI_Init)
/home/jcai/Workspace/msdk/Examples/MAX32655/Bluetooth/example/BLT/build/buildbl/PeriphDriver/libPeriphDriver_spi-v1_softfp.a(spi_reva1.o)
                              /home/jcai/Workspace/msdk/Examples/MAX32655/Bluetooth/example/BLT/build/buildbl/PeriphDriver/libPeriphDriver_spi-v1_softfp.a(spi_me17.o) (MXC_SPI_RevA1_Init)
[...]
Memory Configuration

Name             Origin             Length             Attributes
FLASH            0x0000000010000000 0x0000000000004000 xr
FLASH0           0x0000000010004000 0x0000000000040000 xr
FLASH1           0x0000000010040000 0x0000000000040000 xr
SRAM             0x0000000020000000 0x0000000000020000 xrw
*default*        0x0000000000000000 0xffffffffffffffff

Linker script and memory map

LOAD /home/jcai/MaximSDK/Tools/GNUTools/10.3/bin/../lib/gcc/arm-none-eabi/10.3.1/thumb/v7e-m+fp/softfp/crti.o
LOAD /home/jcai/MaximSDK/Tools/GNUTools/10.3/bin/../lib/gcc/arm-none-eabi/10.3.1/thumb/v7e-m+fp/softfp/crtbegin.o
LOAD /home/jcai/MaximSDK/Tools/GNUTools/10.3/bin/../lib/gcc/arm-none-eabi/10.3.1/../../../../arm-none-eabi/lib/thumb/v7e-m+fp/softfp/crt0.o
LOAD /home/jcai/Workspace/msdk/Examples/MAX32655/Bluetooth/example/BLT/build/buildbl/boot_lower.o
LOAD /home/jcai/Workspace/msdk/Examples/MAX32655/Bluetooth/example/BLT/build/buildbl/main_ext.o
LOAD /home/jcai/Workspace/msdk/Examples/MAX32655/Bluetooth/example/BLT/build/buildbl/board.o
LOAD /home/jcai/Workspace/msdk/Examples/MAX32655/Bluetooth/example/BLT/build/buildbl/stdio.o
LOAD /home/jcai/Workspace/msdk/Examples/MAX32655/Bluetooth/example/BLT/build/buildbl/led.o
LOAD /home/jcai/Workspace/msdk/Examples/MAX32655/Bluetooth/example/BLT/build/buildbl/pb.o
LOAD /home/jcai/Workspace/msdk/Examples/MAX32655/Bluetooth/example/BLT/build/buildbl/tft_ssd2119.o
LOAD /home/jcai/Workspace/msdk/Examples/MAX32655/Bluetooth/example/BLT/build/buildbl/tsc2046.o
LOAD /home/jcai/Workspace/msdk/Examples/MAX32655/Bluetooth/example/BLT/build/buildbl/w25.o
LOAD /home/jcai/Workspace/msdk/Examples/MAX32655/Bluetooth/example/BLT/build/buildbl/startup_max32655.o
LOAD /home/jcai/Workspace/msdk/Examples/MAX32655/Bluetooth/example/BLT/build/buildbl/heap.o
LOAD /home/jcai/Workspace/msdk/Examples/MAX32655/Bluetooth/example/BLT/build/buildbl/system_max32655.o
START GROUP
LOAD /home/jcai/Workspace/msdk/Examples/MAX32655/Bluetooth/example/BLT/build/buildbl/PeriphDriver/libPeriphDriver_spi-v1_softfp.a
LOAD /home/jcai/MaximSDK/Tools/GNUTools/10.3/bin/../lib/gcc/arm-none-eabi/10.3.1/../../../../arm-none-eabi/lib/thumb/v7e-m+fp/softfp/libc.a
LOAD /home/jcai/MaximSDK/Tools/GNUTools/10.3/bin/../lib/gcc/arm-none-eabi/10.3.1/../../../../arm-none-eabi/lib/thumb/v7e-m+fp/softfp/libm.a
LOAD /home/jcai/MaximSDK/Tools/GNUTools/10.3/bin/../lib/gcc/arm-none-eabi/10.3.1/../../../../arm-none-eabi/lib/thumb/v7e-m+fp/softfp/libnosys.a
END GROUP
START GROUP
LOAD /home/jcai/MaximSDK/Tools/GNUTools/10.3/bin/../lib/gcc/arm-none-eabi/10.3.1/thumb/v7e-m+fp/softfp/libgcc.a
LOAD /home/jcai/MaximSDK/Tools/GNUTools/10.3/bin/../lib/gcc/arm-none-eabi/10.3.1/../../../../arm-none-eabi/lib/thumb/v7e-m+fp/softfp/libc.a
END GROUP
LOAD /home/jcai/MaximSDK/Tools/GNUTools/10.3/bin/../lib/gcc/arm-none-eabi/10.3.1/thumb/v7e-m+fp/softfp/crtend.o
LOAD /home/jcai/MaximSDK/Tools/GNUTools/10.3/bin/../lib/gcc/arm-none-eabi/10.3.1/thumb/v7e-m+fp/softfp/crtn.o
                0x0000000010000000                BOOTLOADER_ORIGIN = 0x10000000
                0x0000000000004000                BOOTLOADER_LEN = 0x4000
                0x000000000003c000                FLASH_SECTION_LEN = (0x40000 - BOOTLOADER_LEN)
                0x0000000010004000                FLASH0_ORIGIN = (BOOTLOADER_ORIGIN + BOOTLOADER_LEN)
                0x0000000000040000                FLASH0_LEN = 0x40000

.text           0x0000000010000000     0x3144
                0x0000000010000000                _text = .
 *(.isr_vector)
 .isr_vector    0x0000000010000000      0x1f8 /home/jcai/Workspace/msdk/Examples/MAX32655/Bluetooth/example/BLT/build/buildbl/startup_max32655.o
                0x0000000010000000                __isr_vector
 EXCLUDE_FILE(*riscv.o) *(.text*)
 .text          0x00000000100001f8       0x40 /home/jcai/MaximSDK/Tools/GNUTools/10.3/bin/../lib/gcc/arm-none-eabi/10.3.1/thumb/v7e-m+fp/softfp/crtbegin.o
 .text          0x0000000010000238       0x18 /home/jcai/Workspace/msdk/Examples/MAX32655/Bluetooth/example/BLT/build/buildbl/boot_lower.o
                0x0000000010000238                Boot_Lower
 .text.flashWrite
                0x0000000010000250       0x3e /home/jcai/Workspace/msdk/Examples/MAX32655/Bluetooth/example/BLT/build/buildbl/main_ext.o
 *fill*         0x000000001000028e        0x2 
 .text.externFileOperation
                0x0000000010000290       0x70 /home/jcai/Workspace/msdk/Examples/MAX32655/Bluetooth/example/BLT/build/buildbl/main_ext.o
                0x0000000010000290                externFileOperation
 .text.startup.main
                0x0000000010000300       0x94 /home/jcai/Workspace/msdk/Examples/MAX32655/Bluetooth/example/BLT/build/buildbl/main_ext.o
                0x0000000010000300                main
 .text.ext_flash_clock
                0x0000000010000394       0x74 /home/jcai/Workspace/msdk/Examples/MAX32655/Bluetooth/example/BLT/build/buildbl/board.o
 .text.ext_flash_board_init_quad
                0x0000000010000408       0x44 /home/jcai/Workspace/msdk/Examples/MAX32655/Bluetooth/example/BLT/build/buildbl/board.o
 .text.ext_flash_board_write
                0x000000001000044c       0x74 /home/jcai/Workspace/msdk/Examples/MAX32655/Bluetooth/example/BLT/build/buildbl/board.o
 .text.ext_flash_board_read
                0x00000000100004c0       0x74 /home/jcai/Workspace/msdk/Examples/MAX32655/Bluetooth/example/BLT/build/buildbl/board.o
 .text.ext_flash_board_init
                0x0000000010000534       0x68 /home/jcai/Workspace/msdk/Examples/MAX32655/Bluetooth/example/BLT/build/buildbl/board.o
 .text.GPIO0_IRQHandler
                0x000000001000059c        0x6 /home/jcai/Workspace/msdk/Examples/MAX32655/Bluetooth/example/BLT/build/buildbl/board.o
                0x000000001000059c                GPIO0_IRQHandler
 .text.mxc_assert
                0x00000000100005a2        0x2 /home/jcai/Workspace/msdk/Examples/MAX32655/Bluetooth/example/BLT/build/buildbl/board.o
                0x00000000100005a2                mxc_assert
 .text.Board_Init
                0x00000000100005a4       0xb0 /home/jcai/Workspace/msdk/Examples/MAX32655/Bluetooth/example/BLT/build/buildbl/board.o
                0x00000000100005a4                Board_Init
 .text.NMI_Handler
                0x0000000010000654        0x2 /home/jcai/Workspace/msdk/Examples/MAX32655/Bluetooth/example/BLT/build/buildbl/board.o
                0x0000000010000654                NMI_Handler
 .text.HardFault_Handler
                0x0000000010000656        0x2 /home/jcai/Workspace/msdk/Examples/MAX32655/Bluetooth/example/BLT/build/buildbl/board.o
                0x0000000010000656                HardFault_Handler
 .text.LED_Off  0x0000000010000658       0x3c /home/jcai/Workspace/msdk/Examples/MAX32655/Bluetooth/example/BLT/build/buildbl/led.o
                0x0000000010000658                LED_Off
 .text.LED_Init
                0x0000000010000694       0x38 /home/jcai/Workspace/msdk/Examples/MAX32655/Bluetooth/example/BLT/build/buildbl/led.o
                0x0000000010000694                LED_Init
 .text.PB_Init  0x00000000100006cc       0x30 /home/jcai/Workspace/msdk/Examples/MAX32655/Bluetooth/example/BLT/build/buildbl/pb.o
                0x00000000100006cc                PB_Init
 .text.MXC_TFT_PreInit
                0x00000000100006fc       0x68 /home/jcai/Workspace/msdk/Examples/MAX32655/Bluetooth/example/BLT/build/buildbl/tft_ssd2119.o
                0x00000000100006fc                MXC_TFT_PreInit
 .text.MXC_TS_PreInit
                0x0000000010000764       0x34 /home/jcai/Workspace/msdk/Examples/MAX32655/Bluetooth/example/BLT/build/buildbl/tsc2046.o
                0x0000000010000764                MXC_TS_PreInit
 .text.Ext_Flash_Configure
                0x0000000010000798       0x24 /home/jcai/Workspace/msdk/Examples/MAX32655/Bluetooth/example/BLT/build/buildbl/w25.o
                0x0000000010000798                Ext_Flash_Configure
 .text.Ext_Flash_Init
                0x00000000100007bc       0x1c /home/jcai/Workspace/msdk/Examples/MAX32655/Bluetooth/example/BLT/build/buildbl/w25.o
                0x00000000100007bc                Ext_Flash_Init
 .text.Ext_Flash_Read_SR
                0x00000000100007d8       0x44 /home/jcai/Workspace/msdk/Examples/MAX32655/Bluetooth/example/BLT/build/buildbl/w25.o
                0x00000000100007d8                Ext_Flash_Read_SR
 .text.flash_busy
                0x000000001000081c       0x22 /home/jcai/Workspace/msdk/Examples/MAX32655/Bluetooth/example/BLT/build/buildbl/w25.o
 *fill*         0x000000001000083e        0x2 
 .text.Ext_Flash_Read
                0x0000000010000840       0x94 /home/jcai/Workspace/msdk/Examples/MAX32655/Bluetooth/example/BLT/build/buildbl/w25.o
                0x0000000010000840                Ext_Flash_Read
 .text.write_enable
                0x00000000100008d4       0x40 /home/jcai/Workspace/msdk/Examples/MAX32655/Bluetooth/example/BLT/build/buildbl/w25.o
 .text.Ext_Flash_Write_SR
                0x0000000010000914       0x38 /home/jcai/Workspace/msdk/Examples/MAX32655/Bluetooth/example/BLT/build/buildbl/w25.o
                0x0000000010000914                Ext_Flash_Write_SR
 .text.Ext_Flash_Quad
                0x000000001000094c       0x92 /home/jcai/Workspace/msdk/Examples/MAX32655/Bluetooth/example/BLT/build/buildbl/w25.o
                0x000000001000094c                Ext_Flash_Quad
 *fill*         0x00000000100009de        0x2 
 .text          0x00000000100009e0      0x154 /home/jcai/Workspace/msdk/Examples/MAX32655/Bluetooth/example/BLT/build/buildbl/startup_max32655.o
                0x00000000100009e0                Reset_Handler
                0x0000000010000a20                MemManage_Handler
                0x0000000010000a22                BusFault_Handler
                0x0000000010000a24                UsageFault_Handler
                0x0000000010000a26                SVC_Handler
                0x0000000010000a28                DebugMon_Handler
                0x0000000010000a2a                PendSV_Handler
                0x0000000010000a2c                SysTick_Handler
                0x0000000010000a2e                Default_Handler
                0x0000000010000a30                PF_IRQHandler
                0x0000000010000a32                WDT0_IRQHandler
                0x0000000010000a34                RSV02_IRQHandler
                0x0000000010000a36                RTC_IRQHandler
                0x0000000010000a38                TRNG_IRQHandler
                0x0000000010000a3a                TMR0_IRQHandler
                0x0000000010000a3c                TMR1_IRQHandler
                0x0000000010000a3e                TMR2_IRQHandler
                0x0000000010000a40                TMR3_IRQHandler
                0x0000000010000a42                TMR4_IRQHandler
                0x0000000010000a44                TMR5_IRQHandler
                0x0000000010000a46                RSV11_IRQHandler
                0x0000000010000a48                RSV12_IRQHandler
                0x0000000010000a4a                I2C0_IRQHandler
                0x0000000010000a4c                UART0_IRQHandler
                0x0000000010000a4e                UART1_IRQHandler
                0x0000000010000a50                SPI1_IRQHandler
                0x0000000010000a52                RSV17_IRQHandler
                0x0000000010000a54                RSV18_IRQHandler
                0x0000000010000a56                RSV19_IRQHandler
                0x0000000010000a58                ADC_IRQHandler
                0x0000000010000a5a                RSV21_IRQHandler
                0x0000000010000a5c                RSV22_IRQHandler
                0x0000000010000a5e                FLC0_IRQHandler
                0x0000000010000a62                GPIO1_IRQHandler
                0x0000000010000a64                GPIO2_IRQHandler
                0x0000000010000a66                RSV27_IRQHandler
                0x0000000010000a68                DMA0_IRQHandler
                0x0000000010000a6a                DMA1_IRQHandler
                0x0000000010000a6c                DMA2_IRQHandler
                0x0000000010000a6e                DMA3_IRQHandler
                0x0000000010000a70                RSV32_IRQHandler
                0x0000000010000a72                RSV33_IRQHandler
                0x0000000010000a74                UART2_IRQHandler
                0x0000000010000a76                RSV35_IRQHandler
                0x0000000010000a78                I2C1_IRQHandler
                0x0000000010000a7a                RSV37_IRQHandler
                0x0000000010000a7c                RSV38_IRQHandler
                0x0000000010000a7e                BTLE_TX_DONE_IRQHandler
                0x0000000010000a80                BTLE_RX_RCVD_IRQHandler
                0x0000000010000a82                BTLE_RX_ENG_DET_IRQHandler
                0x0000000010000a84                BTLE_SFD_DET_IRQHandler
                0x0000000010000a86                BTLE_SFD_TO_IRQHandler
                0x0000000010000a88                BTLE_GP_EVENT_IRQHandler
                0x0000000010000a8a                BTLE_CFO_IRQHandler
                0x0000000010000a8c                BTLE_SIG_DET_IRQHandler
                0x0000000010000a8e                BTLE_AGC_EVENT_IRQHandler
                0x0000000010000a90                BTLE_RFFE_SPIM_IRQHandler
                0x0000000010000a92                BTLE_TX_AES_IRQHandler
                0x0000000010000a94                BTLE_RX_AES_IRQHandler
                0x0000000010000a96                BTLE_INV_APB_ADDR_IRQHandler
                0x0000000010000a98                BTLE_IQ_DATA_VALID_IRQHandler
                0x0000000010000a9a                WUT0_IRQHandler
                0x0000000010000a9c                GPIOWAKE_IRQHandler
                0x0000000010000a9e                RSV55_IRQHandler
                0x0000000010000aa0                SPI0_IRQHandler
                0x0000000010000aa2                WDT1_IRQHandler
                0x0000000010000aa4                RSV57_IRQHandler
                0x0000000010000aa6                PT_IRQHandler
                0x0000000010000aa8                RSV60_IRQHandler
                0x0000000010000aaa                RSV61_IRQHandler
                0x0000000010000aac                I2C2_IRQHandler
                0x0000000010000aae                RISCV_IRQHandler
                0x0000000010000ab0                RSV64_IRQHandler
                0x0000000010000ab2                RSV65_IRQHandler
                0x0000000010000ab4                RSV66_IRQHandler
                0x0000000010000ab6                OWM_IRQHandler
                0x0000000010000ab8                RSV68_IRQHandler
                0x0000000010000aba                RSV69_IRQHandler
                0x0000000010000abc                RSV70_IRQHandler
                0x0000000010000abe                RSV71_IRQHandler
                0x0000000010000ac0                RSV72_IRQHandler
                0x0000000010000ac2                RSV73_IRQHandler
                0x0000000010000ac4                RSV74_IRQHandler
                0x0000000010000ac6                RSV75_IRQHandler
                0x0000000010000ac8                RSV76_IRQHandler
                0x0000000010000aca                RSV77_IRQHandler
                0x0000000010000acc                RSV78_IRQHandler
                0x0000000010000ace                RSV79_IRQHandler
                0x0000000010000ad0                RSV80_IRQHandler
                0x0000000010000ad2                RSV81_IRQHandler
                0x0000000010000ad4                ECC_IRQHandler
                0x0000000010000ad6                DVS_IRQHandler
                0x0000000010000ad8                SIMO_IRQHandler
                0x0000000010000ada                RSV85_IRQHandler
                0x0000000010000adc                RSV86_IRQHandler
                0x0000000010000ade                RSV87_IRQHandler
                0x0000000010000ae0                UART3_IRQHandler
                0x0000000010000ae2                RSV89_IRQHandler
                0x0000000010000ae4                RSV90_IRQHandler
                0x0000000010000ae6                RSV91_IRQHandler
                0x0000000010000ae8                RSV92_IRQHandler
                0x0000000010000aea                RSV93_IRQHandler
                0x0000000010000aec                RSV94_IRQHandler
                0x0000000010000aee                RSV95_IRQHandler
                0x0000000010000af0                RSV96_IRQHandler
                0x0000000010000af2                AES_IRQHandler
                0x0000000010000af4                CRC_IRQHandler
                0x0000000010000af6                I2S_IRQHandler
                0x0000000010000af8                RSV116_IRQHandler
                0x0000000010000afa                RSV117_IRQHandler
                0x0000000010000afc                RSV118_IRQHandler
                0x0000000010000afe                LPCMP_IRQHandler
                0x0000000010000b00                RSV120_IRQHandler
                0x0000000010000b02                RSV121_IRQHandler
                0x0000000010000b04                RSV122_IRQHandler
                0x0000000010000b06                RSV123_IRQHandler
                0x0000000010000b08                RSV124_IRQHandler
                0x0000000010000b0a                WUT1_IRQHandler
 .text._sbrk    0x0000000010000b34       0x38 /home/jcai/Workspace/msdk/Examples/MAX32655/Bluetooth/example/BLT/build/buildbl/heap.o
                0x0000000010000b34                _sbrk
 .text.SystemCoreClockUpdate
                0x0000000010000b6c       0x78 /home/jcai/Workspace/msdk/Examples/MAX32655/Bluetooth/example/BLT/build/buildbl/system_max32655.o
                0x0000000010000b6c                SystemCoreClockUpdate
 .text.PreInit  0x0000000010000be4       0x3c /home/jcai/Workspace/msdk/Examples/MAX32655/Bluetooth/example/BLT/build/buildbl/system_max32655.o
                0x0000000010000be4                PreInit
 .text.PinInit  0x0000000010000c20        0x2 /home/jcai/Workspace/msdk/Examples/MAX32655/Bluetooth/example/BLT/build/buildbl/system_max32655.o
                0x0000000010000c20                PinInit
 .text.PalSysInit
                0x0000000010000c22        0x2 /home/jcai/Workspace/msdk/Examples/MAX32655/Bluetooth/example/BLT/build/buildbl/system_max32655.o
                0x0000000010000c22                PalSysInit
 .text.SystemInit
                0x0000000010000c24       0x80 /home/jcai/Workspace/msdk/Examples/MAX32655/Bluetooth/example/BLT/build/buildbl/system_max32655.o
                0x0000000010000c24                SystemInit
 .text.MXC_DelayInit
                0x0000000010000ca4       0x7c /home/jcai/Workspace/msdk/Examples/MAX32655/Bluetooth/example/BLT/build/buildbl/PeriphDriver/libPeriphDriver_spi-v1_softfp.a(mxc_delay.o)
 .text.MXC_DelayAsync
                0x0000000010000d20       0x3c /home/jcai/Workspace/msdk/Examples/MAX32655/Bluetooth/example/BLT/build/buildbl/PeriphDriver/libPeriphDriver_spi-v1_softfp.a(mxc_delay.o)
                0x0000000010000d20                MXC_DelayAsync
 .text.MXC_DelayAbort
                0x0000000010000d5c       0x34 /home/jcai/Workspace/msdk/Examples/MAX32655/Bluetooth/example/BLT/build/buildbl/PeriphDriver/libPeriphDriver_spi-v1_softfp.a(mxc_delay.o)
                0x0000000010000d5c                MXC_DelayAbort
 .text.MXC_DelayCheck
                0x0000000010000d90       0x58 /home/jcai/Workspace/msdk/Examples/MAX32655/Bluetooth/example/BLT/build/buildbl/PeriphDriver/libPeriphDriver_spi-v1_softfp.a(mxc_delay.o)
                0x0000000010000d90                MXC_DelayCheck
 .text.MXC_SYS_ClockEnable
                0x0000000010000de8       0x4c /home/jcai/Workspace/msdk/Examples/MAX32655/Bluetooth/example/BLT/build/buildbl/PeriphDriver/libPeriphDriver_spi-v1_softfp.a(sys_me17.o)
                0x0000000010000de8                MXC_SYS_ClockEnable
 .text.MXC_SYS_Clock_Timeout
                0x0000000010000e34       0x2e /home/jcai/Workspace/msdk/Examples/MAX32655/Bluetooth/example/BLT/build/buildbl/PeriphDriver/libPeriphDriver_spi-v1_softfp.a(sys_me17.o)
                0x0000000010000e34                MXC_SYS_Clock_Timeout
 *fill*         0x0000000010000e62        0x2 
 .text.MXC_SYS_Clock_Select
                0x0000000010000e64      0x154 /home/jcai/Workspace/msdk/Examples/MAX32655/Bluetooth/example/BLT/build/buildbl/PeriphDriver/libPeriphDriver_spi-v1_softfp.a(sys_me17.o)
                0x0000000010000e64                MXC_SYS_Clock_Select
 .text.MXC_SYS_SetClockDiv
                0x0000000010000fb8       0x22 /home/jcai/Workspace/msdk/Examples/MAX32655/Bluetooth/example/BLT/build/buildbl/PeriphDriver/libPeriphDriver_spi-v1_softfp.a(sys_me17.o)
                0x0000000010000fb8                MXC_SYS_SetClockDiv
 *fill*         0x0000000010000fda        0x2 
 .text.MXC_SYS_Reset_Periph
                0x0000000010000fdc       0x4c /home/jcai/Workspace/msdk/Examples/MAX32655/Bluetooth/example/BLT/build/buildbl/PeriphDriver/libPeriphDriver_spi-v1_softfp.a(sys_me17.o)
                0x0000000010000fdc                MXC_SYS_Reset_Periph
 .text.MXC_FLC_ME17_Flash_Operation
                0x0000000010001028       0x2c /home/jcai/Workspace/msdk/Examples/MAX32655/Bluetooth/example/BLT/build/buildbl/PeriphDriver/libPeriphDriver_spi-v1_softfp.a(flc_me17.o)
                0x0000000010001028                MXC_FLC_ME17_Flash_Operation
 .text.MXC_FLC_ME17_GetByAddress
                0x0000000010001054       0x28 /home/jcai/Workspace/msdk/Examples/MAX32655/Bluetooth/example/BLT/build/buildbl/PeriphDriver/libPeriphDriver_spi-v1_softfp.a(flc_me17.o)
                0x0000000010001054                MXC_FLC_ME17_GetByAddress
 .text.MXC_FLC_ME17_GetPhysicalAddress
                0x000000001000107c       0x2e /home/jcai/Workspace/msdk/Examples/MAX32655/Bluetooth/example/BLT/build/buildbl/PeriphDriver/libPeriphDriver_spi-v1_softfp.a(flc_me17.o)
                0x000000001000107c                MXC_FLC_ME17_GetPhysicalAddress
 .text.MXC_FLC_Write32
                0x00000000100010aa       0x3e /home/jcai/Workspace/msdk/Examples/MAX32655/Bluetooth/example/BLT/build/buildbl/PeriphDriver/libPeriphDriver_spi-v1_softfp.a(flc_me17.o)
                0x00000000100010aa                MXC_FLC_Write32
 .text.MXC_GPIO_Init
                0x00000000100010e8       0x2c /home/jcai/Workspace/msdk/Examples/MAX32655/Bluetooth/example/BLT/build/buildbl/PeriphDriver/libPeriphDriver_spi-v1_softfp.a(gpio_me17.o)
                0x00000000100010e8                MXC_GPIO_Init
 .text.MXC_GPIO_InGet
                0x0000000010001114       0x34 /home/jcai/Workspace/msdk/Examples/MAX32655/Bluetooth/example/BLT/build/buildbl/PeriphDriver/libPeriphDriver_spi-v1_softfp.a(gpio_me17.o)
                0x0000000010001114                MXC_GPIO_InGet
 .text.MXC_GPIO_OutSet
                0x0000000010001148       0x2c /home/jcai/Workspace/msdk/Examples/MAX32655/Bluetooth/example/BLT/build/buildbl/PeriphDriver/libPeriphDriver_spi-v1_softfp.a(gpio_me17.o)
                0x0000000010001148                MXC_GPIO_OutSet
 .text.MXC_GPIO_OutClr
                0x0000000010001174       0x2c /home/jcai/Workspace/msdk/Examples/MAX32655/Bluetooth/example/BLT/build/buildbl/PeriphDriver/libPeriphDriver_spi-v1_softfp.a(gpio_me17.o)
                0x0000000010001174                MXC_GPIO_OutClr
 .text.MXC_GPIO_Handler
                0x00000000100011a0        0x4 /home/jcai/Workspace/msdk/Examples/MAX32655/Bluetooth/example/BLT/build/buildbl/PeriphDriver/libPeriphDriver_spi-v1_softfp.a(gpio_me17.o)
                0x00000000100011a0                MXC_GPIO_Handler
 .text.MXC_GPIO_ClearFlags
                0x00000000100011a4       0x18 /home/jcai/Workspace/msdk/Examples/MAX32655/Bluetooth/example/BLT/build/buildbl/PeriphDriver/libPeriphDriver_spi-v1_softfp.a(gpio_me17.o)
                0x00000000100011a4                MXC_GPIO_ClearFlags
 .text.MXC_GPIO_GetFlags
                0x00000000100011bc       0x18 /home/jcai/Workspace/msdk/Examples/MAX32655/Bluetooth/example/BLT/build/buildbl/PeriphDriver/libPeriphDriver_spi-v1_softfp.a(gpio_me17.o)
                0x00000000100011bc                MXC_GPIO_GetFlags
 .text.MXC_GPIO_SetVSSEL
                0x00000000100011d4       0x24 /home/jcai/Workspace/msdk/Examples/MAX32655/Bluetooth/example/BLT/build/buildbl/PeriphDriver/libPeriphDriver_spi-v1_softfp.a(gpio_me17.o)
                0x00000000100011d4                MXC_GPIO_SetVSSEL
 .text.MXC_GPIO_Config
                0x00000000100011f8      0x1f4 /home/jcai/Workspace/msdk/Examples/MAX32655/Bluetooth/example/BLT/build/buildbl/PeriphDriver/libPeriphDriver_spi-v1_softfp.a(gpio_me17.o)
                0x00000000100011f8                MXC_GPIO_Config
 .text.MXC_GPIO_GetConfigLock
                0x00000000100013ec        0x4 /home/jcai/Workspace/msdk/Examples/MAX32655/Bluetooth/example/BLT/build/buildbl/PeriphDriver/libPeriphDriver_spi-v1_softfp.a(gpio_me17.o)
                0x00000000100013ec                MXC_GPIO_GetConfigLock
 .text.MXC_GPIO_RevA_InGet
                0x00000000100013f0        0x6 /home/jcai/Workspace/msdk/Examples/MAX32655/Bluetooth/example/BLT/build/buildbl/PeriphDriver/libPeriphDriver_spi-v1_softfp.a(gpio_reva.o)
                0x00000000100013f0                MXC_GPIO_RevA_InGet
 .text.MXC_GPIO_RevA_OutSet
                0x00000000100013f6        0x4 /home/jcai/Workspace/msdk/Examples/MAX32655/Bluetooth/example/BLT/build/buildbl/PeriphDriver/libPeriphDriver_spi-v1_softfp.a(gpio_reva.o)
                0x00000000100013f6                MXC_GPIO_RevA_OutSet
 .text.MXC_GPIO_RevA_OutClr
                0x00000000100013fa        0x4 /home/jcai/Workspace/msdk/Examples/MAX32655/Bluetooth/example/BLT/build/buildbl/PeriphDriver/libPeriphDriver_spi-v1_softfp.a(gpio_reva.o)
                0x00000000100013fa                MXC_GPIO_RevA_OutClr
 .text.MXC_GPIO_RevA_ClearFlags
                0x00000000100013fe        0x4 /home/jcai/Workspace/msdk/Examples/MAX32655/Bluetooth/example/BLT/build/buildbl/PeriphDriver/libPeriphDriver_spi-v1_softfp.a(gpio_reva.o)
                0x00000000100013fe                MXC_GPIO_RevA_ClearFlags
 .text.MXC_GPIO_RevA_GetFlags
                0x0000000010001402        0x4 /home/jcai/Workspace/msdk/Examples/MAX32655/Bluetooth/example/BLT/build/buildbl/PeriphDriver/libPeriphDriver_spi-v1_softfp.a(gpio_reva.o)
                0x0000000010001402                MXC_GPIO_RevA_GetFlags
 .text.MXC_GPIO_RevA_SetVSSEL
                0x0000000010001406       0x34 /home/jcai/Workspace/msdk/Examples/MAX32655/Bluetooth/example/BLT/build/buildbl/PeriphDriver/libPeriphDriver_spi-v1_softfp.a(gpio_reva.o)
                0x0000000010001406                MXC_GPIO_RevA_SetVSSEL
 .text.MXC_GPIO_RevA_SetAF
                0x000000001000143a       0x66 /home/jcai/Workspace/msdk/Examples/MAX32655/Bluetooth/example/BLT/build/buildbl/PeriphDriver/libPeriphDriver_spi-v1_softfp.a(gpio_reva.o)
                0x000000001000143a                MXC_GPIO_RevA_SetAF
 .text.MXC_GPIO_RevA_SetDriveStrength
                0x00000000100014a0       0x5c /home/jcai/Workspace/msdk/Examples/MAX32655/Bluetooth/example/BLT/build/buildbl/PeriphDriver/libPeriphDriver_spi-v1_softfp.a(gpio_reva.o)
                0x00000000100014a0                MXC_GPIO_RevA_SetDriveStrength
 .text.MXC_ICC_Enable
                0x00000000100014fc        0x4 /home/jcai/Workspace/msdk/Examples/MAX32655/Bluetooth/example/BLT/build/buildbl/PeriphDriver/libPeriphDriver_spi-v1_softfp.a(icc_me17.o)
                0x00000000100014fc                MXC_ICC_Enable
 .text.MXC_ICC_RevA_Enable
                0x0000000010001500       0x30 /home/jcai/Workspace/msdk/Examples/MAX32655/Bluetooth/example/BLT/build/buildbl/PeriphDriver/libPeriphDriver_spi-v1_softfp.a(icc_reva.o)
                0x0000000010001500                MXC_ICC_RevA_Enable
 .text.MXC_SIMO_SetVregO_A
                0x0000000010001530        0xc /home/jcai/Workspace/msdk/Examples/MAX32655/Bluetooth/example/BLT/build/buildbl/PeriphDriver/libPeriphDriver_spi-v1_softfp.a(simo_me17.o)
                0x0000000010001530                MXC_SIMO_SetVregO_A
 .text.MXC_SIMO_SetVregO_B
                0x000000001000153c        0xc /home/jcai/Workspace/msdk/Examples/MAX32655/Bluetooth/example/BLT/build/buildbl/PeriphDriver/libPeriphDriver_spi-v1_softfp.a(simo_me17.o)
                0x000000001000153c                MXC_SIMO_SetVregO_B
 .text.MXC_SIMO_SetVregO_C
                0x0000000010001548        0xc /home/jcai/Workspace/msdk/Examples/MAX32655/Bluetooth/example/BLT/build/buildbl/PeriphDriver/libPeriphDriver_spi-v1_softfp.a(simo_me17.o)
                0x0000000010001548                MXC_SIMO_SetVregO_C
 .text.MXC_SIMO_GetOutReadyA
                0x0000000010001554        0xc /home/jcai/Workspace/msdk/Examples/MAX32655/Bluetooth/example/BLT/build/buildbl/PeriphDriver/libPeriphDriver_spi-v1_softfp.a(simo_me17.o)
                0x0000000010001554                MXC_SIMO_GetOutReadyA
 .text.MXC_SIMO_GetOutReadyB
                0x0000000010001560        0xc /home/jcai/Workspace/msdk/Examples/MAX32655/Bluetooth/example/BLT/build/buildbl/PeriphDriver/libPeriphDriver_spi-v1_softfp.a(simo_me17.o)
                0x0000000010001560                MXC_SIMO_GetOutReadyB
 .text.MXC_SIMO_GetOutReadyC
                0x000000001000156c        0xc /home/jcai/Workspace/msdk/Examples/MAX32655/Bluetooth/example/BLT/build/buildbl/PeriphDriver/libPeriphDriver_spi-v1_softfp.a(simo_me17.o)
                0x000000001000156c                MXC_SIMO_GetOutReadyC
 .text.MXC_SIMO_RevA_SetVregO_A
                0x0000000010001578       0x2a /home/jcai/Workspace/msdk/Examples/MAX32655/Bluetooth/example/BLT/build/buildbl/PeriphDriver/libPeriphDriver_spi-v1_softfp.a(simo_reva.o)
                0x0000000010001578                MXC_SIMO_RevA_SetVregO_A
 .text.MXC_SIMO_RevA_SetVregO_B
                0x00000000100015a2       0x2a /home/jcai/Workspace/msdk/Examples/MAX32655/Bluetooth/example/BLT/build/buildbl/PeriphDriver/libPeriphDriver_spi-v1_softfp.a(simo_reva.o)
                0x00000000100015a2                MXC_SIMO_RevA_SetVregO_B
 .text.MXC_SIMO_RevA_SetVregO_C
                0x00000000100015cc       0x2a /home/jcai/Workspace/msdk/Examples/MAX32655/Bluetooth/example/BLT/build/buildbl/PeriphDriver/libPeriphDriver_spi-v1_softfp.a(simo_reva.o)
                0x00000000100015cc                MXC_SIMO_RevA_SetVregO_C
 .text.MXC_SIMO_RevA_GetOutReadyA
                0x00000000100015f6       0x10 /home/jcai/Workspace/msdk/Examples/MAX32655/Bluetooth/example/BLT/build/buildbl/PeriphDriver/libPeriphDriver_spi-v1_softfp.a(simo_reva.o)
                0x00000000100015f6                MXC_SIMO_RevA_GetOutReadyA
 .text.MXC_SIMO_RevA_GetOutReadyB
                0x0000000010001606       0x10 /home/jcai/Workspace/msdk/Examples/MAX32655/Bluetooth/example/BLT/build/buildbl/PeriphDriver/libPeriphDriver_spi-v1_softfp.a(simo_reva.o)
                0x0000000010001606                MXC_SIMO_RevA_GetOutReadyB
 .text.MXC_SIMO_RevA_GetOutReadyC
                0x0000000010001616       0x10 /home/jcai/Workspace/msdk/Examples/MAX32655/Bluetooth/example/BLT/build/buildbl/PeriphDriver/libPeriphDriver_spi-v1_softfp.a(simo_reva.o)
                0x0000000010001616                MXC_SIMO_RevA_GetOutReadyC
 *fill*         0x0000000010001626        0x2 
 .text.MXC_SPI_Init
                0x0000000010001628      0x1ec /home/jcai/Workspace/msdk/Examples/MAX32655/Bluetooth/example/BLT/build/buildbl/PeriphDriver/libPeriphDriver_spi-v1_softfp.a(spi_me17.o)
                0x0000000010001628                MXC_SPI_Init
 .text.MXC_SPI_GetPeripheralClock
                0x0000000010001814       0x7c /home/jcai/Workspace/msdk/Examples/MAX32655/Bluetooth/example/BLT/build/buildbl/PeriphDriver/libPeriphDriver_spi-v1_softfp.a(spi_me17.o)
                0x0000000010001814                MXC_SPI_GetPeripheralClock
 .text.MXC_SPI_SetFrequency
                0x0000000010001890        0x4 /home/jcai/Workspace/msdk/Examples/MAX32655/Bluetooth/example/BLT/build/buildbl/PeriphDriver/libPeriphDriver_spi-v1_softfp.a(spi_me17.o)
                0x0000000010001890                MXC_SPI_SetFrequency
 .text.MXC_SPI_SetDataSize
                0x0000000010001894        0x4 /home/jcai/Workspace/msdk/Examples/MAX32655/Bluetooth/example/BLT/build/buildbl/PeriphDriver/libPeriphDriver_spi-v1_softfp.a(spi_me17.o)
                0x0000000010001894                MXC_SPI_SetDataSize
 .text.MXC_SPI_GetDataSize
                0x0000000010001898        0x4 /home/jcai/Workspace/msdk/Examples/MAX32655/Bluetooth/example/BLT/build/buildbl/PeriphDriver/libPeriphDriver_spi-v1_softfp.a(spi_me17.o)
                0x0000000010001898                MXC_SPI_GetDataSize
 .text.MXC_SPI_SetSlave
                0x000000001000189c        0x4 /home/jcai/Workspace/msdk/Examples/MAX32655/Bluetooth/example/BLT/build/buildbl/PeriphDriver/libPeriphDriver_spi-v1_softfp.a(spi_me17.o)
                0x000000001000189c                MXC_SPI_SetSlave
 .text.MXC_SPI_SetWidth
                0x00000000100018a0        0x4 /home/jcai/Workspace/msdk/Examples/MAX32655/Bluetooth/example/BLT/build/buildbl/PeriphDriver/libPeriphDriver_spi-v1_softfp.a(spi_me17.o)
                0x00000000100018a0                MXC_SPI_SetWidth
 .text.MXC_SPI_GetWidth
                0x00000000100018a4        0x4 /home/jcai/Workspace/msdk/Examples/MAX32655/Bluetooth/example/BLT/build/buildbl/PeriphDriver/libPeriphDriver_spi-v1_softfp.a(spi_me17.o)
                0x00000000100018a4                MXC_SPI_GetWidth
 .text.MXC_SPI_SetMode
                0x00000000100018a8        0x4 /home/jcai/Workspace/msdk/Examples/MAX32655/Bluetooth/example/BLT/build/buildbl/PeriphDriver/libPeriphDriver_spi-v1_softfp.a(spi_me17.o)
                0x00000000100018a8                MXC_SPI_SetMode
 .text.MXC_SPI_StartTransmission
                0x00000000100018ac        0x4 /home/jcai/Workspace/msdk/Examples/MAX32655/Bluetooth/example/BLT/build/buildbl/PeriphDriver/libPeriphDriver_spi-v1_softfp.a(spi_me17.o)
                0x00000000100018ac                MXC_SPI_StartTransmission
 .text.MXC_SPI_GetActive
                0x00000000100018b0        0x4 /home/jcai/Workspace/msdk/Examples/MAX32655/Bluetooth/example/BLT/build/buildbl/PeriphDriver/libPeriphDriver_spi-v1_softfp.a(spi_me17.o)
                0x00000000100018b0                MXC_SPI_GetActive
 .text.MXC_SPI_ReadRXFIFO
                0x00000000100018b4        0x4 /home/jcai/Workspace/msdk/Examples/MAX32655/Bluetooth/example/BLT/build/buildbl/PeriphDriver/libPeriphDriver_spi-v1_softfp.a(spi_me17.o)
                0x00000000100018b4                MXC_SPI_ReadRXFIFO
 .text.MXC_SPI_GetRXFIFOAvailable
                0x00000000100018b8        0x4 /home/jcai/Workspace/msdk/Examples/MAX32655/Bluetooth/example/BLT/build/buildbl/PeriphDriver/libPeriphDriver_spi-v1_softfp.a(spi_me17.o)
                0x00000000100018b8                MXC_SPI_GetRXFIFOAvailable
 .text.MXC_SPI_WriteTXFIFO
                0x00000000100018bc        0x4 /home/jcai/Workspace/msdk/Examples/MAX32655/Bluetooth/example/BLT/build/buildbl/PeriphDriver/libPeriphDriver_spi-v1_softfp.a(spi_me17.o)
                0x00000000100018bc                MXC_SPI_WriteTXFIFO
 .text.MXC_SPI_GetTXFIFOAvailable
                0x00000000100018c0        0x4 /home/jcai/Workspace/msdk/Examples/MAX32655/Bluetooth/example/BLT/build/buildbl/PeriphDriver/libPeriphDriver_spi-v1_softfp.a(spi_me17.o)
                0x00000000100018c0                MXC_SPI_GetTXFIFOAvailable
 .text.MXC_SPI_SetRXThreshold
                0x00000000100018c4        0x4 /home/jcai/Workspace/msdk/Examples/MAX32655/Bluetooth/example/BLT/build/buildbl/PeriphDriver/libPeriphDriver_spi-v1_softfp.a(spi_me17.o)
                0x00000000100018c4                MXC_SPI_SetRXThreshold
 .text.MXC_SPI_SetTXThreshold
                0x00000000100018c8        0x4 /home/jcai/Workspace/msdk/Examples/MAX32655/Bluetooth/example/BLT/build/buildbl/PeriphDriver/libPeriphDriver_spi-v1_softfp.a(spi_me17.o)
                0x00000000100018c8                MXC_SPI_SetTXThreshold
 .text.MXC_SPI_MasterTransaction
                0x00000000100018cc        0x4 /home/jcai/Workspace/msdk/Examples/MAX32655/Bluetooth/example/BLT/build/buildbl/PeriphDriver/libPeriphDriver_spi-v1_softfp.a(spi_me17.o)
                0x00000000100018cc                MXC_SPI_MasterTransaction
 .text.MXC_SPI_RevA1_TransSetup
                0x00000000100018d0      0x16c /home/jcai/Workspace/msdk/Examples/MAX32655/Bluetooth/example/BLT/build/buildbl/PeriphDriver/libPeriphDriver_spi-v1_softfp.a(spi_reva1.o)
 .text.MXC_SPI_RevA1_TransHandler
                0x0000000010001a3c      0x144 /home/jcai/Workspace/msdk/Examples/MAX32655/Bluetooth/example/BLT/build/buildbl/PeriphDriver/libPeriphDriver_spi-v1_softfp.a(spi_reva1.o)
 .text.MXC_SPI_RevA1_MasterTransHandler
                0x0000000010001b80       0x8c /home/jcai/Workspace/msdk/Examples/MAX32655/Bluetooth/example/BLT/build/buildbl/PeriphDriver/libPeriphDriver_spi-v1_softfp.a(spi_reva1.o)
 .text.MXC_SPI_RevA1_Init
                0x0000000010001c0c       0xe8 /home/jcai/Workspace/msdk/Examples/MAX32655/Bluetooth/example/BLT/build/buildbl/PeriphDriver/libPeriphDriver_spi-v1_softfp.a(spi_reva1.o)
                0x0000000010001c0c                MXC_SPI_RevA1_Init
 .text.MXC_SPI_RevA1_SetFrequency
                0x0000000010001cf4       0x70 /home/jcai/Workspace/msdk/Examples/MAX32655/Bluetooth/example/BLT/build/buildbl/PeriphDriver/libPeriphDriver_spi-v1_softfp.a(spi_reva1.o)
                0x0000000010001cf4                MXC_SPI_RevA1_SetFrequency
 .text.MXC_SPI_RevA1_SetDataSize
                0x0000000010001d64       0x80 /home/jcai/Workspace/msdk/Examples/MAX32655/Bluetooth/example/BLT/build/buildbl/PeriphDriver/libPeriphDriver_spi-v1_softfp.a(spi_reva1.o)
                0x0000000010001d64                MXC_SPI_RevA1_SetDataSize
 .text.MXC_SPI_RevA1_GetDataSize
                0x0000000010001de4       0x12 /home/jcai/Workspace/msdk/Examples/MAX32655/Bluetooth/example/BLT/build/buildbl/PeriphDriver/libPeriphDriver_spi-v1_softfp.a(spi_reva1.o)
                0x0000000010001de4                MXC_SPI_RevA1_GetDataSize
 *fill*         0x0000000010001df6        0x2 
 .text.MXC_SPI_RevA1_SetSlave
                0x0000000010001df8       0x68 /home/jcai/Workspace/msdk/Examples/MAX32655/Bluetooth/example/BLT/build/buildbl/PeriphDriver/libPeriphDriver_spi-v1_softfp.a(spi_reva1.o)
                0x0000000010001df8                MXC_SPI_RevA1_SetSlave
 .text.MXC_SPI_RevA1_SetWidth
                0x0000000010001e60       0x34 /home/jcai/Workspace/msdk/Examples/MAX32655/Bluetooth/example/BLT/build/buildbl/PeriphDriver/libPeriphDriver_spi-v1_softfp.a(spi_reva1.o)
                0x0000000010001e60                MXC_SPI_RevA1_SetWidth
 .text.MXC_SPI_RevA1_GetWidth
                0x0000000010001e94       0x22 /home/jcai/Workspace/msdk/Examples/MAX32655/Bluetooth/example/BLT/build/buildbl/PeriphDriver/libPeriphDriver_spi-v1_softfp.a(spi_reva1.o)
                0x0000000010001e94                MXC_SPI_RevA1_GetWidth
 .text.MXC_SPI_RevA1_SetMode
                0x0000000010001eb6       0x40 /home/jcai/Workspace/msdk/Examples/MAX32655/Bluetooth/example/BLT/build/buildbl/PeriphDriver/libPeriphDriver_spi-v1_softfp.a(spi_reva1.o)
                0x0000000010001eb6                MXC_SPI_RevA1_SetMode
 .text.MXC_SPI_RevA1_StartTransmission
                0x0000000010001ef6       0x18 /home/jcai/Workspace/msdk/Examples/MAX32655/Bluetooth/example/BLT/build/buildbl/PeriphDriver/libPeriphDriver_spi-v1_softfp.a(spi_reva1.o)
                0x0000000010001ef6                MXC_SPI_RevA1_StartTransmission
 .text.MXC_SPI_RevA1_GetActive
                0x0000000010001f0e       0x10 /home/jcai/Workspace/msdk/Examples/MAX32655/Bluetooth/example/BLT/build/buildbl/PeriphDriver/libPeriphDriver_spi-v1_softfp.a(spi_reva1.o)
                0x0000000010001f0e                MXC_SPI_RevA1_GetActive
 .text.MXC_SPI_RevA1_ReadRXFIFO
                0x0000000010001f1e       0x5e /home/jcai/Workspace/msdk/Examples/MAX32655/Bluetooth/example/BLT/build/buildbl/PeriphDriver/libPeriphDriver_spi-v1_softfp.a(spi_reva1.o)
                0x0000000010001f1e                MXC_SPI_RevA1_ReadRXFIFO
 .text.MXC_SPI_RevA1_GetRXFIFOAvailable
                0x0000000010001f7c        0x8 /home/jcai/Workspace/msdk/Examples/MAX32655/Bluetooth/example/BLT/build/buildbl/PeriphDriver/libPeriphDriver_spi-v1_softfp.a(spi_reva1.o)
                0x0000000010001f7c                MXC_SPI_RevA1_GetRXFIFOAvailable
 .text.MXC_SPI_RevA1_WriteTXFIFO
                0x0000000010001f84       0x5c /home/jcai/Workspace/msdk/Examples/MAX32655/Bluetooth/example/BLT/build/buildbl/PeriphDriver/libPeriphDriver_spi-v1_softfp.a(spi_reva1.o)
                0x0000000010001f84                MXC_SPI_RevA1_WriteTXFIFO
 .text.MXC_SPI_RevA1_GetTXFIFOAvailable
                0x0000000010001fe0        0xc /home/jcai/Workspace/msdk/Examples/MAX32655/Bluetooth/example/BLT/build/buildbl/PeriphDriver/libPeriphDriver_spi-v1_softfp.a(spi_reva1.o)
                0x0000000010001fe0                MXC_SPI_RevA1_GetTXFIFOAvailable
 .text.MXC_SPI_RevA1_SetRXThreshold
                0x0000000010001fec       0x1a /home/jcai/Workspace/msdk/Examples/MAX32655/Bluetooth/example/BLT/build/buildbl/PeriphDriver/libPeriphDriver_spi-v1_softfp.a(spi_reva1.o)
                0x0000000010001fec                MXC_SPI_RevA1_SetRXThreshold
 .text.MXC_SPI_RevA1_SetTXThreshold
                0x0000000010002006       0x1a /home/jcai/Workspace/msdk/Examples/MAX32655/Bluetooth/example/BLT/build/buildbl/PeriphDriver/libPeriphDriver_spi-v1_softfp.a(spi_reva1.o)
                0x0000000010002006                MXC_SPI_RevA1_SetTXThreshold
 .text.MXC_SPI_RevA1_MasterTransaction
                0x0000000010002020       0x54 /home/jcai/Workspace/msdk/Examples/MAX32655/Bluetooth/example/BLT/build/buildbl/PeriphDriver/libPeriphDriver_spi-v1_softfp.a(spi_reva1.o)
                0x0000000010002020                MXC_SPI_RevA1_MasterTransaction
 .text.MXC_FreeLock
                0x0000000010002074        0xa /home/jcai/Workspace/msdk/Examples/MAX32655/Bluetooth/example/BLT/build/buildbl/PeriphDriver/libPeriphDriver_spi-v1_softfp.a(mxc_lock.o)
                0x0000000010002074                MXC_FreeLock
 *fill*         0x000000001000207e        0x2 
 .text.MXC_GPIO_Common_Init
                0x0000000010002080       0x24 /home/jcai/Workspace/msdk/Examples/MAX32655/Bluetooth/example/BLT/build/buildbl/PeriphDriver/libPeriphDriver_spi-v1_softfp.a(gpio_common.o)
                0x0000000010002080                MXC_GPIO_Common_Init
 .text.MXC_GPIO_Common_Handler
                0x00000000100020a4       0x84 /home/jcai/Workspace/msdk/Examples/MAX32655/Bluetooth/example/BLT/build/buildbl/PeriphDriver/libPeriphDriver_spi-v1_softfp.a(gpio_common.o)
                0x00000000100020a4                MXC_GPIO_Common_Handler
 .text.MXC_GPIO_Common_GetConfigLock
                0x0000000010002128        0xc /home/jcai/Workspace/msdk/Examples/MAX32655/Bluetooth/example/BLT/build/buildbl/PeriphDriver/libPeriphDriver_spi-v1_softfp.a(gpio_common.o)
                0x0000000010002128                MXC_GPIO_Common_GetConfigLock
 .text.__errno  0x0000000010002134        0xc /home/jcai/MaximSDK/Tools/GNUTools/10.3/bin/../lib/gcc/arm-none-eabi/10.3.1/../../../../arm-none-eabi/lib/thumb/v7e-m+fp/softfp/libc.a(lib_a-errno.o)
                0x0000000010002134                __errno
 .text.__libc_init_array
                0x0000000010002140       0x48 /home/jcai/MaximSDK/Tools/GNUTools/10.3/bin/../lib/gcc/arm-none-eabi/10.3.1/../../../../arm-none-eabi/lib/thumb/v7e-m+fp/softfp/libc.a(lib_a-init.o)
                0x0000000010002140                __libc_init_array
 .text.malloc   0x0000000010002188       0x10 /home/jcai/MaximSDK/Tools/GNUTools/10.3/bin/../lib/gcc/arm-none-eabi/10.3.1/../../../../arm-none-eabi/lib/thumb/v7e-m+fp/softfp/libc.a(lib_a-malloc.o)
                0x0000000010002188                malloc
 .text.free     0x0000000010002198       0x10 /home/jcai/MaximSDK/Tools/GNUTools/10.3/bin/../lib/gcc/arm-none-eabi/10.3.1/../../../../arm-none-eabi/lib/thumb/v7e-m+fp/softfp/libc.a(lib_a-malloc.o)
                0x0000000010002198                free
 .text._malloc_r
                0x00000000100021a8      0x560 /home/jcai/MaximSDK/Tools/GNUTools/10.3/bin/../lib/gcc/arm-none-eabi/10.3.1/../../../../arm-none-eabi/lib/thumb/v7e-m+fp/softfp/libc.a(lib_a-mallocr.o)
                0x00000000100021a8                _malloc_r
 .text.memset   0x0000000010002708       0xa4 /home/jcai/MaximSDK/Tools/GNUTools/10.3/bin/../lib/gcc/arm-none-eabi/10.3.1/../../../../arm-none-eabi/lib/thumb/v7e-m+fp/softfp/libc.a(lib_a-memset.o)
                0x0000000010002708                memset
 .text.__malloc_lock
                0x00000000100027ac        0xc /home/jcai/MaximSDK/Tools/GNUTools/10.3/bin/../lib/gcc/arm-none-eabi/10.3.1/../../../../arm-none-eabi/lib/thumb/v7e-m+fp/softfp/libc.a(lib_a-mlock.o)
                0x00000000100027ac                __malloc_lock
 .text.__malloc_unlock
                0x00000000100027b8        0xc /home/jcai/MaximSDK/Tools/GNUTools/10.3/bin/../lib/gcc/arm-none-eabi/10.3.1/../../../../arm-none-eabi/lib/thumb/v7e-m+fp/softfp/libc.a(lib_a-mlock.o)
                0x00000000100027b8                __malloc_unlock
 .text._sbrk_r  0x00000000100027c4       0x24 /home/jcai/MaximSDK/Tools/GNUTools/10.3/bin/../lib/gcc/arm-none-eabi/10.3.1/../../../../arm-none-eabi/lib/thumb/v7e-m+fp/softfp/libc.a(lib_a-sbrkr.o)
                0x00000000100027c4                _sbrk_r
 .text.startup.register_fini
                0x00000000100027e8       0x14 /home/jcai/MaximSDK/Tools/GNUTools/10.3/bin/../lib/gcc/arm-none-eabi/10.3.1/../../../../arm-none-eabi/lib/thumb/v7e-m+fp/softfp/libc.a(lib_a-__call_atexit.o)
 .text.atexit   0x00000000100027fc        0xc /home/jcai/MaximSDK/Tools/GNUTools/10.3/bin/../lib/gcc/arm-none-eabi/10.3.1/../../../../arm-none-eabi/lib/thumb/v7e-m+fp/softfp/libc.a(lib_a-atexit.o)
                0x00000000100027fc                atexit
 .text.__libc_fini_array
                0x0000000010002808       0x2c /home/jcai/MaximSDK/Tools/GNUTools/10.3/bin/../lib/gcc/arm-none-eabi/10.3.1/../../../../arm-none-eabi/lib/thumb/v7e-m+fp/softfp/libc.a(lib_a-fini.o)
                0x0000000010002808                __libc_fini_array
 .text._malloc_trim_r
                0x0000000010002834       0xa0 /home/jcai/MaximSDK/Tools/GNUTools/10.3/bin/../lib/gcc/arm-none-eabi/10.3.1/../../../../arm-none-eabi/lib/thumb/v7e-m+fp/softfp/libc.a(lib_a-freer.o)
                0x0000000010002834                _malloc_trim_r
 .text._free_r  0x00000000100028d4      0x20c /home/jcai/MaximSDK/Tools/GNUTools/10.3/bin/../lib/gcc/arm-none-eabi/10.3.1/../../../../arm-none-eabi/lib/thumb/v7e-m+fp/softfp/libc.a(lib_a-freer.o)
                0x00000000100028d4                _free_r
 .text.__retarget_lock_acquire_recursive
                0x0000000010002ae0        0x4 /home/jcai/MaximSDK/Tools/GNUTools/10.3/bin/../lib/gcc/arm-none-eabi/10.3.1/../../../../arm-none-eabi/lib/thumb/v7e-m+fp/softfp/libc.a(lib_a-lock.o)
                0x0000000010002ae0                __retarget_lock_acquire_recursive
 .text.__retarget_lock_release_recursive
                0x0000000010002ae4        0x4 /home/jcai/MaximSDK/Tools/GNUTools/10.3/bin/../lib/gcc/arm-none-eabi/10.3.1/../../../../arm-none-eabi/lib/thumb/v7e-m+fp/softfp/libc.a(lib_a-lock.o)
                0x0000000010002ae4                __retarget_lock_release_recursive
 .text.__register_exitproc
                0x0000000010002ae8       0x8c /home/jcai/MaximSDK/Tools/GNUTools/10.3/bin/../lib/gcc/arm-none-eabi/10.3.1/../../../../arm-none-eabi/lib/thumb/v7e-m+fp/softfp/libc.a(lib_a-__atexit.o)
                0x0000000010002ae8                __register_exitproc
 .text          0x0000000010002b74       0x30 /home/jcai/MaximSDK/Tools/GNUTools/10.3/bin/../lib/gcc/arm-none-eabi/10.3.1/thumb/v7e-m+fp/softfp/libgcc.a(_aeabi_uldivmod.o)
                0x0000000010002b74                __aeabi_uldivmod
 .text          0x0000000010002ba4      0x2d0 /home/jcai/MaximSDK/Tools/GNUTools/10.3/bin/../lib/gcc/arm-none-eabi/10.3.1/thumb/v7e-m+fp/softfp/libgcc.a(_udivmoddi4.o)
                0x0000000010002ba4                __udivmoddi4
 .text          0x0000000010002e74        0x4 /home/jcai/MaximSDK/Tools/GNUTools/10.3/bin/../lib/gcc/arm-none-eabi/10.3.1/thumb/v7e-m+fp/softfp/libgcc.a(_dvmd_tls.o)
                0x0000000010002e74                __aeabi_ldiv0
                0x0000000010002e74                __aeabi_idiv0
 *(.rodata*)
 .rodata        0x0000000010002e78       0x70 /home/jcai/Workspace/msdk/Examples/MAX32655/Bluetooth/example/BLT/build/buildbl/board.o
 .rodata.led_pin
                0x0000000010002ee8       0x54 /home/jcai/Workspace/msdk/Examples/MAX32655/Bluetooth/example/BLT/build/buildbl/board.o
                0x0000000010002ee8                led_pin
 .rodata.num_leds
                0x0000000010002f3c        0x4 /home/jcai/Workspace/msdk/Examples/MAX32655/Bluetooth/example/BLT/build/buildbl/board.o
                0x0000000010002f3c                num_leds
 .rodata.num_pbs
                0x0000000010002f40        0x4 /home/jcai/Workspace/msdk/Examples/MAX32655/Bluetooth/example/BLT/build/buildbl/board.o
                0x0000000010002f40                num_pbs
 .rodata.pb_pin
                0x0000000010002f44       0x18 /home/jcai/Workspace/msdk/Examples/MAX32655/Bluetooth/example/BLT/build/buildbl/board.o
                0x0000000010002f44                pb_pin
 .rodata.LED_On.str1.1
                0x0000000010002f5c       0x49 /home/jcai/Workspace/msdk/Examples/MAX32655/Bluetooth/example/BLT/build/buildbl/led.o
 .rodata.CSWTCH.58
                0x0000000010002fa5        0x3 /home/jcai/Workspace/msdk/Examples/MAX32655/Bluetooth/example/BLT/build/buildbl/w25.o
 .rodata.CSWTCH.68
                0x0000000010002fa8        0x3 /home/jcai/Workspace/msdk/Examples/MAX32655/Bluetooth/example/BLT/build/buildbl/w25.o
 .rodata.MXC_SPI_Init.str1.1
                0x0000000010002fab       0x5e /home/jcai/Workspace/msdk/Examples/MAX32655/Bluetooth/example/BLT/build/buildbl/PeriphDriver/libPeriphDriver_spi-v1_softfp.a(spi_me17.o)
 .rodata.MXC_SPI_RevA1_DMACallback.str1.1
                0x0000000010003009       0x5e /home/jcai/Workspace/msdk/Examples/MAX32655/Bluetooth/example/BLT/build/buildbl/PeriphDriver/libPeriphDriver_spi-v1_softfp.a(spi_reva1.o)
 .rodata.MXC_SPI_RevA1_TransSetup.str1.1
                0x0000000010003067       0x22 /home/jcai/Workspace/msdk/Examples/MAX32655/Bluetooth/example/BLT/build/buildbl/PeriphDriver/libPeriphDriver_spi-v1_softfp.a(spi_reva1.o)
 *fill*         0x0000000010003089        0x3 
 .rodata.gpio_cfg_extclk
                0x000000001000308c        0xc /home/jcai/Workspace/msdk/Examples/MAX32655/Bluetooth/example/BLT/build/buildbl/PeriphDriver/libPeriphDriver_spi-v1_softfp.a(pins_me17.o)
                0x000000001000308c                gpio_cfg_extclk
 .rodata.MXC_GPIO_Common_Handler.str1.1
                0x0000000010003098       0x73 /home/jcai/Workspace/msdk/Examples/MAX32655/Bluetooth/example/BLT/build/buildbl/PeriphDriver/libPeriphDriver_spi-v1_softfp.a(gpio_common.o)
 *fill*         0x000000001000310b        0x1 
 .rodata._global_impure_ptr
                0x000000001000310c        0x4 /home/jcai/MaximSDK/Tools/GNUTools/10.3/bin/../lib/gcc/arm-none-eabi/10.3.1/../../../../arm-none-eabi/lib/thumb/v7e-m+fp/softfp/libc.a(lib_a-impure.o)
                0x000000001000310c                _global_impure_ptr
 *(.init)
 .init          0x0000000010003110        0x4 /home/jcai/MaximSDK/Tools/GNUTools/10.3/bin/../lib/gcc/arm-none-eabi/10.3.1/thumb/v7e-m+fp/softfp/crti.o
                0x0000000010003110                _init
 .init          0x0000000010003114        0x8 /home/jcai/MaximSDK/Tools/GNUTools/10.3/bin/../lib/gcc/arm-none-eabi/10.3.1/thumb/v7e-m+fp/softfp/crtn.o
 *(.fini)
 .fini          0x000000001000311c        0x4 /home/jcai/MaximSDK/Tools/GNUTools/10.3/bin/../lib/gcc/arm-none-eabi/10.3.1/thumb/v7e-m+fp/softfp/crti.o
                0x000000001000311c                _fini
 .fini          0x0000000010003120        0x8 /home/jcai/MaximSDK/Tools/GNUTools/10.3/bin/../lib/gcc/arm-none-eabi/10.3.1/thumb/v7e-m+fp/softfp/crtn.o
 .fini.__stub   0x0000000010003128       0x18 linker stubs
 *(.eh_frame*)
 .eh_frame      0x0000000010003140        0x0 /home/jcai/MaximSDK/Tools/GNUTools/10.3/bin/../lib/gcc/arm-none-eabi/10.3.1/thumb/v7e-m+fp/softfp/crtbegin.o
 .eh_frame      0x0000000010003140        0x4 /home/jcai/MaximSDK/Tools/GNUTools/10.3/bin/../lib/gcc/arm-none-eabi/10.3.1/thumb/v7e-m+fp/softfp/crtend.o
                0x0000000010003144                _etext = .

.glue_7         0x0000000010003144        0x0
 .glue_7        0x0000000010003144        0x0 linker stubs

.glue_7t        0x0000000010003144        0x0
 .glue_7t       0x0000000010003144        0x0 linker stubs

.vfp11_veneer   0x0000000010003144        0x0
 .vfp11_veneer  0x0000000010003144        0x0 linker stubs

.v4_bx          0x0000000010003144        0x0
 .v4_bx         0x0000000010003144        0x0 linker stubs

.iplt           0x0000000010003144        0x0
 .iplt          0x0000000010003144        0x0 /home/jcai/MaximSDK/Tools/GNUTools/10.3/bin/../lib/gcc/arm-none-eabi/10.3.1/thumb/v7e-m+fp/softfp/crtbegin.o

.flash0         0x0000000010004000    0x3c000
                0x0000000010004000                _flash0 = ALIGN (., 0x4)
                0x0000000010040000                . = (. + FLASH_SECTION_LEN)
 *fill*         0x0000000010004000    0x3c000 
                0x0000000010040000                _eflash0 = ALIGN (., 0x4)

.flash1         0x0000000010040000    0x3c000
                0x0000000010040000                _flash1 = ALIGN (., 0x4)
                0x000000001007c000                . = (. + FLASH_SECTION_LEN)
 *fill*         0x0000000010040000    0x3c000 
                0x000000001007c000                _eflash1 = ALIGN (., 0x4)

.ARM.exidx      0x0000000010003144        0x8
                0x0000000010003144                __exidx_start = .
 *(.ARM.exidx*)
 .ARM.exidx     0x0000000010003144        0x8 /home/jcai/MaximSDK/Tools/GNUTools/10.3/bin/../lib/gcc/arm-none-eabi/10.3.1/thumb/v7e-m+fp/softfp/libgcc.a(_udivmoddi4.o)
                0x000000001000314c                __exidx_end = .

.rel.dyn        0x000000001000314c        0x0
 .rel.iplt      0x000000001000314c        0x0 /home/jcai/MaximSDK/Tools/GNUTools/10.3/bin/../lib/gcc/arm-none-eabi/10.3.1/thumb/v7e-m+fp/softfp/crtbegin.o

.data           0x0000000020000000      0xb14 load address 0x000000001000314c
                0x0000000020000000                _data = ALIGN (., 0x4)
 *(.data*)
 .data.SystemCoreClock
                0x0000000020000000        0x4 /home/jcai/Workspace/msdk/Examples/MAX32655/Bluetooth/example/BLT/build/buildbl/system_max32655.o
                0x0000000020000000                SystemCoreClock
 .data.overflows
                0x0000000020000004        0x4 /home/jcai/Workspace/msdk/Examples/MAX32655/Bluetooth/example/BLT/build/buildbl/PeriphDriver/libPeriphDriver_spi-v1_softfp.a(mxc_delay.o)
 .data._impure_ptr
                0x0000000020000008        0x4 /home/jcai/MaximSDK/Tools/GNUTools/10.3/bin/../lib/gcc/arm-none-eabi/10.3.1/../../../../arm-none-eabi/lib/thumb/v7e-m+fp/softfp/libc.a(lib_a-impure.o)
                0x0000000020000008                _impure_ptr
 *fill*         0x000000002000000c        0x4 
 .data.impure_data
                0x0000000020000010      0x428 /home/jcai/MaximSDK/Tools/GNUTools/10.3/bin/../lib/gcc/arm-none-eabi/10.3.1/../../../../arm-none-eabi/lib/thumb/v7e-m+fp/softfp/libc.a(lib_a-impure.o)
 .data.__malloc_av_
                0x0000000020000438      0x408 /home/jcai/MaximSDK/Tools/GNUTools/10.3/bin/../lib/gcc/arm-none-eabi/10.3.1/../../../../arm-none-eabi/lib/thumb/v7e-m+fp/softfp/libc.a(lib_a-mallocr.o)
                0x0000000020000438                __malloc_av_
 .data.__malloc_sbrk_base
                0x0000000020000840        0x4 /home/jcai/MaximSDK/Tools/GNUTools/10.3/bin/../lib/gcc/arm-none-eabi/10.3.1/../../../../arm-none-eabi/lib/thumb/v7e-m+fp/softfp/libc.a(lib_a-mallocr.o)
                0x0000000020000840                __malloc_sbrk_base
 .data.__malloc_trim_threshold
                0x0000000020000844        0x4 /home/jcai/MaximSDK/Tools/GNUTools/10.3/bin/../lib/gcc/arm-none-eabi/10.3.1/../../../../arm-none-eabi/lib/thumb/v7e-m+fp/softfp/libc.a(lib_a-mallocr.o)
                0x0000000020000844                __malloc_trim_threshold
 .data.__atexit_recursive_mutex
                0x0000000020000848        0x4 /home/jcai/MaximSDK/Tools/GNUTools/10.3/bin/../lib/gcc/arm-none-eabi/10.3.1/../../../../arm-none-eabi/lib/thumb/v7e-m+fp/softfp/libc.a(lib_a-__call_atexit.o)
                0x0000000020000848                __atexit_recursive_mutex
 *(.flashprog*)
 .flashprog     0x000000002000084c       0x6e /home/jcai/Workspace/msdk/Examples/MAX32655/Bluetooth/example/BLT/build/buildbl/PeriphDriver/libPeriphDriver_spi-v1_softfp.a(flc_me17.o)
                0x000000002000084c                MXC_FLC_Busy
                0x0000000020000850                MXC_FLC_PageErase
                0x0000000020000880                MXC_FLC_Write128
 *fill*         0x00000000200008ba        0x2 
 .flashprog     0x00000000200008bc      0x228 /home/jcai/Workspace/msdk/Examples/MAX32655/Bluetooth/example/BLT/build/buildbl/PeriphDriver/libPeriphDriver_spi-v1_softfp.a(flc_reva.o)
                0x00000000200008fc                MXC_FLC_RevA_Busy
                0x000000002000090c                MXC_FLC_RevA_MassErase
                0x000000002000094e                MXC_FLC_RevA_PageErase
                0x0000000020000994                MXC_FLC_RevA_Write32
                0x00000000200009f8                MXC_FLC_RevA_Write32Using128
                0x0000000020000a80                MXC_FLC_RevA_Write128
 *fill*         0x0000000020000ae4        0x4 
 .flashprog.__stub
                0x0000000020000ae8       0x20 linker stubs
                0x0000000020000b08                . = ALIGN (0x4)
                0x0000000020000b08                PROVIDE (__preinit_array_start = .)
 *(.preinit_array)
                0x0000000020000b08                PROVIDE (__preinit_array_end = .)
                0x0000000020000b08                . = ALIGN (0x4)
                0x0000000020000b08                PROVIDE (__init_array_start = .)
 *(SORT_BY_NAME(.init_array.*))
 .init_array.00000
                0x0000000020000b08        0x4 /home/jcai/MaximSDK/Tools/GNUTools/10.3/bin/../lib/gcc/arm-none-eabi/10.3.1/../../../../arm-none-eabi/lib/thumb/v7e-m+fp/softfp/libc.a(lib_a-__call_atexit.o)
 *(.init_array)
 .init_array    0x0000000020000b0c        0x4 /home/jcai/MaximSDK/Tools/GNUTools/10.3/bin/../lib/gcc/arm-none-eabi/10.3.1/thumb/v7e-m+fp/softfp/crtbegin.o
                0x0000000020000b10                PROVIDE (__init_array_end = .)
                0x0000000020000b10                . = ALIGN (0x4)
                0x0000000020000b10                PROVIDE (__fini_array_start = .)
 *(SORT_BY_NAME(.fini_array.*))
 *(.fini_array)
 .fini_array    0x0000000020000b10        0x4 /home/jcai/MaximSDK/Tools/GNUTools/10.3/bin/../lib/gcc/arm-none-eabi/10.3.1/thumb/v7e-m+fp/softfp/crtbegin.o
                0x0000000020000b14                PROVIDE (__fini_array_end = .)
                0x0000000020000b14                _edata = ALIGN (., 0x4)
                0x000000001000314c                __load_data = LOADADDR (.data)

.igot.plt       0x0000000020000b14        0x0 load address 0x0000000010003c60
 .igot.plt      0x0000000020000b14        0x0 /home/jcai/MaximSDK/Tools/GNUTools/10.3/bin/../lib/gcc/arm-none-eabi/10.3.1/thumb/v7e-m+fp/softfp/crtbegin.o

.bss            0x0000000020000b14      0x524 load address 0x0000000010003c60
                0x0000000020000b14                . = ALIGN (0x4)
                0x0000000020000b14                _bss = .
 *(.bss*)
 .bss           0x0000000020000b14       0x1c /home/jcai/MaximSDK/Tools/GNUTools/10.3/bin/../lib/gcc/arm-none-eabi/10.3.1/thumb/v7e-m+fp/softfp/crtbegin.o
 .bss.fileHeader
                0x0000000020000b30        0x8 /home/jcai/Workspace/msdk/Examples/MAX32655/Bluetooth/example/BLT/build/buildbl/main_ext.o
                0x0000000020000b30                fileHeader
 .bss.blen_pin  0x0000000020000b38        0xc /home/jcai/Workspace/msdk/Examples/MAX32655/Bluetooth/example/BLT/build/buildbl/tft_ssd2119.o
 .bss.g_spi_gpio
                0x0000000020000b44        0xc /home/jcai/Workspace/msdk/Examples/MAX32655/Bluetooth/example/BLT/build/buildbl/tft_ssd2119.o
 .bss.reset_pin
                0x0000000020000b50        0xc /home/jcai/Workspace/msdk/Examples/MAX32655/Bluetooth/example/BLT/build/buildbl/tft_ssd2119.o
 .bss.spi       0x0000000020000b5c        0x4 /home/jcai/Workspace/msdk/Examples/MAX32655/Bluetooth/example/BLT/build/buildbl/tft_ssd2119.o
 .bss.ssel      0x0000000020000b60        0x4 /home/jcai/Workspace/msdk/Examples/MAX32655/Bluetooth/example/BLT/build/buildbl/tft_ssd2119.o
 .bss.tft_spi_freq
                0x0000000020000b64        0x4 /home/jcai/Workspace/msdk/Examples/MAX32655/Bluetooth/example/BLT/build/buildbl/tft_ssd2119.o
 .bss.busy_gpio
                0x0000000020000b68        0xc /home/jcai/Workspace/msdk/Examples/MAX32655/Bluetooth/example/BLT/build/buildbl/tsc2046.o
 .bss.int_gpio  0x0000000020000b74        0xc /home/jcai/Workspace/msdk/Examples/MAX32655/Bluetooth/example/BLT/build/buildbl/tsc2046.o
 .bss.g_cfg     0x0000000020000b80       0x10 /home/jcai/Workspace/msdk/Examples/MAX32655/Bluetooth/example/BLT/build/buildbl/w25.o
 .bss.g_is_configured
                0x0000000020000b90        0x1 /home/jcai/Workspace/msdk/Examples/MAX32655/Bluetooth/example/BLT/build/buildbl/w25.o
 *fill*         0x0000000020000b91        0x3 
 .bss.heap_end  0x0000000020000b94        0x4 /home/jcai/Workspace/msdk/Examples/MAX32655/Bluetooth/example/BLT/build/buildbl/heap.o
 .bss.cbFunc    0x0000000020000b98        0x4 /home/jcai/Workspace/msdk/Examples/MAX32655/Bluetooth/example/BLT/build/buildbl/PeriphDriver/libPeriphDriver_spi-v1_softfp.a(mxc_delay.o)
 .bss.ctrl_save
                0x0000000020000b9c        0x4 /home/jcai/Workspace/msdk/Examples/MAX32655/Bluetooth/example/BLT/build/buildbl/PeriphDriver/libPeriphDriver_spi-v1_softfp.a(mxc_delay.o)
 .bss.endtick   0x0000000020000ba0        0x4 /home/jcai/Workspace/msdk/Examples/MAX32655/Bluetooth/example/BLT/build/buildbl/PeriphDriver/libPeriphDriver_spi-v1_softfp.a(mxc_delay.o)
 .bss.states    0x0000000020000ba4       0x50 /home/jcai/Workspace/msdk/Examples/MAX32655/Bluetooth/example/BLT/build/buildbl/PeriphDriver/libPeriphDriver_spi-v1_softfp.a(spi_reva1.o)
 .bss.callback  0x0000000020000bf4      0x200 /home/jcai/Workspace/msdk/Examples/MAX32655/Bluetooth/example/BLT/build/buildbl/PeriphDriver/libPeriphDriver_spi-v1_softfp.a(gpio_common.o)
 .bss.cbparam   0x0000000020000df4      0x200 /home/jcai/Workspace/msdk/Examples/MAX32655/Bluetooth/example/BLT/build/buildbl/PeriphDriver/libPeriphDriver_spi-v1_softfp.a(gpio_common.o)
 .bss.cfg_lock  0x0000000020000ff4        0x1 /home/jcai/Workspace/msdk/Examples/MAX32655/Bluetooth/example/BLT/build/buildbl/PeriphDriver/libPeriphDriver_spi-v1_softfp.a(gpio_common.o)
 .bss.initialized
                0x0000000020000ff5        0x1 /home/jcai/Workspace/msdk/Examples/MAX32655/Bluetooth/example/BLT/build/buildbl/PeriphDriver/libPeriphDriver_spi-v1_softfp.a(gpio_common.o)
 *fill*         0x0000000020000ff6        0x2 
 .bss.__malloc_current_mallinfo
                0x0000000020000ff8       0x28 /home/jcai/MaximSDK/Tools/GNUTools/10.3/bin/../lib/gcc/arm-none-eabi/10.3.1/../../../../arm-none-eabi/lib/thumb/v7e-m+fp/softfp/libc.a(lib_a-mallocr.o)
                0x0000000020000ff8                __malloc_current_mallinfo
 .bss.__malloc_max_sbrked_mem
                0x0000000020001020        0x4 /home/jcai/MaximSDK/Tools/GNUTools/10.3/bin/../lib/gcc/arm-none-eabi/10.3.1/../../../../arm-none-eabi/lib/thumb/v7e-m+fp/softfp/libc.a(lib_a-mallocr.o)
                0x0000000020001020                __malloc_max_sbrked_mem
 .bss.__malloc_max_total_mem
                0x0000000020001024        0x4 /home/jcai/MaximSDK/Tools/GNUTools/10.3/bin/../lib/gcc/arm-none-eabi/10.3.1/../../../../arm-none-eabi/lib/thumb/v7e-m+fp/softfp/libc.a(lib_a-mallocr.o)
                0x0000000020001024                __malloc_max_total_mem
 .bss.__malloc_top_pad
                0x0000000020001028        0x4 /home/jcai/MaximSDK/Tools/GNUTools/10.3/bin/../lib/gcc/arm-none-eabi/10.3.1/../../../../arm-none-eabi/lib/thumb/v7e-m+fp/softfp/libc.a(lib_a-mallocr.o)
                0x0000000020001028                __malloc_top_pad
 .bss.__lock___atexit_recursive_mutex
                0x000000002000102c        0x1 /home/jcai/MaximSDK/Tools/GNUTools/10.3/bin/../lib/gcc/arm-none-eabi/10.3.1/../../../../arm-none-eabi/lib/thumb/v7e-m+fp/softfp/libc.a(lib_a-lock.o)
                0x000000002000102c                __lock___atexit_recursive_mutex
 *fill*         0x000000002000102d        0x3 
 .bss.__lock___malloc_recursive_mutex
                0x0000000020001030        0x1 /home/jcai/MaximSDK/Tools/GNUTools/10.3/bin/../lib/gcc/arm-none-eabi/10.3.1/../../../../arm-none-eabi/lib/thumb/v7e-m+fp/softfp/libc.a(lib_a-lock.o)
                0x0000000020001030                __lock___malloc_recursive_mutex
 *fill*         0x0000000020001031        0x3 
 .bss.errno     0x0000000020001034        0x4 /home/jcai/MaximSDK/Tools/GNUTools/10.3/bin/../lib/gcc/arm-none-eabi/10.3.1/../../../../arm-none-eabi/lib/thumb/v7e-m+fp/softfp/libc.a(lib_a-reent.o)
                0x0000000020001034                errno
 *(COMMON)
                0x0000000020001038                _ebss = ALIGN (., 0x4)
                0x0000000020020000                __StackTop = (ORIGIN (SRAM) + LENGTH (SRAM))
                0x000000002001f000                __StackLimit = (__StackTop - SIZEOF (.stack_dummy))

.stack_dummy    0x0000000020001038     0x1000 load address 0x0000000010003c60
 *(.stack*)
 .stack         0x0000000020001038     0x1000 /home/jcai/Workspace/msdk/Examples/MAX32655/Bluetooth/example/BLT/build/buildbl/startup_max32655.o

.heap           0x0000000020001038      0xc00 load address 0x0000000010003c60
                0x0000000020001038                . = ALIGN (0x4)
 *(.heap*)
 .heap          0x0000000020001038      0xc00 /home/jcai/Workspace/msdk/Examples/MAX32655/Bluetooth/example/BLT/build/buildbl/startup_max32655.o
                0x0000000020001038                __HeapBase
                0x000000002001f000                __HeapLimit = ABSOLUTE (__StackLimit)
                0x0000000020020000                PROVIDE (__stack = __StackTop)
                0x0000000000000001                ASSERT ((__StackLimit >= _ebss), region RAM overflowed with stack)
OUTPUT(/home/jcai/Workspace/msdk/Examples/MAX32655/Bluetooth/example/BLT/build/buildbl/bootloader.elf elf32-littlearm)
LOAD linker stubs

.ARM.attributes
                0x0000000000000000       0x2e
 .ARM.attributes
                0x0000000000000000       0x1e /home/jcai/MaximSDK/Tools/GNUTools/10.3/bin/../lib/gcc/arm-none-eabi/10.3.1/thumb/v7e-m+fp/softfp/crti.o
 .ARM.attributes
                0x000000000000001e       0x32 /home/jcai/MaximSDK/Tools/GNUTools/10.3/bin/../lib/gcc/arm-none-eabi/10.3.1/thumb/v7e-m+fp/softfp/crtbegin.o
 .ARM.attributes
                0x0000000000000050       0x1b /home/jcai/Workspace/msdk/Examples/MAX32655/Bluetooth/example/BLT/build/buildbl/boot_lower.o
 .ARM.attributes
                0x000000000000006b       0x32 /home/jcai/Workspace/msdk/Examples/MAX32655/Bluetooth/example/BLT/build/buildbl/main_ext.o
 .ARM.attributes
                0x000000000000009d       0x32 /home/jcai/Workspace/msdk/Examples/MAX32655/Bluetooth/example/BLT/build/buildbl/board.o
 .ARM.attributes
                0x00000000000000cf       0x32 /home/jcai/Workspace/msdk/Examples/MAX32655/Bluetooth/example/BLT/build/buildbl/led.o
 .ARM.attributes
                0x0000000000000101       0x32 /home/jcai/Workspace/msdk/Examples/MAX32655/Bluetooth/example/BLT/build/buildbl/pb.o
 .ARM.attributes
                0x0000000000000133       0x32 /home/jcai/Workspace/msdk/Examples/MAX32655/Bluetooth/example/BLT/build/buildbl/tft_ssd2119.o
 .ARM.attributes
                0x0000000000000165       0x32 /home/jcai/Workspace/msdk/Examples/MAX32655/Bluetooth/example/BLT/build/buildbl/tsc2046.o
 .ARM.attributes
                0x0000000000000197       0x32 /home/jcai/Workspace/msdk/Examples/MAX32655/Bluetooth/example/BLT/build/buildbl/w25.o
 .ARM.attributes
                0x00000000000001c9       0x1b /home/jcai/Workspace/msdk/Examples/MAX32655/Bluetooth/example/BLT/build/buildbl/startup_max32655.o
 .ARM.attributes
                0x00000000000001e4       0x32 /home/jcai/Workspace/msdk/Examples/MAX32655/Bluetooth/example/BLT/build/buildbl/heap.o
 .ARM.attributes
                0x0000000000000216       0x32 /home/jcai/Workspace/msdk/Examples/MAX32655/Bluetooth/example/BLT/build/buildbl/system_max32655.o
 .ARM.attributes
                0x0000000000000248       0x32 /home/jcai/Workspace/msdk/Examples/MAX32655/Bluetooth/example/BLT/build/buildbl/PeriphDriver/libPeriphDriver_spi-v1_softfp.a(mxc_delay.o)
 .ARM.attributes
                0x000000000000027a       0x32 /home/jcai/Workspace/msdk/Examples/MAX32655/Bluetooth/example/BLT/build/buildbl/PeriphDriver/libPeriphDriver_spi-v1_softfp.a(sys_me17.o)
 .ARM.attributes
                0x00000000000002ac       0x32 /home/jcai/Workspace/msdk/Examples/MAX32655/Bluetooth/example/BLT/build/buildbl/PeriphDriver/libPeriphDriver_spi-v1_softfp.a(flc_me17.o)
 .ARM.attributes
                0x00000000000002de       0x32 /home/jcai/Workspace/msdk/Examples/MAX32655/Bluetooth/example/BLT/build/buildbl/PeriphDriver/libPeriphDriver_spi-v1_softfp.a(flc_reva.o)
 .ARM.attributes
                0x0000000000000310       0x32 /home/jcai/Workspace/msdk/Examples/MAX32655/Bluetooth/example/BLT/build/buildbl/PeriphDriver/libPeriphDriver_spi-v1_softfp.a(gpio_me17.o)
 .ARM.attributes
                0x0000000000000342       0x32 /home/jcai/Workspace/msdk/Examples/MAX32655/Bluetooth/example/BLT/build/buildbl/PeriphDriver/libPeriphDriver_spi-v1_softfp.a(gpio_reva.o)
 .ARM.attributes
                0x0000000000000374       0x32 /home/jcai/Workspace/msdk/Examples/MAX32655/Bluetooth/example/BLT/build/buildbl/PeriphDriver/libPeriphDriver_spi-v1_softfp.a(icc_me17.o)
 .ARM.attributes
                0x00000000000003a6       0x32 /home/jcai/Workspace/msdk/Examples/MAX32655/Bluetooth/example/BLT/build/buildbl/PeriphDriver/libPeriphDriver_spi-v1_softfp.a(icc_reva.o)
 .ARM.attributes
                0x00000000000003d8       0x32 /home/jcai/Workspace/msdk/Examples/MAX32655/Bluetooth/example/BLT/build/buildbl/PeriphDriver/libPeriphDriver_spi-v1_softfp.a(simo_me17.o)
 .ARM.attributes
                0x000000000000040a       0x32 /home/jcai/Workspace/msdk/Examples/MAX32655/Bluetooth/example/BLT/build/buildbl/PeriphDriver/libPeriphDriver_spi-v1_softfp.a(simo_reva.o)
 .ARM.attributes
                0x000000000000043c       0x32 /home/jcai/Workspace/msdk/Examples/MAX32655/Bluetooth/example/BLT/build/buildbl/PeriphDriver/libPeriphDriver_spi-v1_softfp.a(spi_me17.o)
 .ARM.attributes
                0x000000000000046e       0x32 /home/jcai/Workspace/msdk/Examples/MAX32655/Bluetooth/example/BLT/build/buildbl/PeriphDriver/libPeriphDriver_spi-v1_softfp.a(spi_reva1.o)
 .ARM.attributes
                0x00000000000004a0       0x32 /home/jcai/Workspace/msdk/Examples/MAX32655/Bluetooth/example/BLT/build/buildbl/PeriphDriver/libPeriphDriver_spi-v1_softfp.a(mxc_lock.o)
 .ARM.attributes
                0x00000000000004d2       0x32 /home/jcai/Workspace/msdk/Examples/MAX32655/Bluetooth/example/BLT/build/buildbl/PeriphDriver/libPeriphDriver_spi-v1_softfp.a(pins_me17.o)
 .ARM.attributes
                0x0000000000000504       0x32 /home/jcai/Workspace/msdk/Examples/MAX32655/Bluetooth/example/BLT/build/buildbl/PeriphDriver/libPeriphDriver_spi-v1_softfp.a(gpio_common.o)
 .ARM.attributes
                0x0000000000000536       0x32 /home/jcai/MaximSDK/Tools/GNUTools/10.3/bin/../lib/gcc/arm-none-eabi/10.3.1/../../../../arm-none-eabi/lib/thumb/v7e-m+fp/softfp/libc.a(lib_a-errno.o)
 .ARM.attributes
                0x0000000000000568       0x32 /home/jcai/MaximSDK/Tools/GNUTools/10.3/bin/../lib/gcc/arm-none-eabi/10.3.1/../../../../arm-none-eabi/lib/thumb/v7e-m+fp/softfp/libc.a(lib_a-impure.o)
 .ARM.attributes
                0x000000000000059a       0x32 /home/jcai/MaximSDK/Tools/GNUTools/10.3/bin/../lib/gcc/arm-none-eabi/10.3.1/../../../../arm-none-eabi/lib/thumb/v7e-m+fp/softfp/libc.a(lib_a-init.o)
 .ARM.attributes
                0x00000000000005cc       0x32 /home/jcai/MaximSDK/Tools/GNUTools/10.3/bin/../lib/gcc/arm-none-eabi/10.3.1/../../../../arm-none-eabi/lib/thumb/v7e-m+fp/softfp/libc.a(lib_a-malloc.o)
 .ARM.attributes
                0x00000000000005fe       0x32 /home/jcai/MaximSDK/Tools/GNUTools/10.3/bin/../lib/gcc/arm-none-eabi/10.3.1/../../../../arm-none-eabi/lib/thumb/v7e-m+fp/softfp/libc.a(lib_a-mallocr.o)
 .ARM.attributes
                0x0000000000000630       0x32 /home/jcai/MaximSDK/Tools/GNUTools/10.3/bin/../lib/gcc/arm-none-eabi/10.3.1/../../../../arm-none-eabi/lib/thumb/v7e-m+fp/softfp/libc.a(lib_a-memset.o)
 .ARM.attributes
                0x0000000000000662       0x32 /home/jcai/MaximSDK/Tools/GNUTools/10.3/bin/../lib/gcc/arm-none-eabi/10.3.1/../../../../arm-none-eabi/lib/thumb/v7e-m+fp/softfp/libc.a(lib_a-mlock.o)
 .ARM.attributes
                0x0000000000000694       0x32 /home/jcai/MaximSDK/Tools/GNUTools/10.3/bin/../lib/gcc/arm-none-eabi/10.3.1/../../../../arm-none-eabi/lib/thumb/v7e-m+fp/softfp/libc.a(lib_a-sbrkr.o)
 .ARM.attributes
                0x00000000000006c6       0x32 /home/jcai/MaximSDK/Tools/GNUTools/10.3/bin/../lib/gcc/arm-none-eabi/10.3.1/../../../../arm-none-eabi/lib/thumb/v7e-m+fp/softfp/libc.a(lib_a-__call_atexit.o)
 .ARM.attributes
                0x00000000000006f8       0x32 /home/jcai/MaximSDK/Tools/GNUTools/10.3/bin/../lib/gcc/arm-none-eabi/10.3.1/../../../../arm-none-eabi/lib/thumb/v7e-m+fp/softfp/libc.a(lib_a-atexit.o)
 .ARM.attributes
                0x000000000000072a       0x32 /home/jcai/MaximSDK/Tools/GNUTools/10.3/bin/../lib/gcc/arm-none-eabi/10.3.1/../../../../arm-none-eabi/lib/thumb/v7e-m+fp/softfp/libc.a(lib_a-fini.o)
 .ARM.attributes
                0x000000000000075c       0x32 /home/jcai/MaximSDK/Tools/GNUTools/10.3/bin/../lib/gcc/arm-none-eabi/10.3.1/../../../../arm-none-eabi/lib/thumb/v7e-m+fp/softfp/libc.a(lib_a-freer.o)
 .ARM.attributes
                0x000000000000078e       0x32 /home/jcai/MaximSDK/Tools/GNUTools/10.3/bin/../lib/gcc/arm-none-eabi/10.3.1/../../../../arm-none-eabi/lib/thumb/v7e-m+fp/softfp/libc.a(lib_a-lock.o)
 .ARM.attributes
                0x00000000000007c0       0x32 /home/jcai/MaximSDK/Tools/GNUTools/10.3/bin/../lib/gcc/arm-none-eabi/10.3.1/../../../../arm-none-eabi/lib/thumb/v7e-m+fp/softfp/libc.a(lib_a-reent.o)
 .ARM.attributes
                0x00000000000007f2       0x32 /home/jcai/MaximSDK/Tools/GNUTools/10.3/bin/../lib/gcc/arm-none-eabi/10.3.1/../../../../arm-none-eabi/lib/thumb/v7e-m+fp/softfp/libc.a(lib_a-__atexit.o)
 .ARM.attributes
                0x0000000000000824       0x1e /home/jcai/MaximSDK/Tools/GNUTools/10.3/bin/../lib/gcc/arm-none-eabi/10.3.1/thumb/v7e-m+fp/softfp/libgcc.a(_aeabi_uldivmod.o)
 .ARM.attributes
                0x0000000000000842       0x32 /home/jcai/MaximSDK/Tools/GNUTools/10.3/bin/../lib/gcc/arm-none-eabi/10.3.1/thumb/v7e-m+fp/softfp/libgcc.a(_udivmoddi4.o)
 .ARM.attributes
                0x0000000000000874       0x1e /home/jcai/MaximSDK/Tools/GNUTools/10.3/bin/../lib/gcc/arm-none-eabi/10.3.1/thumb/v7e-m+fp/softfp/libgcc.a(_dvmd_tls.o)
 .ARM.attributes
                0x0000000000000892       0x32 /home/jcai/MaximSDK/Tools/GNUTools/10.3/bin/../lib/gcc/arm-none-eabi/10.3.1/thumb/v7e-m+fp/softfp/crtend.o
 .ARM.attributes
                0x00000000000008c4       0x1e /home/jcai/MaximSDK/Tools/GNUTools/10.3/bin/../lib/gcc/arm-none-eabi/10.3.1/thumb/v7e-m+fp/softfp/crtn.o

.comment        0x0000000000000000       0x49
 .comment       0x0000000000000000       0x49 /home/jcai/Workspace/msdk/Examples/MAX32655/Bluetooth/example/BLT/build/buildbl/main_ext.o
                                         0x4a (size before relaxing)
 .comment       0x0000000000000049       0x4a /home/jcai/Workspace/msdk/Examples/MAX32655/Bluetooth/example/BLT/build/buildbl/board.o
 .comment       0x0000000000000049       0x4a /home/jcai/Workspace/msdk/Examples/MAX32655/Bluetooth/example/BLT/build/buildbl/led.o
 .comment       0x0000000000000049       0x4a /home/jcai/Workspace/msdk/Examples/MAX32655/Bluetooth/example/BLT/build/buildbl/pb.o
 .comment       0x0000000000000049       0x4a /home/jcai/Workspace/msdk/Examples/MAX32655/Bluetooth/example/BLT/build/buildbl/tft_ssd2119.o
 .comment       0x0000000000000049       0x4a /home/jcai/Workspace/msdk/Examples/MAX32655/Bluetooth/example/BLT/build/buildbl/tsc2046.o
 .comment       0x0000000000000049       0x4a /home/jcai/Workspace/msdk/Examples/MAX32655/Bluetooth/example/BLT/build/buildbl/w25.o
 .comment       0x0000000000000049       0x4a /home/jcai/Workspace/msdk/Examples/MAX32655/Bluetooth/example/BLT/build/buildbl/heap.o
 .comment       0x0000000000000049       0x4a /home/jcai/Workspace/msdk/Examples/MAX32655/Bluetooth/example/BLT/build/buildbl/system_max32655.o
 .comment       0x0000000000000049       0x4a /home/jcai/Workspace/msdk/Examples/MAX32655/Bluetooth/example/BLT/build/buildbl/PeriphDriver/libPeriphDriver_spi-v1_softfp.a(mxc_delay.o)
 .comment       0x0000000000000049       0x4a /home/jcai/Workspace/msdk/Examples/MAX32655/Bluetooth/example/BLT/build/buildbl/PeriphDriver/libPeriphDriver_spi-v1_softfp.a(sys_me17.o)
 .comment       0x0000000000000049       0x4a /home/jcai/Workspace/msdk/Examples/MAX32655/Bluetooth/example/BLT/build/buildbl/PeriphDriver/libPeriphDriver_spi-v1_softfp.a(flc_me17.o)
 .comment       0x0000000000000049       0x4a /home/jcai/Workspace/msdk/Examples/MAX32655/Bluetooth/example/BLT/build/buildbl/PeriphDriver/libPeriphDriver_spi-v1_softfp.a(flc_reva.o)
 .comment       0x0000000000000049       0x4a /home/jcai/Workspace/msdk/Examples/MAX32655/Bluetooth/example/BLT/build/buildbl/PeriphDriver/libPeriphDriver_spi-v1_softfp.a(gpio_me17.o)
 .comment       0x0000000000000049       0x4a /home/jcai/Workspace/msdk/Examples/MAX32655/Bluetooth/example/BLT/build/buildbl/PeriphDriver/libPeriphDriver_spi-v1_softfp.a(gpio_reva.o)
 .comment       0x0000000000000049       0x4a /home/jcai/Workspace/msdk/Examples/MAX32655/Bluetooth/example/BLT/build/buildbl/PeriphDriver/libPeriphDriver_spi-v1_softfp.a(icc_me17.o)
 .comment       0x0000000000000049       0x4a /home/jcai/Workspace/msdk/Examples/MAX32655/Bluetooth/example/BLT/build/buildbl/PeriphDriver/libPeriphDriver_spi-v1_softfp.a(icc_reva.o)
 .comment       0x0000000000000049       0x4a /home/jcai/Workspace/msdk/Examples/MAX32655/Bluetooth/example/BLT/build/buildbl/PeriphDriver/libPeriphDriver_spi-v1_softfp.a(simo_me17.o)
 .comment       0x0000000000000049       0x4a /home/jcai/Workspace/msdk/Examples/MAX32655/Bluetooth/example/BLT/build/buildbl/PeriphDriver/libPeriphDriver_spi-v1_softfp.a(simo_reva.o)
 .comment       0x0000000000000049       0x4a /home/jcai/Workspace/msdk/Examples/MAX32655/Bluetooth/example/BLT/build/buildbl/PeriphDriver/libPeriphDriver_spi-v1_softfp.a(spi_me17.o)
 .comment       0x0000000000000049       0x4a /home/jcai/Workspace/msdk/Examples/MAX32655/Bluetooth/example/BLT/build/buildbl/PeriphDriver/libPeriphDriver_spi-v1_softfp.a(spi_reva1.o)
 .comment       0x0000000000000049       0x4a /home/jcai/Workspace/msdk/Examples/MAX32655/Bluetooth/example/BLT/build/buildbl/PeriphDriver/libPeriphDriver_spi-v1_softfp.a(mxc_lock.o)
 .comment       0x0000000000000049       0x4a /home/jcai/Workspace/msdk/Examples/MAX32655/Bluetooth/example/BLT/build/buildbl/PeriphDriver/libPeriphDriver_spi-v1_softfp.a(pins_me17.o)
 .comment       0x0000000000000049       0x4a /home/jcai/Workspace/msdk/Examples/MAX32655/Bluetooth/example/BLT/build/buildbl/PeriphDriver/libPeriphDriver_spi-v1_softfp.a(gpio_common.o)

.debug_info     0x0000000000000000     0xb196
 .debug_info    0x0000000000000000      0x3a8 /home/jcai/Workspace/msdk/Examples/MAX32655/Bluetooth/example/BLT/build/buildbl/PeriphDriver/libPeriphDriver_spi-v1_softfp.a(mxc_delay.o)
 .debug_info    0x00000000000003a8     0x11ce /home/jcai/Workspace/msdk/Examples/MAX32655/Bluetooth/example/BLT/build/buildbl/PeriphDriver/libPeriphDriver_spi-v1_softfp.a(sys_me17.o)
 .debug_info    0x0000000000001576      0xd4d /home/jcai/Workspace/msdk/Examples/MAX32655/Bluetooth/example/BLT/build/buildbl/PeriphDriver/libPeriphDriver_spi-v1_softfp.a(flc_me17.o)
 .debug_info    0x00000000000022c3      0x9f6 /home/jcai/Workspace/msdk/Examples/MAX32655/Bluetooth/example/BLT/build/buildbl/PeriphDriver/libPeriphDriver_spi-v1_softfp.a(flc_reva.o)
 .debug_info    0x0000000000002cb9     0x146e /home/jcai/Workspace/msdk/Examples/MAX32655/Bluetooth/example/BLT/build/buildbl/PeriphDriver/libPeriphDriver_spi-v1_softfp.a(gpio_me17.o)
 .debug_info    0x0000000000004127      0xb14 /home/jcai/Workspace/msdk/Examples/MAX32655/Bluetooth/example/BLT/build/buildbl/PeriphDriver/libPeriphDriver_spi-v1_softfp.a(gpio_reva.o)
 .debug_info    0x0000000000004c3b      0x3b9 /home/jcai/Workspace/msdk/Examples/MAX32655/Bluetooth/example/BLT/build/buildbl/PeriphDriver/libPeriphDriver_spi-v1_softfp.a(icc_me17.o)
 .debug_info    0x0000000000004ff4      0x298 /home/jcai/Workspace/msdk/Examples/MAX32655/Bluetooth/example/BLT/build/buildbl/PeriphDriver/libPeriphDriver_spi-v1_softfp.a(icc_reva.o)
 .debug_info    0x000000000000528c      0x55f /home/jcai/Workspace/msdk/Examples/MAX32655/Bluetooth/example/BLT/build/buildbl/PeriphDriver/libPeriphDriver_spi-v1_softfp.a(simo_me17.o)
 .debug_info    0x00000000000057eb      0x49e /home/jcai/Workspace/msdk/Examples/MAX32655/Bluetooth/example/BLT/build/buildbl/PeriphDriver/libPeriphDriver_spi-v1_softfp.a(simo_reva.o)
 .debug_info    0x0000000000005c89     0x200e /home/jcai/Workspace/msdk/Examples/MAX32655/Bluetooth/example/BLT/build/buildbl/PeriphDriver/libPeriphDriver_spi-v1_softfp.a(spi_me17.o)
 .debug_info    0x0000000000007c97     0x2214 /home/jcai/Workspace/msdk/Examples/MAX32655/Bluetooth/example/BLT/build/buildbl/PeriphDriver/libPeriphDriver_spi-v1_softfp.a(spi_reva1.o)
 .debug_info    0x0000000000009eab      0x211 /home/jcai/Workspace/msdk/Examples/MAX32655/Bluetooth/example/BLT/build/buildbl/PeriphDriver/libPeriphDriver_spi-v1_softfp.a(mxc_lock.o)
 .debug_info    0x000000000000a0bc      0x9ff /home/jcai/Workspace/msdk/Examples/MAX32655/Bluetooth/example/BLT/build/buildbl/PeriphDriver/libPeriphDriver_spi-v1_softfp.a(pins_me17.o)
 .debug_info    0x000000000000aabb      0x6db /home/jcai/Workspace/msdk/Examples/MAX32655/Bluetooth/example/BLT/build/buildbl/PeriphDriver/libPeriphDriver_spi-v1_softfp.a(gpio_common.o)

.debug_abbrev   0x0000000000000000     0x2004
 .debug_abbrev  0x0000000000000000      0x216 /home/jcai/Workspace/msdk/Examples/MAX32655/Bluetooth/example/BLT/build/buildbl/PeriphDriver/libPeriphDriver_spi-v1_softfp.a(mxc_delay.o)
 .debug_abbrev  0x0000000000000216      0x3a9 /home/jcai/Workspace/msdk/Examples/MAX32655/Bluetooth/example/BLT/build/buildbl/PeriphDriver/libPeriphDriver_spi-v1_softfp.a(sys_me17.o)
 .debug_abbrev  0x00000000000005bf      0x2cf /home/jcai/Workspace/msdk/Examples/MAX32655/Bluetooth/example/BLT/build/buildbl/PeriphDriver/libPeriphDriver_spi-v1_softfp.a(flc_me17.o)
 .debug_abbrev  0x000000000000088e      0x2ca /home/jcai/Workspace/msdk/Examples/MAX32655/Bluetooth/example/BLT/build/buildbl/PeriphDriver/libPeriphDriver_spi-v1_softfp.a(flc_reva.o)
 .debug_abbrev  0x0000000000000b58      0x2ec /home/jcai/Workspace/msdk/Examples/MAX32655/Bluetooth/example/BLT/build/buildbl/PeriphDriver/libPeriphDriver_spi-v1_softfp.a(gpio_me17.o)
 .debug_abbrev  0x0000000000000e44      0x157 /home/jcai/Workspace/msdk/Examples/MAX32655/Bluetooth/example/BLT/build/buildbl/PeriphDriver/libPeriphDriver_spi-v1_softfp.a(gpio_reva.o)
 .debug_abbrev  0x0000000000000f9b      0x1e0 /home/jcai/Workspace/msdk/Examples/MAX32655/Bluetooth/example/BLT/build/buildbl/PeriphDriver/libPeriphDriver_spi-v1_softfp.a(icc_me17.o)
 .debug_abbrev  0x000000000000117b      0x1a7 /home/jcai/Workspace/msdk/Examples/MAX32655/Bluetooth/example/BLT/build/buildbl/PeriphDriver/libPeriphDriver_spi-v1_softfp.a(icc_reva.o)
 .debug_abbrev  0x0000000000001322       0xf6 /home/jcai/Workspace/msdk/Examples/MAX32655/Bluetooth/example/BLT/build/buildbl/PeriphDriver/libPeriphDriver_spi-v1_softfp.a(simo_me17.o)
 .debug_abbrev  0x0000000000001418      0x111 /home/jcai/Workspace/msdk/Examples/MAX32655/Bluetooth/example/BLT/build/buildbl/PeriphDriver/libPeriphDriver_spi-v1_softfp.a(simo_reva.o)
 .debug_abbrev  0x0000000000001529      0x299 /home/jcai/Workspace/msdk/Examples/MAX32655/Bluetooth/example/BLT/build/buildbl/PeriphDriver/libPeriphDriver_spi-v1_softfp.a(spi_me17.o)
 .debug_abbrev  0x00000000000017c2      0x420 /home/jcai/Workspace/msdk/Examples/MAX32655/Bluetooth/example/BLT/build/buildbl/PeriphDriver/libPeriphDriver_spi-v1_softfp.a(spi_reva1.o)
 .debug_abbrev  0x0000000000001be2      0x135 /home/jcai/Workspace/msdk/Examples/MAX32655/Bluetooth/example/BLT/build/buildbl/PeriphDriver/libPeriphDriver_spi-v1_softfp.a(mxc_lock.o)
 .debug_abbrev  0x0000000000001d17       0xd0 /home/jcai/Workspace/msdk/Examples/MAX32655/Bluetooth/example/BLT/build/buildbl/PeriphDriver/libPeriphDriver_spi-v1_softfp.a(pins_me17.o)
 .debug_abbrev  0x0000000000001de7      0x21d /home/jcai/Workspace/msdk/Examples/MAX32655/Bluetooth/example/BLT/build/buildbl/PeriphDriver/libPeriphDriver_spi-v1_softfp.a(gpio_common.o)

.debug_loc      0x0000000000000000     0x4fcf
 .debug_loc     0x0000000000000000      0x198 /home/jcai/Workspace/msdk/Examples/MAX32655/Bluetooth/example/BLT/build/buildbl/PeriphDriver/libPeriphDriver_spi-v1_softfp.a(mxc_delay.o)
 .debug_loc     0x0000000000000198      0x568 /home/jcai/Workspace/msdk/Examples/MAX32655/Bluetooth/example/BLT/build/buildbl/PeriphDriver/libPeriphDriver_spi-v1_softfp.a(sys_me17.o)
 .debug_loc     0x0000000000000700      0x6f9 /home/jcai/Workspace/msdk/Examples/MAX32655/Bluetooth/example/BLT/build/buildbl/PeriphDriver/libPeriphDriver_spi-v1_softfp.a(flc_me17.o)
 .debug_loc     0x0000000000000df9      0x797 /home/jcai/Workspace/msdk/Examples/MAX32655/Bluetooth/example/BLT/build/buildbl/PeriphDriver/libPeriphDriver_spi-v1_softfp.a(flc_reva.o)
 .debug_loc     0x0000000000001590      0xaae /home/jcai/Workspace/msdk/Examples/MAX32655/Bluetooth/example/BLT/build/buildbl/PeriphDriver/libPeriphDriver_spi-v1_softfp.a(gpio_me17.o)
 .debug_loc     0x000000000000203e      0x3bf /home/jcai/Workspace/msdk/Examples/MAX32655/Bluetooth/example/BLT/build/buildbl/PeriphDriver/libPeriphDriver_spi-v1_softfp.a(gpio_reva.o)
 .debug_loc     0x00000000000023fd      0x127 /home/jcai/Workspace/msdk/Examples/MAX32655/Bluetooth/example/BLT/build/buildbl/PeriphDriver/libPeriphDriver_spi-v1_softfp.a(icc_me17.o)
 .debug_loc     0x0000000000002524       0xc3 /home/jcai/Workspace/msdk/Examples/MAX32655/Bluetooth/example/BLT/build/buildbl/PeriphDriver/libPeriphDriver_spi-v1_softfp.a(icc_reva.o)
 .debug_loc     0x00000000000025e7       0xc8 /home/jcai/Workspace/msdk/Examples/MAX32655/Bluetooth/example/BLT/build/buildbl/PeriphDriver/libPeriphDriver_spi-v1_softfp.a(simo_me17.o)
 .debug_loc     0x00000000000026af      0x330 /home/jcai/Workspace/msdk/Examples/MAX32655/Bluetooth/example/BLT/build/buildbl/PeriphDriver/libPeriphDriver_spi-v1_softfp.a(simo_reva.o)
 .debug_loc     0x00000000000029df      0xd82 /home/jcai/Workspace/msdk/Examples/MAX32655/Bluetooth/example/BLT/build/buildbl/PeriphDriver/libPeriphDriver_spi-v1_softfp.a(spi_me17.o)
 .debug_loc     0x0000000000003761     0x169b /home/jcai/Workspace/msdk/Examples/MAX32655/Bluetooth/example/BLT/build/buildbl/PeriphDriver/libPeriphDriver_spi-v1_softfp.a(spi_reva1.o)
 .debug_loc     0x0000000000004dfc       0xc0 /home/jcai/Workspace/msdk/Examples/MAX32655/Bluetooth/example/BLT/build/buildbl/PeriphDriver/libPeriphDriver_spi-v1_softfp.a(mxc_lock.o)
 .debug_loc     0x0000000000004ebc      0x113 /home/jcai/Workspace/msdk/Examples/MAX32655/Bluetooth/example/BLT/build/buildbl/PeriphDriver/libPeriphDriver_spi-v1_softfp.a(gpio_common.o)

.debug_aranges  0x0000000000000000      0x870
 .debug_aranges
                0x0000000000000000       0x50 /home/jcai/Workspace/msdk/Examples/MAX32655/Bluetooth/example/BLT/build/buildbl/PeriphDriver/libPeriphDriver_spi-v1_softfp.a(mxc_delay.o)
 .debug_aranges
                0x0000000000000050       0xb8 /home/jcai/Workspace/msdk/Examples/MAX32655/Bluetooth/example/BLT/build/buildbl/PeriphDriver/libPeriphDriver_spi-v1_softfp.a(sys_me17.o)
 .debug_aranges
                0x0000000000000108       0xc0 /home/jcai/Workspace/msdk/Examples/MAX32655/Bluetooth/example/BLT/build/buildbl/PeriphDriver/libPeriphDriver_spi-v1_softfp.a(flc_me17.o)
 .debug_aranges
                0x00000000000001c8       0xa0 /home/jcai/Workspace/msdk/Examples/MAX32655/Bluetooth/example/BLT/build/buildbl/PeriphDriver/libPeriphDriver_spi-v1_softfp.a(flc_reva.o)
 .debug_aranges
                0x0000000000000268       0xd8 /home/jcai/Workspace/msdk/Examples/MAX32655/Bluetooth/example/BLT/build/buildbl/PeriphDriver/libPeriphDriver_spi-v1_softfp.a(gpio_me17.o)
 .debug_aranges
                0x0000000000000340       0xa0 /home/jcai/Workspace/msdk/Examples/MAX32655/Bluetooth/example/BLT/build/buildbl/PeriphDriver/libPeriphDriver_spi-v1_softfp.a(gpio_reva.o)
 .debug_aranges
                0x00000000000003e0       0x38 /home/jcai/Workspace/msdk/Examples/MAX32655/Bluetooth/example/BLT/build/buildbl/PeriphDriver/libPeriphDriver_spi-v1_softfp.a(icc_me17.o)
 .debug_aranges
                0x0000000000000418       0x30 /home/jcai/Workspace/msdk/Examples/MAX32655/Bluetooth/example/BLT/build/buildbl/PeriphDriver/libPeriphDriver_spi-v1_softfp.a(icc_reva.o)
 .debug_aranges
                0x0000000000000448       0x58 /home/jcai/Workspace/msdk/Examples/MAX32655/Bluetooth/example/BLT/build/buildbl/PeriphDriver/libPeriphDriver_spi-v1_softfp.a(simo_me17.o)
 .debug_aranges
                0x00000000000004a0       0x58 /home/jcai/Workspace/msdk/Examples/MAX32655/Bluetooth/example/BLT/build/buildbl/PeriphDriver/libPeriphDriver_spi-v1_softfp.a(simo_reva.o)
 .debug_aranges
                0x00000000000004f8      0x170 /home/jcai/Workspace/msdk/Examples/MAX32655/Bluetooth/example/BLT/build/buildbl/PeriphDriver/libPeriphDriver_spi-v1_softfp.a(spi_me17.o)
 .debug_aranges
                0x0000000000000668      0x188 /home/jcai/Workspace/msdk/Examples/MAX32655/Bluetooth/example/BLT/build/buildbl/PeriphDriver/libPeriphDriver_spi-v1_softfp.a(spi_reva1.o)
 .debug_aranges
                0x00000000000007f0       0x28 /home/jcai/Workspace/msdk/Examples/MAX32655/Bluetooth/example/BLT/build/buildbl/PeriphDriver/libPeriphDriver_spi-v1_softfp.a(mxc_lock.o)
 .debug_aranges
                0x0000000000000818       0x18 /home/jcai/Workspace/msdk/Examples/MAX32655/Bluetooth/example/BLT/build/buildbl/PeriphDriver/libPeriphDriver_spi-v1_softfp.a(pins_me17.o)
 .debug_aranges
                0x0000000000000830       0x40 /home/jcai/Workspace/msdk/Examples/MAX32655/Bluetooth/example/BLT/build/buildbl/PeriphDriver/libPeriphDriver_spi-v1_softfp.a(gpio_common.o)

.debug_ranges   0x0000000000000000      0x8a8
 .debug_ranges  0x0000000000000000       0x40 /home/jcai/Workspace/msdk/Examples/MAX32655/Bluetooth/example/BLT/build/buildbl/PeriphDriver/libPeriphDriver_spi-v1_softfp.a(mxc_delay.o)
 .debug_ranges  0x0000000000000040       0xc0 /home/jcai/Workspace/msdk/Examples/MAX32655/Bluetooth/example/BLT/build/buildbl/PeriphDriver/libPeriphDriver_spi-v1_softfp.a(sys_me17.o)
 .debug_ranges  0x0000000000000100       0xb0 /home/jcai/Workspace/msdk/Examples/MAX32655/Bluetooth/example/BLT/build/buildbl/PeriphDriver/libPeriphDriver_spi-v1_softfp.a(flc_me17.o)
 .debug_ranges  0x00000000000001b0       0x90 /home/jcai/Workspace/msdk/Examples/MAX32655/Bluetooth/example/BLT/build/buildbl/PeriphDriver/libPeriphDriver_spi-v1_softfp.a(flc_reva.o)
 .debug_ranges  0x0000000000000240       0xe0 /home/jcai/Workspace/msdk/Examples/MAX32655/Bluetooth/example/BLT/build/buildbl/PeriphDriver/libPeriphDriver_spi-v1_softfp.a(gpio_me17.o)
 .debug_ranges  0x0000000000000320       0x90 /home/jcai/Workspace/msdk/Examples/MAX32655/Bluetooth/example/BLT/build/buildbl/PeriphDriver/libPeriphDriver_spi-v1_softfp.a(gpio_reva.o)
 .debug_ranges  0x00000000000003b0       0x40 /home/jcai/Workspace/msdk/Examples/MAX32655/Bluetooth/example/BLT/build/buildbl/PeriphDriver/libPeriphDriver_spi-v1_softfp.a(icc_me17.o)
 .debug_ranges  0x00000000000003f0       0x20 /home/jcai/Workspace/msdk/Examples/MAX32655/Bluetooth/example/BLT/build/buildbl/PeriphDriver/libPeriphDriver_spi-v1_softfp.a(icc_reva.o)
 .debug_ranges  0x0000000000000410       0x48 /home/jcai/Workspace/msdk/Examples/MAX32655/Bluetooth/example/BLT/build/buildbl/PeriphDriver/libPeriphDriver_spi-v1_softfp.a(simo_me17.o)
 .debug_ranges  0x0000000000000458       0x48 /home/jcai/Workspace/msdk/Examples/MAX32655/Bluetooth/example/BLT/build/buildbl/PeriphDriver/libPeriphDriver_spi-v1_softfp.a(simo_reva.o)
 .debug_ranges  0x00000000000004a0      0x178 /home/jcai/Workspace/msdk/Examples/MAX32655/Bluetooth/example/BLT/build/buildbl/PeriphDriver/libPeriphDriver_spi-v1_softfp.a(spi_me17.o)
 .debug_ranges  0x0000000000000618      0x248 /home/jcai/Workspace/msdk/Examples/MAX32655/Bluetooth/example/BLT/build/buildbl/PeriphDriver/libPeriphDriver_spi-v1_softfp.a(spi_reva1.o)
 .debug_ranges  0x0000000000000860       0x18 /home/jcai/Workspace/msdk/Examples/MAX32655/Bluetooth/example/BLT/build/buildbl/PeriphDriver/libPeriphDriver_spi-v1_softfp.a(mxc_lock.o)
 .debug_ranges  0x0000000000000878       0x30 /home/jcai/Workspace/msdk/Examples/MAX32655/Bluetooth/example/BLT/build/buildbl/PeriphDriver/libPeriphDriver_spi-v1_softfp.a(gpio_common.o)

.debug_macro    0x0000000000000000     0x8a4f
 .debug_macro   0x0000000000000000      0x12f /home/jcai/Workspace/msdk/Examples/MAX32655/Bluetooth/example/BLT/build/buildbl/PeriphDriver/libPeriphDriver_spi-v1_softfp.a(mxc_delay.o)